Archive member included to satisfy reference by file (symbol)

c:/progra~1/raspbe~1/picosd~1.1/gcc-ar~1/bin/../lib/gcc/arm-none-eabi/10.3.1/thumb/v6-m/nofp\libgcc.a(_dvmd_tls.o)
                              CMakeFiles/pulsox.dir/C_/Program_Files/Raspberry_Pi/Pico_SDK_v1.5.1/pico-sdk/src/rp2_common/pico_divider/divider.S.obj (__aeabi_idiv0)
c:/progra~1/raspbe~1/picosd~1.1/gcc-ar~1/bin/../lib/gcc/arm-none-eabi/10.3.1/../../../../arm-none-eabi/lib/thumb/v6-m/nofp\libg.a(lib_a-calloc.o)
                              CMakeFiles/pulsox.dir/C_/Program_Files/Raspberry_Pi/Pico_SDK_v1.5.1/pico-sdk/src/rp2_common/pico_malloc/pico_malloc.c.obj (calloc)
c:/progra~1/raspbe~1/picosd~1.1/gcc-ar~1/bin/../lib/gcc/arm-none-eabi/10.3.1/../../../../arm-none-eabi/lib/thumb/v6-m/nofp\libg.a(lib_a-callocr.o)
                              c:/progra~1/raspbe~1/picosd~1.1/gcc-ar~1/bin/../lib/gcc/arm-none-eabi/10.3.1/../../../../arm-none-eabi/lib/thumb/v6-m/nofp\libg.a(lib_a-calloc.o) (_calloc_r)
c:/progra~1/raspbe~1/picosd~1.1/gcc-ar~1/bin/../lib/gcc/arm-none-eabi/10.3.1/../../../../arm-none-eabi/lib/thumb/v6-m/nofp\libg.a(lib_a-errno.o)
                              c:/progra~1/raspbe~1/picosd~1.1/gcc-ar~1/bin/../lib/gcc/arm-none-eabi/10.3.1/../../../../arm-none-eabi/lib/thumb/v6-m/nofp\libg.a(lib_a-callocr.o) (__errno)
c:/progra~1/raspbe~1/picosd~1.1/gcc-ar~1/bin/../lib/gcc/arm-none-eabi/10.3.1/../../../../arm-none-eabi/lib/thumb/v6-m/nofp\libg.a(lib_a-impure.o)
                              c:/progra~1/raspbe~1/picosd~1.1/gcc-ar~1/bin/../lib/gcc/arm-none-eabi/10.3.1/../../../../arm-none-eabi/lib/thumb/v6-m/nofp\libg.a(lib_a-calloc.o) (_impure_ptr)
c:/progra~1/raspbe~1/picosd~1.1/gcc-ar~1/bin/../lib/gcc/arm-none-eabi/10.3.1/../../../../arm-none-eabi/lib/thumb/v6-m/nofp\libg.a(lib_a-init.o)
                              c:/progra~1/raspbe~1/picosd~1.1/gcc-ar~1/bin/../lib/gcc/arm-none-eabi/10.3.1/../../../../arm-none-eabi/lib/thumb/v6-m/nofp/crt0.o (__libc_init_array)
c:/progra~1/raspbe~1/picosd~1.1/gcc-ar~1/bin/../lib/gcc/arm-none-eabi/10.3.1/../../../../arm-none-eabi/lib/thumb/v6-m/nofp\libg.a(lib_a-malloc.o)
                              CMakeFiles/pulsox.dir/C_/Program_Files/Raspberry_Pi/Pico_SDK_v1.5.1/pico-sdk/src/rp2_common/pico_malloc/pico_malloc.c.obj (malloc)
c:/progra~1/raspbe~1/picosd~1.1/gcc-ar~1/bin/../lib/gcc/arm-none-eabi/10.3.1/../../../../arm-none-eabi/lib/thumb/v6-m/nofp\libg.a(lib_a-mallocr.o)
                              c:/progra~1/raspbe~1/picosd~1.1/gcc-ar~1/bin/../lib/gcc/arm-none-eabi/10.3.1/../../../../arm-none-eabi/lib/thumb/v6-m/nofp\libg.a(lib_a-callocr.o) (_malloc_r)
c:/progra~1/raspbe~1/picosd~1.1/gcc-ar~1/bin/../lib/gcc/arm-none-eabi/10.3.1/../../../../arm-none-eabi/lib/thumb/v6-m/nofp\libg.a(lib_a-memcmp.o)
                              CMakeFiles/pulsox.dir/C_/Program_Files/Raspberry_Pi/Pico_SDK_v1.5.1/pico-sdk/lib/cyw43-driver/src/cyw43_ll.c.obj (memcmp)
c:/progra~1/raspbe~1/picosd~1.1/gcc-ar~1/bin/../lib/gcc/arm-none-eabi/10.3.1/../../../../arm-none-eabi/lib/thumb/v6-m/nofp\libg.a(lib_a-memmove.o)
                              CMakeFiles/pulsox.dir/C_/Program_Files/Raspberry_Pi/Pico_SDK_v1.5.1/pico-sdk/lib/cyw43-driver/src/cyw43_ll.c.obj (memmove)
c:/progra~1/raspbe~1/picosd~1.1/gcc-ar~1/bin/../lib/gcc/arm-none-eabi/10.3.1/../../../../arm-none-eabi/lib/thumb/v6-m/nofp\libg.a(lib_a-mlock.o)
                              c:/progra~1/raspbe~1/picosd~1.1/gcc-ar~1/bin/../lib/gcc/arm-none-eabi/10.3.1/../../../../arm-none-eabi/lib/thumb/v6-m/nofp\libg.a(lib_a-mallocr.o) (__malloc_lock)
c:/progra~1/raspbe~1/picosd~1.1/gcc-ar~1/bin/../lib/gcc/arm-none-eabi/10.3.1/../../../../arm-none-eabi/lib/thumb/v6-m/nofp\libg.a(lib_a-realloc.o)
                              CMakeFiles/pulsox.dir/C_/Program_Files/Raspberry_Pi/Pico_SDK_v1.5.1/pico-sdk/src/rp2_common/pico_malloc/pico_malloc.c.obj (realloc)
c:/progra~1/raspbe~1/picosd~1.1/gcc-ar~1/bin/../lib/gcc/arm-none-eabi/10.3.1/../../../../arm-none-eabi/lib/thumb/v6-m/nofp\libg.a(lib_a-reallocr.o)
                              c:/progra~1/raspbe~1/picosd~1.1/gcc-ar~1/bin/../lib/gcc/arm-none-eabi/10.3.1/../../../../arm-none-eabi/lib/thumb/v6-m/nofp\libg.a(lib_a-realloc.o) (_realloc_r)
c:/progra~1/raspbe~1/picosd~1.1/gcc-ar~1/bin/../lib/gcc/arm-none-eabi/10.3.1/../../../../arm-none-eabi/lib/thumb/v6-m/nofp\libg.a(lib_a-sbrkr.o)
                              c:/progra~1/raspbe~1/picosd~1.1/gcc-ar~1/bin/../lib/gcc/arm-none-eabi/10.3.1/../../../../arm-none-eabi/lib/thumb/v6-m/nofp\libg.a(lib_a-mallocr.o) (_sbrk_r)
c:/progra~1/raspbe~1/picosd~1.1/gcc-ar~1/bin/../lib/gcc/arm-none-eabi/10.3.1/../../../../arm-none-eabi/lib/thumb/v6-m/nofp\libg.a(lib_a-strlen-stub.o)
                              CMakeFiles/pulsox.dir/C_/Program_Files/Raspberry_Pi/Pico_SDK_v1.5.1/pico-sdk/src/rp2_common/pico_stdio/stdio.c.obj (strlen)
c:/progra~1/raspbe~1/picosd~1.1/gcc-ar~1/bin/../lib/gcc/arm-none-eabi/10.3.1/../../../../arm-none-eabi/lib/thumb/v6-m/nofp\libg.a(lib_a-strncmp.o)
[...]
Memory Configuration

Name             Origin             Length             Attributes
FLASH            0x10000000         0x00200000         xr
RAM              0x20000000         0x00040000         xrw
SCRATCH_X        0x20040000         0x00001000         xrw
SCRATCH_Y        0x20041000         0x00001000         xrw
*default*        0x00000000         0xffffffff

Linker script and memory map

LOAD c:/progra~1/raspbe~1/picosd~1.1/gcc-ar~1/bin/../lib/gcc/arm-none-eabi/10.3.1/thumb/v6-m/nofp/crti.o
LOAD c:/progra~1/raspbe~1/picosd~1.1/gcc-ar~1/bin/../lib/gcc/arm-none-eabi/10.3.1/thumb/v6-m/nofp/crtbegin.o
LOAD c:/progra~1/raspbe~1/picosd~1.1/gcc-ar~1/bin/../lib/gcc/arm-none-eabi/10.3.1/../../../../arm-none-eabi/lib/thumb/v6-m/nofp/crt0.o

.flash_begin    0x10000000        0x0
                0x10000000                __flash_binary_start = .

.boot2          0x10000000      0x100
                0x10000000                __boot2_start__ = .
 *(.boot2)
 .boot2         0x10000000      0x100 C:\Users\mrozt\AppData\Local\Temp\cczPZ7jt.o
                0x10000100                __boot2_end__ = .
                0x00000001                ASSERT (((__boot2_end__ - __boot2_start__) == 0x100), ERROR: Pico second stage bootloader must be 256 bytes in size)

.text           0x10000100     0xa2f0
                0x10000100                __logical_binary_start = .
 *(.vectors)
 .vectors       0x10000100       0xd4 CMakeFiles/pulsox.dir/C_/Program_Files/Raspberry_Pi/Pico_SDK_v1.5.1/pico-sdk/src/rp2_common/pico_standard_link/crt0.S.obj
                0x10000100                __VECTOR_TABLE
                0x10000100                __vectors
                0x100001c0                isr_invalid
                0x100001c0                __default_isrs_start
                0x100001c2                isr_nmi
                0x100001c4                isr_hardfault
                0x100001c6                isr_svcall
                0x100001c8                isr_pendsv
                0x100001ca                isr_systick
                0x100001cc                isr_irq23
                0x100001cc                isr_irq18
                0x100001cc                isr_irq11
                0x100001cc                isr_irq28
                0x100001cc                isr_irq19
                0x100001cc                isr_irq0
                0x100001cc                isr_irq6
                0x100001cc                isr_irq5
                0x100001cc                isr_irq12
                0x100001cc                isr_irq22
                0x100001cc                isr_irq31
                0x100001cc                isr_irq17
                0x100001cc                isr_irq27
                0x100001cc                isr_irq30
                0x100001cc                isr_irq2
                0x100001cc                isr_irq10
                0x100001cc                isr_irq8
                0x100001cc                isr_irq24
                0x100001cc                isr_irq1
                0x100001cc                isr_irq7
                0x100001cc                isr_irq21
                0x100001cc                isr_irq20
                0x100001cc                isr_irq15
                0x100001cc                isr_irq25
                0x100001cc                isr_irq13
                0x100001cc                __unhandled_user_irq
                0x100001cc                isr_irq4
                0x100001cc                isr_irq16
                0x100001cc                isr_irq29
                0x100001cc                isr_irq26
                0x100001cc                __default_isrs_end
                0x100001cc                isr_irq3
                0x100001cc                isr_irq14
                0x100001cc                isr_irq9
                0x100001d2                unhandled_user_irq_num_in_r0
 *(.binary_info_header)
 .binary_info_header
                0x100001d4       0x14 CMakeFiles/pulsox.dir/C_/Program_Files/Raspberry_Pi/Pico_SDK_v1.5.1/pico-sdk/src/rp2_common/pico_standard_link/crt0.S.obj
                0x100001e8                __binary_info_header_end = .
 *(.reset)
 .reset         0x100001e8       0xa0 CMakeFiles/pulsox.dir/C_/Program_Files/Raspberry_Pi/Pico_SDK_v1.5.1/pico-sdk/src/rp2_common/pico_standard_link/crt0.S.obj
                0x100001e8                _entry_point
 .reset         0x10000288       0x30 CMakeFiles/pulsox.dir/C_/Program_Files/Raspberry_Pi/Pico_SDK_v1.5.1/pico-sdk/src/rp2_common/pico_standard_link/binary_info.c.obj
 *(.init)
 .init          0x100002b8        0x4 c:/progra~1/raspbe~1/picosd~1.1/gcc-ar~1/bin/../lib/gcc/arm-none-eabi/10.3.1/thumb/v6-m/nofp/crti.o
                0x100002b8                _init
 *(EXCLUDE_FILE(*libm.a: *libc.a:*lib_a-mem*.o *libgcc.a:) .text*)
 .text          0x100002bc       0x48 c:/progra~1/raspbe~1/picosd~1.1/gcc-ar~1/bin/../lib/gcc/arm-none-eabi/10.3.1/thumb/v6-m/nofp/crtbegin.o
 .text.main     0x10000304       0x90 CMakeFiles/pulsox.dir/main.c.obj
                0x10000304                main
 .text.bus_scan
                0x10000394       0x3c CMakeFiles/pulsox.dir/i2c_ox.c.obj
                0x10000394                bus_scan
 .text.blink    0x100003d0       0x24 CMakeFiles/pulsox.dir/blink.c.obj
                0x100003d0                blink
 .text.gpio_set_function
                0x100003f4       0x30 CMakeFiles/pulsox.dir/C_/Program_Files/Raspberry_Pi/Pico_SDK_v1.5.1/pico-sdk/src/rp2_common/hardware_gpio/gpio.c.obj
                0x100003f4                gpio_set_function
 .text.gpio_set_pulls
                0x10000424       0x34 CMakeFiles/pulsox.dir/C_/Program_Files/Raspberry_Pi/Pico_SDK_v1.5.1/pico-sdk/src/rp2_common/hardware_gpio/gpio.c.obj
                0x10000424                gpio_set_pulls
 .text.gpio_set_input_hysteresis_enabled
                0x10000458       0x30 CMakeFiles/pulsox.dir/C_/Program_Files/Raspberry_Pi/Pico_SDK_v1.5.1/pico-sdk/src/rp2_common/hardware_gpio/gpio.c.obj
                0x10000458                gpio_set_input_hysteresis_enabled
 .text.gpio_add_raw_irq_handler_with_order_priority_masked
                0x10000488       0x40 CMakeFiles/pulsox.dir/C_/Program_Files/Raspberry_Pi/Pico_SDK_v1.5.1/pico-sdk/src/rp2_common/hardware_gpio/gpio.c.obj
                0x10000488                gpio_add_raw_irq_handler_with_order_priority_masked
 .text.gpio_remove_raw_irq_handler_masked
                0x100004c8       0x48 CMakeFiles/pulsox.dir/C_/Program_Files/Raspberry_Pi/Pico_SDK_v1.5.1/pico-sdk/src/rp2_common/hardware_gpio/gpio.c.obj
                0x100004c8                gpio_remove_raw_irq_handler_masked
 .text.gpio_acknowledge_irq
                0x10000510       0x18 CMakeFiles/pulsox.dir/C_/Program_Files/Raspberry_Pi/Pico_SDK_v1.5.1/pico-sdk/src/rp2_common/hardware_gpio/gpio.c.obj
                0x10000510                gpio_acknowledge_irq
 .text._gpio_set_irq_enabled
                0x10000528       0x34 CMakeFiles/pulsox.dir/C_/Program_Files/Raspberry_Pi/Pico_SDK_v1.5.1/pico-sdk/src/rp2_common/hardware_gpio/gpio.c.obj
 .text.gpio_set_irq_enabled
                0x1000055c       0x20 CMakeFiles/pulsox.dir/C_/Program_Files/Raspberry_Pi/Pico_SDK_v1.5.1/pico-sdk/src/rp2_common/hardware_gpio/gpio.c.obj
                0x1000055c                gpio_set_irq_enabled
 .text.gpio_init
                0x1000057c       0x16 CMakeFiles/pulsox.dir/C_/Program_Files/Raspberry_Pi/Pico_SDK_v1.5.1/pico-sdk/src/rp2_common/hardware_gpio/gpio.c.obj
                0x1000057c                gpio_init
 *fill*         0x10000592        0x2 
 .text.running_on_fpga
                0x10000594       0x14 CMakeFiles/pulsox.dir/C_/Program_Files/Raspberry_Pi/Pico_SDK_v1.5.1/pico-sdk/src/rp2_common/pico_platform/platform.c.obj
                0x10000594                running_on_fpga
 .text.hw_claim_lock
                0x100005a8       0x18 CMakeFiles/pulsox.dir/C_/Program_Files/Raspberry_Pi/Pico_SDK_v1.5.1/pico-sdk/src/rp2_common/hardware_claim/claim.c.obj
                0x100005a8                hw_claim_lock
 .text.hw_claim_unlock
                0x100005c0       0x14 CMakeFiles/pulsox.dir/C_/Program_Files/Raspberry_Pi/Pico_SDK_v1.5.1/pico-sdk/src/rp2_common/hardware_claim/claim.c.obj
                0x100005c0                hw_claim_unlock
 .text.hw_claim_or_assert
                0x100005d4       0x32 CMakeFiles/pulsox.dir/C_/Program_Files/Raspberry_Pi/Pico_SDK_v1.5.1/pico-sdk/src/rp2_common/hardware_claim/claim.c.obj
                0x100005d4                hw_claim_or_assert
 .text.hw_claim_unused_from_range
                0x10000606       0x50 CMakeFiles/pulsox.dir/C_/Program_Files/Raspberry_Pi/Pico_SDK_v1.5.1/pico-sdk/src/rp2_common/hardware_claim/claim.c.obj
                0x10000606                hw_claim_unused_from_range
 *fill*         0x10000656        0x2 
 .text.hw_claim_clear
                0x10000658       0x40 CMakeFiles/pulsox.dir/C_/Program_Files/Raspberry_Pi/Pico_SDK_v1.5.1/pico-sdk/src/rp2_common/hardware_claim/claim.c.obj
                0x10000658                hw_claim_clear
 .text.spin_locks_reset
                0x10000698       0x20 CMakeFiles/pulsox.dir/C_/Program_Files/Raspberry_Pi/Pico_SDK_v1.5.1/pico-sdk/src/rp2_common/hardware_sync/sync.c.obj
                0x10000698                spin_locks_reset
 .text.next_striped_spin_lock_num
                0x100006b8       0x1c CMakeFiles/pulsox.dir/C_/Program_Files/Raspberry_Pi/Pico_SDK_v1.5.1/pico-sdk/src/rp2_common/hardware_sync/sync.c.obj
                0x100006b8                next_striped_spin_lock_num
 .text.spin_lock_claim_unused
                0x100006d4       0x20 CMakeFiles/pulsox.dir/C_/Program_Files/Raspberry_Pi/Pico_SDK_v1.5.1/pico-sdk/src/rp2_common/hardware_sync/sync.c.obj
                0x100006d4                spin_lock_claim_unused
 .text.set_raw_irq_handler_and_unlock
                0x100006f4       0x28 CMakeFiles/pulsox.dir/C_/Program_Files/Raspberry_Pi/Pico_SDK_v1.5.1/pico-sdk/src/rp2_common/hardware_irq/irq.c.obj
 .text.get_user_irq_claim_index
                0x1000071c        0x6 CMakeFiles/pulsox.dir/C_/Program_Files/Raspberry_Pi/Pico_SDK_v1.5.1/pico-sdk/src/rp2_common/hardware_irq/irq.c.obj
 *fill*         0x10000722        0x2 
 .text.make_branch
                0x10000724       0x48 CMakeFiles/pulsox.dir/C_/Program_Files/Raspberry_Pi/Pico_SDK_v1.5.1/pico-sdk/src/rp2_common/hardware_irq/irq.c.obj
 .text.insert_branch_and_link
                0x1000076c       0x40 CMakeFiles/pulsox.dir/C_/Program_Files/Raspberry_Pi/Pico_SDK_v1.5.1/pico-sdk/src/rp2_common/hardware_irq/irq.c.obj
 .text.irq_is_enabled
                0x100007ac       0x18 CMakeFiles/pulsox.dir/C_/Program_Files/Raspberry_Pi/Pico_SDK_v1.5.1/pico-sdk/src/rp2_common/hardware_irq/irq.c.obj
                0x100007ac                irq_is_enabled
 .text.irq_set_mask_enabled
                0x100007c4       0x20 CMakeFiles/pulsox.dir/C_/Program_Files/Raspberry_Pi/Pico_SDK_v1.5.1/pico-sdk/src/rp2_common/hardware_irq/irq.c.obj
                0x100007c4                irq_set_mask_enabled
 .text.irq_set_enabled
                0x100007e4        0xe CMakeFiles/pulsox.dir/C_/Program_Files/Raspberry_Pi/Pico_SDK_v1.5.1/pico-sdk/src/rp2_common/hardware_irq/irq.c.obj
                0x100007e4                irq_set_enabled
 *fill*         0x100007f2        0x2 
 .text.irq_set_pending
                0x100007f4       0x10 CMakeFiles/pulsox.dir/C_/Program_Files/Raspberry_Pi/Pico_SDK_v1.5.1/pico-sdk/src/rp2_common/hardware_irq/irq.c.obj
                0x100007f4                irq_set_pending
 .text.irq_get_vtable_handler
                0x10000804       0x10 CMakeFiles/pulsox.dir/C_/Program_Files/Raspberry_Pi/Pico_SDK_v1.5.1/pico-sdk/src/rp2_common/hardware_irq/irq.c.obj
                0x10000804                irq_get_vtable_handler
 .text.irq_has_shared_handler
                0x10000814       0x24 CMakeFiles/pulsox.dir/C_/Program_Files/Raspberry_Pi/Pico_SDK_v1.5.1/pico-sdk/src/rp2_common/hardware_irq/irq.c.obj
                0x10000814                irq_has_shared_handler
 .text.irq_set_exclusive_handler
                0x10000838       0x54 CMakeFiles/pulsox.dir/C_/Program_Files/Raspberry_Pi/Pico_SDK_v1.5.1/pico-sdk/src/rp2_common/hardware_irq/irq.c.obj
                0x10000838                irq_set_exclusive_handler
 .text.irq_add_shared_handler
                0x1000088c      0x234 CMakeFiles/pulsox.dir/C_/Program_Files/Raspberry_Pi/Pico_SDK_v1.5.1/pico-sdk/src/rp2_common/hardware_irq/irq.c.obj
                0x1000088c                irq_add_shared_handler
 .text.irq_remove_handler
                0x10000ac0      0x1ac CMakeFiles/pulsox.dir/C_/Program_Files/Raspberry_Pi/Pico_SDK_v1.5.1/pico-sdk/src/rp2_common/hardware_irq/irq.c.obj
                0x10000ac0                irq_remove_handler
 .text.irq_set_priority
                0x10000c6c       0x28 CMakeFiles/pulsox.dir/C_/Program_Files/Raspberry_Pi/Pico_SDK_v1.5.1/pico-sdk/src/rp2_common/hardware_irq/irq.c.obj
                0x10000c6c                irq_set_priority
 .text.irq_add_tail_to_free_list
                0x10000c94       0xf0 CMakeFiles/pulsox.dir/C_/Program_Files/Raspberry_Pi/Pico_SDK_v1.5.1/pico-sdk/src/rp2_common/hardware_irq/irq.c.obj
                0x10000c94                irq_add_tail_to_free_list
 .text.irq_init_priorities
                0x10000d84       0x1c CMakeFiles/pulsox.dir/C_/Program_Files/Raspberry_Pi/Pico_SDK_v1.5.1/pico-sdk/src/rp2_common/hardware_irq/irq.c.obj
                0x10000d84                irq_init_priorities
 .text.user_irq_unclaim
                0x10000da0       0x14 CMakeFiles/pulsox.dir/C_/Program_Files/Raspberry_Pi/Pico_SDK_v1.5.1/pico-sdk/src/rp2_common/hardware_irq/irq.c.obj
                0x10000da0                user_irq_unclaim
 .text.user_irq_claim_unused
                0x10000db4       0x28 CMakeFiles/pulsox.dir/C_/Program_Files/Raspberry_Pi/Pico_SDK_v1.5.1/pico-sdk/src/rp2_common/hardware_irq/irq.c.obj
                0x10000db4                user_irq_claim_unused
 .text.sem_init
                0x10000ddc       0x1e CMakeFiles/pulsox.dir/C_/Program_Files/Raspberry_Pi/Pico_SDK_v1.5.1/pico-sdk/src/common/pico_sync/sem.c.obj
                0x10000ddc                sem_init
 *fill*         0x10000dfa        0x2 
 .text.lock_init
                0x10000dfc       0x10 CMakeFiles/pulsox.dir/C_/Program_Files/Raspberry_Pi/Pico_SDK_v1.5.1/pico-sdk/src/common/pico_sync/lock_core.c.obj
                0x10000dfc                lock_init
 .text.mutex_init
                0x10000e0c       0x1a CMakeFiles/pulsox.dir/C_/Program_Files/Raspberry_Pi/Pico_SDK_v1.5.1/pico-sdk/src/common/pico_sync/mutex.c.obj
                0x10000e0c                mutex_init
 .text.recursive_mutex_init
                0x10000e26       0x1e CMakeFiles/pulsox.dir/C_/Program_Files/Raspberry_Pi/Pico_SDK_v1.5.1/pico-sdk/src/common/pico_sync/mutex.c.obj
                0x10000e26                recursive_mutex_init
 .text.critical_section_init_with_lock_num
                0x10000e44       0x14 CMakeFiles/pulsox.dir/C_/Program_Files/Raspberry_Pi/Pico_SDK_v1.5.1/pico-sdk/src/common/pico_sync/critical_section.c.obj
                0x10000e44                critical_section_init_with_lock_num
 .text.critical_section_init
                0x10000e58       0x14 CMakeFiles/pulsox.dir/C_/Program_Files/Raspberry_Pi/Pico_SDK_v1.5.1/pico-sdk/src/common/pico_sync/critical_section.c.obj
                0x10000e58                critical_section_init
 .text.alarm_pool_post_alloc_init
                0x10000e6c       0x40 CMakeFiles/pulsox.dir/C_/Program_Files/Raspberry_Pi/Pico_SDK_v1.5.1/pico-sdk/src/common/pico_time/time.c.obj
 .text.sleep_until_callback
                0x10000eac       0x30 CMakeFiles/pulsox.dir/C_/Program_Files/Raspberry_Pi/Pico_SDK_v1.5.1/pico-sdk/src/common/pico_time/time.c.obj
 .text.timer_pool_entry_comparator
                0x10000edc       0x7c CMakeFiles/pulsox.dir/C_/Program_Files/Raspberry_Pi/Pico_SDK_v1.5.1/pico-sdk/src/common/pico_time/time.c.obj
                0x10000edc                timer_pool_entry_comparator
 .text.ph_add_child_node
                0x10000f58       0xa4 CMakeFiles/pulsox.dir/C_/Program_Files/Raspberry_Pi/Pico_SDK_v1.5.1/pico-sdk/src/common/pico_time/time.c.obj
 .text.ph_merge_nodes
                0x10000ffc       0x3e CMakeFiles/pulsox.dir/C_/Program_Files/Raspberry_Pi/Pico_SDK_v1.5.1/pico-sdk/src/common/pico_time/time.c.obj
 *fill*         0x1000103a        0x2 
 .text.add_alarm_under_lock
                0x1000103c      0x174 CMakeFiles/pulsox.dir/C_/Program_Files/Raspberry_Pi/Pico_SDK_v1.5.1/pico-sdk/src/common/pico_time/time.c.obj
 .text.alarm_pool_alarm_callback
                0x100011b0      0x33c CMakeFiles/pulsox.dir/C_/Program_Files/Raspberry_Pi/Pico_SDK_v1.5.1/pico-sdk/src/common/pico_time/time.c.obj
 .text.alarm_pool_init_default
                0x100014ec       0x40 CMakeFiles/pulsox.dir/C_/Program_Files/Raspberry_Pi/Pico_SDK_v1.5.1/pico-sdk/src/common/pico_time/time.c.obj
                0x100014ec                alarm_pool_init_default
 .text.alarm_pool_get_default
                0x1000152c       0x2c CMakeFiles/pulsox.dir/C_/Program_Files/Raspberry_Pi/Pico_SDK_v1.5.1/pico-sdk/src/common/pico_time/time.c.obj
                0x1000152c                alarm_pool_get_default
 .text.alarm_pool_add_alarm_at
                0x10001558      0x168 CMakeFiles/pulsox.dir/C_/Program_Files/Raspberry_Pi/Pico_SDK_v1.5.1/pico-sdk/src/common/pico_time/time.c.obj
                0x10001558                alarm_pool_add_alarm_at
 .text.alarm_pool_cancel_alarm
                0x100016c0       0xf8 CMakeFiles/pulsox.dir/C_/Program_Files/Raspberry_Pi/Pico_SDK_v1.5.1/pico-sdk/src/common/pico_time/time.c.obj
                0x100016c0                alarm_pool_cancel_alarm
 .text.alarm_pool_core_num
                0x100017b8        0x4 CMakeFiles/pulsox.dir/C_/Program_Files/Raspberry_Pi/Pico_SDK_v1.5.1/pico-sdk/src/common/pico_time/time.c.obj
                0x100017b8                alarm_pool_core_num
 .text.sleep_until
                0x100017bc       0xfc CMakeFiles/pulsox.dir/C_/Program_Files/Raspberry_Pi/Pico_SDK_v1.5.1/pico-sdk/src/common/pico_time/time.c.obj
                0x100017bc                sleep_until
 .text.sleep_us
                0x100018b8       0x58 CMakeFiles/pulsox.dir/C_/Program_Files/Raspberry_Pi/Pico_SDK_v1.5.1/pico-sdk/src/common/pico_time/time.c.obj
                0x100018b8                sleep_us
 .text.sleep_ms
                0x10001910       0x14 CMakeFiles/pulsox.dir/C_/Program_Files/Raspberry_Pi/Pico_SDK_v1.5.1/pico-sdk/src/common/pico_time/time.c.obj
                0x10001910                sleep_ms
 .text.best_effort_wfe_or_timeout
                0x10001924       0xac CMakeFiles/pulsox.dir/C_/Program_Files/Raspberry_Pi/Pico_SDK_v1.5.1/pico-sdk/src/common/pico_time/time.c.obj
                0x10001924                best_effort_wfe_or_timeout
 .text.hardware_alarm_irq_handler
                0x100019d0       0x90 CMakeFiles/pulsox.dir/C_/Program_Files/Raspberry_Pi/Pico_SDK_v1.5.1/pico-sdk/src/rp2_common/hardware_timer/timer.c.obj
 .text.hardware_alarm_claim
                0x10001a60       0x18 CMakeFiles/pulsox.dir/C_/Program_Files/Raspberry_Pi/Pico_SDK_v1.5.1/pico-sdk/src/rp2_common/hardware_timer/timer.c.obj
                0x10001a60                hardware_alarm_claim
 .text.time_us_64
                0x10001a78       0x18 CMakeFiles/pulsox.dir/C_/Program_Files/Raspberry_Pi/Pico_SDK_v1.5.1/pico-sdk/src/rp2_common/hardware_timer/timer.c.obj
                0x10001a78                time_us_64
 .text.busy_wait_until
                0x10001a90       0x28 CMakeFiles/pulsox.dir/C_/Program_Files/Raspberry_Pi/Pico_SDK_v1.5.1/pico-sdk/src/rp2_common/hardware_timer/timer.c.obj
                0x10001a90                busy_wait_until
 .text.hardware_alarm_set_callback
                0x10001ab8       0x90 CMakeFiles/pulsox.dir/C_/Program_Files/Raspberry_Pi/Pico_SDK_v1.5.1/pico-sdk/src/rp2_common/hardware_timer/timer.c.obj
                0x10001ab8                hardware_alarm_set_callback
 .text.hardware_alarm_set_target
                0x10001b48       0xe8 CMakeFiles/pulsox.dir/C_/Program_Files/Raspberry_Pi/Pico_SDK_v1.5.1/pico-sdk/src/rp2_common/hardware_timer/timer.c.obj
                0x10001b48                hardware_alarm_set_target
 .text.hardware_alarm_cancel
                0x10001c30       0x40 CMakeFiles/pulsox.dir/C_/Program_Files/Raspberry_Pi/Pico_SDK_v1.5.1/pico-sdk/src/rp2_common/hardware_timer/timer.c.obj
                0x10001c30                hardware_alarm_cancel
 .text.ph_add_child_node
                0x10001c70       0xa4 CMakeFiles/pulsox.dir/C_/Program_Files/Raspberry_Pi/Pico_SDK_v1.5.1/pico-sdk/src/common/pico_util/pheap.c.obj
 .text.ph_merge_nodes
                0x10001d14       0x3e CMakeFiles/pulsox.dir/C_/Program_Files/Raspberry_Pi/Pico_SDK_v1.5.1/pico-sdk/src/common/pico_util/pheap.c.obj
 *fill*         0x10001d52        0x2 
 .text.ph_clear
                0x10001d54       0x70 CMakeFiles/pulsox.dir/C_/Program_Files/Raspberry_Pi/Pico_SDK_v1.5.1/pico-sdk/src/common/pico_util/pheap.c.obj
                0x10001d54                ph_clear
 .text.ph_post_alloc_init
                0x10001dc4        0xe CMakeFiles/pulsox.dir/C_/Program_Files/Raspberry_Pi/Pico_SDK_v1.5.1/pico-sdk/src/common/pico_util/pheap.c.obj
                0x10001dc4                ph_post_alloc_init
 *fill*         0x10001dd2        0x2 
 .text.ph_merge_two_pass
                0x10001dd4       0xa8 CMakeFiles/pulsox.dir/C_/Program_Files/Raspberry_Pi/Pico_SDK_v1.5.1/pico-sdk/src/common/pico_util/pheap.c.obj
                0x10001dd4                ph_merge_two_pass
 .text.ph_remove_any_head
                0x10001e7c      0x128 CMakeFiles/pulsox.dir/C_/Program_Files/Raspberry_Pi/Pico_SDK_v1.5.1/pico-sdk/src/common/pico_util/pheap.c.obj
 .text.ph_remove_head
                0x10001fa4       0x14 CMakeFiles/pulsox.dir/C_/Program_Files/Raspberry_Pi/Pico_SDK_v1.5.1/pico-sdk/src/common/pico_util/pheap.c.obj
                0x10001fa4                ph_remove_head
 .text.ph_remove_and_free_node
                0x10001fb8       0xf8 CMakeFiles/pulsox.dir/C_/Program_Files/Raspberry_Pi/Pico_SDK_v1.5.1/pico-sdk/src/common/pico_util/pheap.c.obj
                0x10001fb8                ph_remove_and_free_node
 .text.clock_configure
                0x100020b0      0x108 CMakeFiles/pulsox.dir/C_/Program_Files/Raspberry_Pi/Pico_SDK_v1.5.1/pico-sdk/src/rp2_common/hardware_clocks/clocks.c.obj
                0x100020b0                clock_configure
 .text.clocks_init
                0x100021b8      0x100 CMakeFiles/pulsox.dir/C_/Program_Files/Raspberry_Pi/Pico_SDK_v1.5.1/pico-sdk/src/rp2_common/hardware_clocks/clocks.c.obj
                0x100021b8                clocks_init
 .text.clock_get_hz
                0x100022b8        0xc CMakeFiles/pulsox.dir/C_/Program_Files/Raspberry_Pi/Pico_SDK_v1.5.1/pico-sdk/src/rp2_common/hardware_clocks/clocks.c.obj
                0x100022b8                clock_get_hz
 .text.pll_init
                0x100022c4      0x120 CMakeFiles/pulsox.dir/C_/Program_Files/Raspberry_Pi/Pico_SDK_v1.5.1/pico-sdk/src/rp2_common/hardware_pll/pll.c.obj
                0x100022c4                pll_init
 .text.watchdog_start_tick
                0x100023e4       0x10 CMakeFiles/pulsox.dir/C_/Program_Files/Raspberry_Pi/Pico_SDK_v1.5.1/pico-sdk/src/rp2_common/hardware_watchdog/watchdog.c.obj
                0x100023e4                watchdog_start_tick
 .text.watchdog_update
                0x100023f4       0x14 CMakeFiles/pulsox.dir/C_/Program_Files/Raspberry_Pi/Pico_SDK_v1.5.1/pico-sdk/src/rp2_common/hardware_watchdog/watchdog.c.obj
                0x100023f4                watchdog_update
 .text._watchdog_enable
                0x10002408       0x78 CMakeFiles/pulsox.dir/C_/Program_Files/Raspberry_Pi/Pico_SDK_v1.5.1/pico-sdk/src/rp2_common/hardware_watchdog/watchdog.c.obj
                0x10002408                _watchdog_enable
 .text.watchdog_reboot
                0x10002480       0x48 CMakeFiles/pulsox.dir/C_/Program_Files/Raspberry_Pi/Pico_SDK_v1.5.1/pico-sdk/src/rp2_common/hardware_watchdog/watchdog.c.obj
                0x10002480                watchdog_reboot
 .text.xosc_init
                0x100024c8       0x28 CMakeFiles/pulsox.dir/C_/Program_Files/Raspberry_Pi/Pico_SDK_v1.5.1/pico-sdk/src/rp2_common/hardware_xosc/xosc.c.obj
                0x100024c8                xosc_init
 .text._exit    0x100024f0        0x4 CMakeFiles/pulsox.dir/C_/Program_Files/Raspberry_Pi/Pico_SDK_v1.5.1/pico-sdk/src/rp2_common/pico_runtime/runtime.c.obj
                0x100024f0                _exit
 .text.exit     0x100024f4        0x6 CMakeFiles/pulsox.dir/C_/Program_Files/Raspberry_Pi/Pico_SDK_v1.5.1/pico-sdk/src/rp2_common/pico_runtime/runtime.c.obj
                0x100024f4                exit
 *fill*         0x100024fa        0x2 
 .text.__assert_func
                0x100024fc       0x3c CMakeFiles/pulsox.dir/C_/Program_Files/Raspberry_Pi/Pico_SDK_v1.5.1/pico-sdk/src/rp2_common/pico_runtime/runtime.c.obj
                0x100024fc                __assert_func
 .text.runtime_init
                0x10002538       0xf8 CMakeFiles/pulsox.dir/C_/Program_Files/Raspberry_Pi/Pico_SDK_v1.5.1/pico-sdk/src/rp2_common/pico_runtime/runtime.c.obj
                0x10002538                runtime_init
 .text.panic    0x10002630       0x30 CMakeFiles/pulsox.dir/C_/Program_Files/Raspberry_Pi/Pico_SDK_v1.5.1/pico-sdk/src/rp2_common/pico_runtime/runtime.c.obj
                0x10002630                panic
 .text.panic_unsupported
                0x10002660        0xc CMakeFiles/pulsox.dir/C_/Program_Files/Raspberry_Pi/Pico_SDK_v1.5.1/pico-sdk/src/rp2_common/pico_runtime/runtime.c.obj
                0x10002660                panic_unsupported
 .text._out_null
                0x1000266c        0x2 CMakeFiles/pulsox.dir/C_/Program_Files/Raspberry_Pi/Pico_SDK_v1.5.1/pico-sdk/src/rp2_common/pico_printf/printf.c.obj
 .text._out_fct
                0x1000266e        0xe CMakeFiles/pulsox.dir/C_/Program_Files/Raspberry_Pi/Pico_SDK_v1.5.1/pico-sdk/src/rp2_common/pico_printf/printf.c.obj
 .text._atoi    0x1000267c       0x24 CMakeFiles/pulsox.dir/C_/Program_Files/Raspberry_Pi/Pico_SDK_v1.5.1/pico-sdk/src/rp2_common/pico_printf/printf.c.obj
 .text._out_rev
                0x100026a0       0xae CMakeFiles/pulsox.dir/C_/Program_Files/Raspberry_Pi/Pico_SDK_v1.5.1/pico-sdk/src/rp2_common/pico_printf/printf.c.obj
 .text._ntoa_format
                0x1000274e      0x112 CMakeFiles/pulsox.dir/C_/Program_Files/Raspberry_Pi/Pico_SDK_v1.5.1/pico-sdk/src/rp2_common/pico_printf/printf.c.obj
 .text._ntoa_long
                0x10002860       0xbc CMakeFiles/pulsox.dir/C_/Program_Files/Raspberry_Pi/Pico_SDK_v1.5.1/pico-sdk/src/rp2_common/pico_printf/printf.c.obj
 .text._ntoa_long_long
                0x1000291c       0xe2 CMakeFiles/pulsox.dir/C_/Program_Files/Raspberry_Pi/Pico_SDK_v1.5.1/pico-sdk/src/rp2_common/pico_printf/printf.c.obj
 *fill*         0x100029fe        0x2 
 .text._etoa    0x10002a00      0x414 CMakeFiles/pulsox.dir/C_/Program_Files/Raspberry_Pi/Pico_SDK_v1.5.1/pico-sdk/src/rp2_common/pico_printf/printf.c.obj
 .text._ftoa    0x10002e14      0x354 CMakeFiles/pulsox.dir/C_/Program_Files/Raspberry_Pi/Pico_SDK_v1.5.1/pico-sdk/src/rp2_common/pico_printf/printf.c.obj
 .text._vsnprintf
                0x10003168      0x624 CMakeFiles/pulsox.dir/C_/Program_Files/Raspberry_Pi/Pico_SDK_v1.5.1/pico-sdk/src/rp2_common/pico_printf/printf.c.obj
 .text.vfctprintf
                0x1000378c       0x20 CMakeFiles/pulsox.dir/C_/Program_Files/Raspberry_Pi/Pico_SDK_v1.5.1/pico-sdk/src/rp2_common/pico_printf/printf.c.obj
                0x1000378c                vfctprintf
 .text          0x100037ac       0x10 CMakeFiles/pulsox.dir/C_/Program_Files/Raspberry_Pi/Pico_SDK_v1.5.1/pico-sdk/src/rp2_common/pico_bit_ops/bit_ops_aeabi.S.obj
 .text.ctzsi    0x100037bc        0xc CMakeFiles/pulsox.dir/C_/Program_Files/Raspberry_Pi/Pico_SDK_v1.5.1/pico-sdk/src/rp2_common/pico_bit_ops/bit_ops_aeabi.S.obj
                0x100037bc                __wrap___ctzsi2
 .text.rom_func_lookup
                0x100037c8       0x10 CMakeFiles/pulsox.dir/C_/Program_Files/Raspberry_Pi/Pico_SDK_v1.5.1/pico-sdk/src/rp2_common/pico_bootrom/bootrom.c.obj
                0x100037c8                rom_func_lookup
 .text.rom_data_lookup
                0x100037d8       0x10 CMakeFiles/pulsox.dir/C_/Program_Files/Raspberry_Pi/Pico_SDK_v1.5.1/pico-sdk/src/rp2_common/pico_bootrom/bootrom.c.obj
                0x100037d8                rom_data_lookup
 .text.rom_funcs_lookup
                0x100037e8       0x36 CMakeFiles/pulsox.dir/C_/Program_Files/Raspberry_Pi/Pico_SDK_v1.5.1/pico-sdk/src/rp2_common/pico_bootrom/bootrom.c.obj
                0x100037e8                rom_funcs_lookup
 *fill*         0x1000381e        0x2 
 .text.__wrap___aeabi_idiv
                0x10003820       0x50 CMakeFiles/pulsox.dir/C_/Program_Files/Raspberry_Pi/Pico_SDK_v1.5.1/pico-sdk/src/rp2_common/pico_divider/divider.S.obj
                0x10003820                __wrap___aeabi_idivmod
                0x10003820                divmod_s32s32
                0x10003820                div_s32s32
                0x10003820                __wrap___aeabi_idiv
                0x10003828                divmod_s32s32_unsafe
                0x10003854                divmod_s32s32_savestate
 .text.__wrap___aeabi_uidiv
                0x10003870       0x4c CMakeFiles/pulsox.dir/C_/Program_Files/Raspberry_Pi/Pico_SDK_v1.5.1/pico-sdk/src/rp2_common/pico_divider/divider.S.obj
                0x10003870                __wrap___aeabi_uidiv
                0x10003870                __wrap___aeabi_uidivmod
                0x10003870                div_u32u32
                0x10003870                divmod_u32u32
                0x10003878                divmod_u32u32_unsafe
                0x100038a0                divmod_u32u32_savestate
 .text.__wrap___aeabi_ldiv
                0x100038bc      0x424 CMakeFiles/pulsox.dir/C_/Program_Files/Raspberry_Pi/Pico_SDK_v1.5.1/pico-sdk/src/rp2_common/pico_divider/divider.S.obj
                0x100038bc                div_s64s64
                0x100038bc                divmod_s64s64
                0x100038bc                __wrap___aeabi_ldivmod
                0x100038ec                divmod_u64u64
                0x100038ec                div_u64u64
                0x100038ec                __wrap___aeabi_uldivmod
                0x100038fc                divmod_u64u64_savestate
                0x1000391c                divmod_s64s64_unsafe
                0x100039a4                divmod_u64u64_unsafe
 .text.__wrap___aeabi_darithmetic
                0x10003ce0       0x60 CMakeFiles/pulsox.dir/C_/Program_Files/Raspberry_Pi/Pico_SDK_v1.5.1/pico-sdk/src/rp2_common/pico_double/double_aeabi.S.obj
                0x10003ce0                __wrap___aeabi_drsub
                0x10003ce6                __wrap___aeabi_dsub
                0x10003cf0                __wrap___aeabi_dadd
                0x10003cfa                __wrap___aeabi_ddiv
                0x10003d2e                __wrap___aeabi_dmul
 .text.__wrap___aeabi_cdcmple
                0x10003d40       0x6c CMakeFiles/pulsox.dir/C_/Program_Files/Raspberry_Pi/Pico_SDK_v1.5.1/pico-sdk/src/rp2_common/pico_double/double_aeabi.S.obj
                0x10003d40                __wrap___aeabi_cdrcmple
                0x10003d50                __wrap___aeabi_cdcmpeq
                0x10003d50                __wrap___aeabi_cdcmple
 .text.__wrap___aeabi_dcmplt
                0x10003dac        0xc CMakeFiles/pulsox.dir/C_/Program_Files/Raspberry_Pi/Pico_SDK_v1.5.1/pico-sdk/src/rp2_common/pico_double/double_aeabi.S.obj
                0x10003dac                __wrap___aeabi_dcmplt
 .text.__wrap___aeabi_dcmple
                0x10003db8       0x10 CMakeFiles/pulsox.dir/C_/Program_Files/Raspberry_Pi/Pico_SDK_v1.5.1/pico-sdk/src/rp2_common/pico_double/double_aeabi.S.obj
                0x10003db8                __wrap___aeabi_dcmple
 .text.__wrap___aeabi_dcmpge
                0x10003dc8       0x10 CMakeFiles/pulsox.dir/C_/Program_Files/Raspberry_Pi/Pico_SDK_v1.5.1/pico-sdk/src/rp2_common/pico_double/double_aeabi.S.obj
                0x10003dc8                __wrap___aeabi_dcmpge
 .text.__wrap___aeabi_dcmpgt
                0x10003dd8        0xa CMakeFiles/pulsox.dir/C_/Program_Files/Raspberry_Pi/Pico_SDK_v1.5.1/pico-sdk/src/rp2_common/pico_double/double_aeabi.S.obj
                0x10003dd8                __wrap___aeabi_dcmpgt
 .text.__wrap___aeabi_dcmpun
                0x10003de2       0x1c CMakeFiles/pulsox.dir/C_/Program_Files/Raspberry_Pi/Pico_SDK_v1.5.1/pico-sdk/src/rp2_common/pico_double/double_aeabi.S.obj
                0x10003de2                __wrap___aeabi_dcmpun
 *fill*         0x10003dfe        0x2 
 .text.__wrap___aeabi_i2d
                0x10003e00       0x38 CMakeFiles/pulsox.dir/C_/Program_Files/Raspberry_Pi/Pico_SDK_v1.5.1/pico-sdk/src/rp2_common/pico_double/double_aeabi.S.obj
                0x10003e00                __wrap___aeabi_ui2d
                0x10003e08                __wrap___aeabi_i2d
 .text.__wrap___aeabi_d2iz
                0x10003e38       0x48 CMakeFiles/pulsox.dir/C_/Program_Files/Raspberry_Pi/Pico_SDK_v1.5.1/pico-sdk/src/rp2_common/pico_double/double_aeabi.S.obj
                0x10003e38                double2int_z
                0x10003e38                __wrap___aeabi_d2iz
 .text.__wrap___aeabi_d2uiz
                0x10003e80       0x10 CMakeFiles/pulsox.dir/C_/Program_Files/Raspberry_Pi/Pico_SDK_v1.5.1/pico-sdk/src/rp2_common/pico_double/double_aeabi.S.obj
                0x10003e80                __wrap___aeabi_d2uiz
                0x10003e80                double2uint
 .text.missing_double_func_shim
                0x10003e90        0xc CMakeFiles/pulsox.dir/C_/Program_Files/Raspberry_Pi/Pico_SDK_v1.5.1/pico-sdk/src/rp2_common/pico_double/double_init_rom.c.obj
 .text.__aeabi_double_init
                0x10003e9c       0xcc CMakeFiles/pulsox.dir/C_/Program_Files/Raspberry_Pi/Pico_SDK_v1.5.1/pico-sdk/src/rp2_common/pico_double/double_init_rom.c.obj
                0x10003e9c                __aeabi_double_init
 .text.double_table_shim_on_use_helper
                0x10003f68       0x34 CMakeFiles/pulsox.dir/C_/Program_Files/Raspberry_Pi/Pico_SDK_v1.5.1/pico-sdk/src/rp2_common/pico_double/double_v1_rom_shim.S.obj
                0x10003f68                double_table_shim_on_use_helper
 .text.__aeabi_lmul
                0x10003f9c       0x32 CMakeFiles/pulsox.dir/C_/Program_Files/Raspberry_Pi/Pico_SDK_v1.5.1/pico-sdk/src/rp2_common/pico_int64_ops/pico_int64_ops_aeabi.S.obj
                0x10003f9c                __wrap___aeabi_lmul
 *fill*         0x10003fce        0x2 
 .text.missing_float_func_shim
                0x10003fd0        0xc CMakeFiles/pulsox.dir/C_/Program_Files/Raspberry_Pi/Pico_SDK_v1.5.1/pico-sdk/src/rp2_common/pico_float/float_init_rom.c.obj
 .text.__aeabi_float_init
                0x10003fdc       0x88 CMakeFiles/pulsox.dir/C_/Program_Files/Raspberry_Pi/Pico_SDK_v1.5.1/pico-sdk/src/rp2_common/pico_float/float_init_rom.c.obj
                0x10003fdc                __aeabi_float_init
 .text          0x10004064       0x10 CMakeFiles/pulsox.dir/C_/Program_Files/Raspberry_Pi/Pico_SDK_v1.5.1/pico-sdk/src/rp2_common/pico_mem_ops/mem_ops_aeabi.S.obj
                0x10004064                __aeabi_mem_init
 .text.memset   0x10004074        0xc CMakeFiles/pulsox.dir/C_/Program_Files/Raspberry_Pi/Pico_SDK_v1.5.1/pico-sdk/src/rp2_common/pico_mem_ops/mem_ops_aeabi.S.obj
                0x10004074                __wrap_memset
 .text.memcpy   0x10004080        0xc CMakeFiles/pulsox.dir/C_/Program_Files/Raspberry_Pi/Pico_SDK_v1.5.1/pico-sdk/src/rp2_common/pico_mem_ops/mem_ops_aeabi.S.obj
                0x10004080                __wrap_memcpy
                0x10004080                __wrap___aeabi_memcpy
 .text.stdio_out_chars_no_crlf
                0x1000408c        0xe CMakeFiles/pulsox.dir/C_/Program_Files/Raspberry_Pi/Pico_SDK_v1.5.1/pico-sdk/src/rp2_common/pico_stdio/stdio.c.obj
 *fill*         0x1000409a        0x2 
 .text.stdio_out_chars_crlf
                0x1000409c       0x80 CMakeFiles/pulsox.dir/C_/Program_Files/Raspberry_Pi/Pico_SDK_v1.5.1/pico-sdk/src/rp2_common/pico_stdio/stdio.c.obj
 .text.stdio_stack_buffer_flush
                0x1000411c       0x44 CMakeFiles/pulsox.dir/C_/Program_Files/Raspberry_Pi/Pico_SDK_v1.5.1/pico-sdk/src/rp2_common/pico_stdio/stdio.c.obj
 .text.stdio_buffered_printer
                0x10004160       0x20 CMakeFiles/pulsox.dir/C_/Program_Files/Raspberry_Pi/Pico_SDK_v1.5.1/pico-sdk/src/rp2_common/pico_stdio/stdio.c.obj
 .text.stdout_serialize_begin
                0x10004180       0x5c CMakeFiles/pulsox.dir/C_/Program_Files/Raspberry_Pi/Pico_SDK_v1.5.1/pico-sdk/src/rp2_common/pico_stdio/stdio.c.obj
                0x10004180                stdout_serialize_begin
 .text.stdout_serialize_end
                0x100041dc       0x10 CMakeFiles/pulsox.dir/C_/Program_Files/Raspberry_Pi/Pico_SDK_v1.5.1/pico-sdk/src/rp2_common/pico_stdio/stdio.c.obj
                0x100041dc                stdout_serialize_end
 .text.stdio_put_string
                0x100041ec       0x98 CMakeFiles/pulsox.dir/C_/Program_Files/Raspberry_Pi/Pico_SDK_v1.5.1/pico-sdk/src/rp2_common/pico_stdio/stdio.c.obj
 .text.stdio_set_driver_enabled
                0x10004284       0x2c CMakeFiles/pulsox.dir/C_/Program_Files/Raspberry_Pi/Pico_SDK_v1.5.1/pico-sdk/src/rp2_common/pico_stdio/stdio.c.obj
                0x10004284                stdio_set_driver_enabled
 .text.stdio_flush
                0x100042b0       0x20 CMakeFiles/pulsox.dir/C_/Program_Files/Raspberry_Pi/Pico_SDK_v1.5.1/pico-sdk/src/rp2_common/pico_stdio/stdio.c.obj
                0x100042b0                stdio_flush
 .text.__wrap_puts
                0x100042d0       0x1e CMakeFiles/pulsox.dir/C_/Program_Files/Raspberry_Pi/Pico_SDK_v1.5.1/pico-sdk/src/rp2_common/pico_stdio/stdio.c.obj
                0x100042d0                __wrap_puts
 *fill*         0x100042ee        0x2 
 .text.__wrap_vprintf
                0x100042f0       0x40 CMakeFiles/pulsox.dir/C_/Program_Files/Raspberry_Pi/Pico_SDK_v1.5.1/pico-sdk/src/rp2_common/pico_stdio/stdio.c.obj
                0x100042f0                __wrap_vprintf
 .text.__wrap_printf
                0x10004330       0x18 CMakeFiles/pulsox.dir/C_/Program_Files/Raspberry_Pi/Pico_SDK_v1.5.1/pico-sdk/src/rp2_common/pico_stdio/stdio.c.obj
                0x10004330                __wrap_printf
 .text.stdio_init_all
                0x10004348        0x8 CMakeFiles/pulsox.dir/C_/Program_Files/Raspberry_Pi/Pico_SDK_v1.5.1/pico-sdk/src/rp2_common/pico_stdio/stdio.c.obj
                0x10004348                stdio_init_all
 .text.resetd_init
                0x10004350        0x2 CMakeFiles/pulsox.dir/C_/Program_Files/Raspberry_Pi/Pico_SDK_v1.5.1/pico-sdk/src/rp2_common/pico_stdio_usb/reset_interface.c.obj
 *fill*         0x10004352        0x2 
 .text.resetd_reset
                0x10004354        0xc CMakeFiles/pulsox.dir/C_/Program_Files/Raspberry_Pi/Pico_SDK_v1.5.1/pico-sdk/src/rp2_common/pico_stdio_usb/reset_interface.c.obj
 .text.resetd_open
                0x10004360       0x34 CMakeFiles/pulsox.dir/C_/Program_Files/Raspberry_Pi/Pico_SDK_v1.5.1/pico-sdk/src/rp2_common/pico_stdio_usb/reset_interface.c.obj
 .text.resetd_xfer_cb
                0x10004394        0x4 CMakeFiles/pulsox.dir/C_/Program_Files/Raspberry_Pi/Pico_SDK_v1.5.1/pico-sdk/src/rp2_common/pico_stdio_usb/reset_interface.c.obj
 .text.reset_usb_boot
                0x10004398       0x18 CMakeFiles/pulsox.dir/C_/Program_Files/Raspberry_Pi/Pico_SDK_v1.5.1/pico-sdk/src/rp2_common/pico_stdio_usb/reset_interface.c.obj
 .text.resetd_control_xfer_cb
                0x100043b0       0x5c CMakeFiles/pulsox.dir/C_/Program_Files/Raspberry_Pi/Pico_SDK_v1.5.1/pico-sdk/src/rp2_common/pico_stdio_usb/reset_interface.c.obj
 .text.usbd_app_driver_get_cb
                0x1000440c        0xc CMakeFiles/pulsox.dir/C_/Program_Files/Raspberry_Pi/Pico_SDK_v1.5.1/pico-sdk/src/rp2_common/pico_stdio_usb/reset_interface.c.obj
                0x1000440c                usbd_app_driver_get_cb
 .text.tud_cdc_line_coding_cb
                0x10004418       0x28 CMakeFiles/pulsox.dir/C_/Program_Files/Raspberry_Pi/Pico_SDK_v1.5.1/pico-sdk/src/rp2_common/pico_stdio_usb/reset_interface.c.obj
                0x10004418                tud_cdc_line_coding_cb
 .text.stdio_usb_set_chars_available_callback
                0x10004440       0x14 CMakeFiles/pulsox.dir/C_/Program_Files/Raspberry_Pi/Pico_SDK_v1.5.1/pico-sdk/src/rp2_common/pico_stdio_usb/stdio_usb.c.obj
                0x10004440                stdio_usb_set_chars_available_callback
 .text.usb_irq  0x10004454       0x10 CMakeFiles/pulsox.dir/C_/Program_Files/Raspberry_Pi/Pico_SDK_v1.5.1/pico-sdk/src/rp2_common/pico_stdio_usb/stdio_usb.c.obj
 .text.timer_task
                0x10004464       0x5c CMakeFiles/pulsox.dir/C_/Program_Files/Raspberry_Pi/Pico_SDK_v1.5.1/pico-sdk/src/rp2_common/pico_stdio_usb/stdio_usb.c.obj
 .text.low_priority_worker_irq
                0x100044c0       0xdc CMakeFiles/pulsox.dir/C_/Program_Files/Raspberry_Pi/Pico_SDK_v1.5.1/pico-sdk/src/rp2_common/pico_stdio_usb/stdio_usb.c.obj
 .text.tud_cdc_rx_cb
                0x1000459c       0x20 CMakeFiles/pulsox.dir/C_/Program_Files/Raspberry_Pi/Pico_SDK_v1.5.1/pico-sdk/src/rp2_common/pico_stdio_usb/stdio_usb.c.obj
                0x1000459c                tud_cdc_rx_cb
 .text.stdio_usb_init
                0x100045bc      0x11c CMakeFiles/pulsox.dir/C_/Program_Files/Raspberry_Pi/Pico_SDK_v1.5.1/pico-sdk/src/rp2_common/pico_stdio_usb/stdio_usb.c.obj
                0x100045bc                stdio_usb_init
 .text.stdio_usb_connected
                0x100046d8        0xa CMakeFiles/pulsox.dir/C_/Program_Files/Raspberry_Pi/Pico_SDK_v1.5.1/pico-sdk/src/rp2_common/pico_stdio_usb/stdio_usb.c.obj
                0x100046d8                stdio_usb_connected
 *fill*         0x100046e2        0x2 
 .text.stdio_usb_in_chars
                0x100046e4       0xc4 CMakeFiles/pulsox.dir/C_/Program_Files/Raspberry_Pi/Pico_SDK_v1.5.1/pico-sdk/src/rp2_common/pico_stdio_usb/stdio_usb.c.obj
                0x100046e4                stdio_usb_in_chars
 .text.stdio_usb_out_chars
                0x100047a8      0x114 CMakeFiles/pulsox.dir/C_/Program_Files/Raspberry_Pi/Pico_SDK_v1.5.1/pico-sdk/src/rp2_common/pico_stdio_usb/stdio_usb.c.obj
 .text.tud_descriptor_device_cb
                0x100048bc        0x8 CMakeFiles/pulsox.dir/C_/Program_Files/Raspberry_Pi/Pico_SDK_v1.5.1/pico-sdk/src/rp2_common/pico_stdio_usb/stdio_usb_descriptors.c.obj
                0x100048bc                tud_descriptor_device_cb
 .text.tud_descriptor_configuration_cb
                0x100048c4        0x8 CMakeFiles/pulsox.dir/C_/Program_Files/Raspberry_Pi/Pico_SDK_v1.5.1/pico-sdk/src/rp2_common/pico_stdio_usb/stdio_usb_descriptors.c.obj
                0x100048c4                tud_descriptor_configuration_cb
 .text.tud_descriptor_string_cb
                0x100048cc       0x6c CMakeFiles/pulsox.dir/C_/Program_Files/Raspberry_Pi/Pico_SDK_v1.5.1/pico-sdk/src/rp2_common/pico_stdio_usb/stdio_usb_descriptors.c.obj
                0x100048cc                tud_descriptor_string_cb
 .text._retrieve_unique_id_on_boot
                0x10004938       0x10 CMakeFiles/pulsox.dir/C_/Program_Files/Raspberry_Pi/Pico_SDK_v1.5.1/pico-sdk/src/rp2_common/pico_unique_id/unique_id.c.obj
 .text.pico_get_unique_board_id
                0x10004948       0x10 CMakeFiles/pulsox.dir/C_/Program_Files/Raspberry_Pi/Pico_SDK_v1.5.1/pico-sdk/src/rp2_common/pico_unique_id/unique_id.c.obj
                0x10004948                pico_get_unique_board_id
 .text.pico_get_unique_board_id_string
                0x10004958       0x60 CMakeFiles/pulsox.dir/C_/Program_Files/Raspberry_Pi/Pico_SDK_v1.5.1/pico-sdk/src/rp2_common/pico_unique_id/unique_id.c.obj
                0x10004958                pico_get_unique_board_id_string
 .text.flash_get_unique_id
                0x100049b8       0x46 CMakeFiles/pulsox.dir/C_/Program_Files/Raspberry_Pi/Pico_SDK_v1.5.1/pico-sdk/src/rp2_common/hardware_flash/flash.c.obj
                0x100049b8                flash_get_unique_id
 *fill*         0x100049fe        0x2 
 .text.hw_endpoint_get_by_addr
                0x10004a00       0x18 CMakeFiles/pulsox.dir/C_/Program_Files/Raspberry_Pi/Pico_SDK_v1.5.1/pico-sdk/lib/tinyusb/src/portable/raspberrypi/rp2040/dcd_rp2040.c.obj
 .text._hw_endpoint_alloc
                0x10004a18       0x70 CMakeFiles/pulsox.dir/C_/Program_Files/Raspberry_Pi/Pico_SDK_v1.5.1/pico-sdk/lib/tinyusb/src/portable/raspberrypi/rp2040/dcd_rp2040.c.obj
 .text.hw_endpoint_init
                0x10004a88       0x88 CMakeFiles/pulsox.dir/C_/Program_Files/Raspberry_Pi/Pico_SDK_v1.5.1/pico-sdk/lib/tinyusb/src/portable/raspberrypi/rp2040/dcd_rp2040.c.obj
 .text.hw_endpoint_xfer
                0x10004b10       0x14 CMakeFiles/pulsox.dir/C_/Program_Files/Raspberry_Pi/Pico_SDK_v1.5.1/pico-sdk/lib/tinyusb/src/portable/raspberrypi/rp2040/dcd_rp2040.c.obj
 .text.dcd_int_enable
                0x10004b24       0x2c CMakeFiles/pulsox.dir/C_/Program_Files/Raspberry_Pi/Pico_SDK_v1.5.1/pico-sdk/lib/tinyusb/src/portable/raspberrypi/rp2040/dcd_rp2040.c.obj
                0x10004b24                dcd_int_enable
 .text.dcd_set_address
                0x10004b50       0x2c CMakeFiles/pulsox.dir/C_/Program_Files/Raspberry_Pi/Pico_SDK_v1.5.1/pico-sdk/lib/tinyusb/src/portable/raspberrypi/rp2040/dcd_rp2040.c.obj
                0x10004b50                dcd_set_address
 .text.dcd_connect
                0x10004b7c       0x10 CMakeFiles/pulsox.dir/C_/Program_Files/Raspberry_Pi/Pico_SDK_v1.5.1/pico-sdk/lib/tinyusb/src/portable/raspberrypi/rp2040/dcd_rp2040.c.obj
                0x10004b7c                dcd_connect
 .text.dcd_init
                0x10004b8c       0x80 CMakeFiles/pulsox.dir/C_/Program_Files/Raspberry_Pi/Pico_SDK_v1.5.1/pico-sdk/lib/tinyusb/src/portable/raspberrypi/rp2040/dcd_rp2040.c.obj
                0x10004b8c                dcd_init
 .text.dcd_edpt0_status_complete
                0x10004c0c       0x1c CMakeFiles/pulsox.dir/C_/Program_Files/Raspberry_Pi/Pico_SDK_v1.5.1/pico-sdk/lib/tinyusb/src/portable/raspberrypi/rp2040/dcd_rp2040.c.obj
                0x10004c0c                dcd_edpt0_status_complete
 .text.dcd_edpt_open
                0x10004c28       0x40 CMakeFiles/pulsox.dir/C_/Program_Files/Raspberry_Pi/Pico_SDK_v1.5.1/pico-sdk/lib/tinyusb/src/portable/raspberrypi/rp2040/dcd_rp2040.c.obj
                0x10004c28                dcd_edpt_open
 .text.dcd_edpt_close_all
                0x10004c68        0x8 CMakeFiles/pulsox.dir/C_/Program_Files/Raspberry_Pi/Pico_SDK_v1.5.1/pico-sdk/lib/tinyusb/src/portable/raspberrypi/rp2040/dcd_rp2040.c.obj
                0x10004c68                dcd_edpt_close_all
 .text.dcd_edpt_xfer
                0x10004c70       0x34 CMakeFiles/pulsox.dir/C_/Program_Files/Raspberry_Pi/Pico_SDK_v1.5.1/pico-sdk/lib/tinyusb/src/portable/raspberrypi/rp2040/dcd_rp2040.c.obj
                0x10004c70                dcd_edpt_xfer
 .text.dcd_edpt_stall
                0x10004ca4       0x2c CMakeFiles/pulsox.dir/C_/Program_Files/Raspberry_Pi/Pico_SDK_v1.5.1/pico-sdk/lib/tinyusb/src/portable/raspberrypi/rp2040/dcd_rp2040.c.obj
                0x10004ca4                dcd_edpt_stall
 .text.dcd_edpt_clear_stall
                0x10004cd0       0x20 CMakeFiles/pulsox.dir/C_/Program_Files/Raspberry_Pi/Pico_SDK_v1.5.1/pico-sdk/lib/tinyusb/src/portable/raspberrypi/rp2040/dcd_rp2040.c.obj
                0x10004cd0                dcd_edpt_clear_stall
 .text.rp2040_usb_init
                0x10004cf0       0x4c CMakeFiles/pulsox.dir/C_/Program_Files/Raspberry_Pi/Pico_SDK_v1.5.1/pico-sdk/lib/tinyusb/src/portable/raspberrypi/rp2040/rp2040_usb.c.obj
                0x10004cf0                rp2040_usb_init
 .text.hw_endpoint_xfer_start
                0x10004d3c       0x50 CMakeFiles/pulsox.dir/C_/Program_Files/Raspberry_Pi/Pico_SDK_v1.5.1/pico-sdk/lib/tinyusb/src/portable/raspberrypi/rp2040/rp2040_usb.c.obj
                0x10004d3c                hw_endpoint_xfer_start
 .text.configuration_reset
                0x10004d8c       0x84 CMakeFiles/pulsox.dir/C_/Program_Files/Raspberry_Pi/Pico_SDK_v1.5.1/pico-sdk/lib/tinyusb/src/device/usbd.c.obj
 .text.usbd_reset
                0x10004e10        0xc CMakeFiles/pulsox.dir/C_/Program_Files/Raspberry_Pi/Pico_SDK_v1.5.1/pico-sdk/lib/tinyusb/src/device/usbd.c.obj
 .text.invoke_class_control
                0x10004e1c       0x1a CMakeFiles/pulsox.dir/C_/Program_Files/Raspberry_Pi/Pico_SDK_v1.5.1/pico-sdk/lib/tinyusb/src/device/usbd.c.obj
 *fill*         0x10004e36        0x2 
 .text.process_set_config
                0x10004e38      0x178 CMakeFiles/pulsox.dir/C_/Program_Files/Raspberry_Pi/Pico_SDK_v1.5.1/pico-sdk/lib/tinyusb/src/device/usbd.c.obj
 .text.process_get_descriptor
                0x10004fb0       0xdc CMakeFiles/pulsox.dir/C_/Program_Files/Raspberry_Pi/Pico_SDK_v1.5.1/pico-sdk/lib/tinyusb/src/device/usbd.c.obj
 .text.tud_mounted
                0x1000508c       0x10 CMakeFiles/pulsox.dir/C_/Program_Files/Raspberry_Pi/Pico_SDK_v1.5.1/pico-sdk/lib/tinyusb/src/device/usbd.c.obj
                0x1000508c                tud_mounted
 .text.tud_suspended
                0x1000509c       0x10 CMakeFiles/pulsox.dir/C_/Program_Files/Raspberry_Pi/Pico_SDK_v1.5.1/pico-sdk/lib/tinyusb/src/device/usbd.c.obj
                0x1000509c                tud_suspended
 .text.tud_inited
                0x100050ac       0x14 CMakeFiles/pulsox.dir/C_/Program_Files/Raspberry_Pi/Pico_SDK_v1.5.1/pico-sdk/lib/tinyusb/src/device/usbd.c.obj
                0x100050ac                tud_inited
 .text.tud_init
                0x100050c0       0xcc CMakeFiles/pulsox.dir/C_/Program_Files/Raspberry_Pi/Pico_SDK_v1.5.1/pico-sdk/lib/tinyusb/src/device/usbd.c.obj
                0x100050c0                tud_init
 .text.usbd_defer_func
                0x1000518c       0x2a CMakeFiles/pulsox.dir/C_/Program_Files/Raspberry_Pi/Pico_SDK_v1.5.1/pico-sdk/lib/tinyusb/src/device/usbd.c.obj
                0x1000518c                usbd_defer_func
 *fill*         0x100051b6        0x2 
 .text.usbd_edpt_open
                0x100051b8       0x34 CMakeFiles/pulsox.dir/C_/Program_Files/Raspberry_Pi/Pico_SDK_v1.5.1/pico-sdk/lib/tinyusb/src/device/usbd.c.obj
                0x100051b8                usbd_edpt_open
 .text.usbd_open_edpt_pair
                0x100051ec       0x62 CMakeFiles/pulsox.dir/C_/Program_Files/Raspberry_Pi/Pico_SDK_v1.5.1/pico-sdk/lib/tinyusb/src/device/usbd.c.obj
                0x100051ec                usbd_open_edpt_pair
 *fill*         0x1000524e        0x2 
 .text.usbd_edpt_claim
                0x10005250       0x28 CMakeFiles/pulsox.dir/C_/Program_Files/Raspberry_Pi/Pico_SDK_v1.5.1/pico-sdk/lib/tinyusb/src/device/usbd.c.obj
                0x10005250                usbd_edpt_claim
 .text.usbd_edpt_release
                0x10005278       0x28 CMakeFiles/pulsox.dir/C_/Program_Files/Raspberry_Pi/Pico_SDK_v1.5.1/pico-sdk/lib/tinyusb/src/device/usbd.c.obj
                0x10005278                usbd_edpt_release
 .text.usbd_edpt_xfer
                0x100052a0       0x78 CMakeFiles/pulsox.dir/C_/Program_Files/Raspberry_Pi/Pico_SDK_v1.5.1/pico-sdk/lib/tinyusb/src/device/usbd.c.obj
                0x100052a0                usbd_edpt_xfer
 .text.usbd_edpt_stall
                0x10005318       0x48 CMakeFiles/pulsox.dir/C_/Program_Files/Raspberry_Pi/Pico_SDK_v1.5.1/pico-sdk/lib/tinyusb/src/device/usbd.c.obj
                0x10005318                usbd_edpt_stall
 .text.usbd_edpt_clear_stall
                0x10005360       0x48 CMakeFiles/pulsox.dir/C_/Program_Files/Raspberry_Pi/Pico_SDK_v1.5.1/pico-sdk/lib/tinyusb/src/device/usbd.c.obj
                0x10005360                usbd_edpt_clear_stall
 .text.usbd_edpt_stalled
                0x100053a8       0x1c CMakeFiles/pulsox.dir/C_/Program_Files/Raspberry_Pi/Pico_SDK_v1.5.1/pico-sdk/lib/tinyusb/src/device/usbd.c.obj
                0x100053a8                usbd_edpt_stalled
 .text.process_control_request
                0x100053c4      0x37c CMakeFiles/pulsox.dir/C_/Program_Files/Raspberry_Pi/Pico_SDK_v1.5.1/pico-sdk/lib/tinyusb/src/device/usbd.c.obj
 .text.tud_task_ext
                0x10005740      0x1b8 CMakeFiles/pulsox.dir/C_/Program_Files/Raspberry_Pi/Pico_SDK_v1.5.1/pico-sdk/lib/tinyusb/src/device/usbd.c.obj
                0x10005740                tud_task_ext
 .text._data_stage_xact
                0x100058f8       0x58 CMakeFiles/pulsox.dir/C_/Program_Files/Raspberry_Pi/Pico_SDK_v1.5.1/pico-sdk/lib/tinyusb/src/device/usbd_control.c.obj
 .text.tud_control_status
                0x10005950       0x38 CMakeFiles/pulsox.dir/C_/Program_Files/Raspberry_Pi/Pico_SDK_v1.5.1/pico-sdk/lib/tinyusb/src/device/usbd_control.c.obj
                0x10005950                tud_control_status
 .text.tud_control_xfer
                0x10005988       0x74 CMakeFiles/pulsox.dir/C_/Program_Files/Raspberry_Pi/Pico_SDK_v1.5.1/pico-sdk/lib/tinyusb/src/device/usbd_control.c.obj
                0x10005988                tud_control_xfer
 .text.usbd_control_reset
                0x100059fc       0x14 CMakeFiles/pulsox.dir/C_/Program_Files/Raspberry_Pi/Pico_SDK_v1.5.1/pico-sdk/lib/tinyusb/src/device/usbd_control.c.obj
                0x100059fc                usbd_control_reset
 .text.usbd_control_set_complete_callback
                0x10005a10        0xc CMakeFiles/pulsox.dir/C_/Program_Files/Raspberry_Pi/Pico_SDK_v1.5.1/pico-sdk/lib/tinyusb/src/device/usbd_control.c.obj
                0x10005a10                usbd_control_set_complete_callback
 .text.usbd_control_set_request
                0x10005a1c       0x1c CMakeFiles/pulsox.dir/C_/Program_Files/Raspberry_Pi/Pico_SDK_v1.5.1/pico-sdk/lib/tinyusb/src/device/usbd_control.c.obj
                0x10005a1c                usbd_control_set_request
 .text.usbd_control_xfer_cb
                0x10005a38       0xcc CMakeFiles/pulsox.dir/C_/Program_Files/Raspberry_Pi/Pico_SDK_v1.5.1/pico-sdk/lib/tinyusb/src/device/usbd_control.c.obj
                0x10005a38                usbd_control_xfer_cb
 .text._prep_out_transaction
                0x10005b04       0x4a CMakeFiles/pulsox.dir/C_/Program_Files/Raspberry_Pi/Pico_SDK_v1.5.1/pico-sdk/lib/tinyusb/src/class/cdc/cdc_device.c.obj
 *fill*         0x10005b4e        0x2 
 .text.tud_cdc_n_connected
                0x10005b50       0x44 CMakeFiles/pulsox.dir/C_/Program_Files/Raspberry_Pi/Pico_SDK_v1.5.1/pico-sdk/lib/tinyusb/src/class/cdc/cdc_device.c.obj
                0x10005b50                tud_cdc_n_connected
 .text.tud_cdc_n_available
                0x10005b94       0x18 CMakeFiles/pulsox.dir/C_/Program_Files/Raspberry_Pi/Pico_SDK_v1.5.1/pico-sdk/lib/tinyusb/src/class/cdc/cdc_device.c.obj
                0x10005b94                tud_cdc_n_available
 .text.tud_cdc_n_read
                0x10005bac       0x28 CMakeFiles/pulsox.dir/C_/Program_Files/Raspberry_Pi/Pico_SDK_v1.5.1/pico-sdk/lib/tinyusb/src/class/cdc/cdc_device.c.obj
                0x10005bac                tud_cdc_n_read
 .text.tud_cdc_n_write_flush
                0x10005bd4       0xb8 CMakeFiles/pulsox.dir/C_/Program_Files/Raspberry_Pi/Pico_SDK_v1.5.1/pico-sdk/lib/tinyusb/src/class/cdc/cdc_device.c.obj
                0x10005bd4                tud_cdc_n_write_flush
 .text.tud_cdc_n_write
                0x10005c8c       0x38 CMakeFiles/pulsox.dir/C_/Program_Files/Raspberry_Pi/Pico_SDK_v1.5.1/pico-sdk/lib/tinyusb/src/class/cdc/cdc_device.c.obj
                0x10005c8c                tud_cdc_n_write
 .text.tud_cdc_n_write_available
                0x10005cc4       0x1c CMakeFiles/pulsox.dir/C_/Program_Files/Raspberry_Pi/Pico_SDK_v1.5.1/pico-sdk/lib/tinyusb/src/class/cdc/cdc_device.c.obj
                0x10005cc4                tud_cdc_n_write_available
 .text.cdcd_init
                0x10005ce0       0xbc CMakeFiles/pulsox.dir/C_/Program_Files/Raspberry_Pi/Pico_SDK_v1.5.1/pico-sdk/lib/tinyusb/src/class/cdc/cdc_device.c.obj
                0x10005ce0                cdcd_init
 .text.cdcd_reset
                0x10005d9c       0x44 CMakeFiles/pulsox.dir/C_/Program_Files/Raspberry_Pi/Pico_SDK_v1.5.1/pico-sdk/lib/tinyusb/src/class/cdc/cdc_device.c.obj
                0x10005d9c                cdcd_reset
 .text.cdcd_open
                0x10005de0       0xcc CMakeFiles/pulsox.dir/C_/Program_Files/Raspberry_Pi/Pico_SDK_v1.5.1/pico-sdk/lib/tinyusb/src/class/cdc/cdc_device.c.obj
                0x10005de0                cdcd_open
 .text.cdcd_control_xfer_cb
                0x10005eac      0x134 CMakeFiles/pulsox.dir/C_/Program_Files/Raspberry_Pi/Pico_SDK_v1.5.1/pico-sdk/lib/tinyusb/src/class/cdc/cdc_device.c.obj
                0x10005eac                cdcd_control_xfer_cb
 .text.cdcd_xfer_cb
                0x10005fe0      0x130 CMakeFiles/pulsox.dir/C_/Program_Files/Raspberry_Pi/Pico_SDK_v1.5.1/pico-sdk/lib/tinyusb/src/class/cdc/cdc_device.c.obj
                0x10005fe0                cdcd_xfer_cb
 .text.tusb_init
                0x10006110        0xa CMakeFiles/pulsox.dir/C_/Program_Files/Raspberry_Pi/Pico_SDK_v1.5.1/pico-sdk/lib/tinyusb/src/tusb.c.obj
                0x10006110                tusb_init
 .text.tusb_inited
                0x1000611a        0xe CMakeFiles/pulsox.dir/C_/Program_Files/Raspberry_Pi/Pico_SDK_v1.5.1/pico-sdk/lib/tinyusb/src/tusb.c.obj
                0x1000611a                tusb_inited
 .text.tu_edpt_claim
                0x10006128       0x50 CMakeFiles/pulsox.dir/C_/Program_Files/Raspberry_Pi/Pico_SDK_v1.5.1/pico-sdk/lib/tinyusb/src/tusb.c.obj
                0x10006128                tu_edpt_claim
 .text.tu_edpt_release
                0x10006178       0x3c CMakeFiles/pulsox.dir/C_/Program_Files/Raspberry_Pi/Pico_SDK_v1.5.1/pico-sdk/lib/tinyusb/src/tusb.c.obj
                0x10006178                tu_edpt_release
 .text.tu_edpt_validate
                0x100061b4       0x78 CMakeFiles/pulsox.dir/C_/Program_Files/Raspberry_Pi/Pico_SDK_v1.5.1/pico-sdk/lib/tinyusb/src/tusb.c.obj
                0x100061b4                tu_edpt_validate
 .text.tu_edpt_bind_driver
                0x1000622c       0x26 CMakeFiles/pulsox.dir/C_/Program_Files/Raspberry_Pi/Pico_SDK_v1.5.1/pico-sdk/lib/tinyusb/src/tusb.c.obj
                0x1000622c                tu_edpt_bind_driver
 .text.advance_index
                0x10006252       0x1a CMakeFiles/pulsox.dir/C_/Program_Files/Raspberry_Pi/Pico_SDK_v1.5.1/pico-sdk/lib/tinyusb/src/common/tusb_fifo.c.obj
 .text._tu_fifo_peek
                0x1000626c       0x56 CMakeFiles/pulsox.dir/C_/Program_Files/Raspberry_Pi/Pico_SDK_v1.5.1/pico-sdk/lib/tinyusb/src/common/tusb_fifo.c.obj
 .text._ff_pull_const_addr
                0x100062c2       0x4c CMakeFiles/pulsox.dir/C_/Program_Files/Raspberry_Pi/Pico_SDK_v1.5.1/pico-sdk/lib/tinyusb/src/common/tusb_fifo.c.obj
 .text._ff_pull_n
                0x1000630e      0x110 CMakeFiles/pulsox.dir/C_/Program_Files/Raspberry_Pi/Pico_SDK_v1.5.1/pico-sdk/lib/tinyusb/src/common/tusb_fifo.c.obj
 .text._tu_fifo_peek_n
                0x1000641e       0x6a CMakeFiles/pulsox.dir/C_/Program_Files/Raspberry_Pi/Pico_SDK_v1.5.1/pico-sdk/lib/tinyusb/src/common/tusb_fifo.c.obj
 .text._tu_fifo_read_n
                0x10006488       0x4e CMakeFiles/pulsox.dir/C_/Program_Files/Raspberry_Pi/Pico_SDK_v1.5.1/pico-sdk/lib/tinyusb/src/common/tusb_fifo.c.obj
 .text._ff_push_const_addr
                0x100064d6       0x40 CMakeFiles/pulsox.dir/C_/Program_Files/Raspberry_Pi/Pico_SDK_v1.5.1/pico-sdk/lib/tinyusb/src/common/tusb_fifo.c.obj
 .text._ff_push_n
                0x10006516      0x10c CMakeFiles/pulsox.dir/C_/Program_Files/Raspberry_Pi/Pico_SDK_v1.5.1/pico-sdk/lib/tinyusb/src/common/tusb_fifo.c.obj
 .text._tu_fifo_write_n
                0x10006622       0xf0 CMakeFiles/pulsox.dir/C_/Program_Files/Raspberry_Pi/Pico_SDK_v1.5.1/pico-sdk/lib/tinyusb/src/common/tusb_fifo.c.obj
 .text.tu_fifo_config
                0x10006712       0x7c CMakeFiles/pulsox.dir/C_/Program_Files/Raspberry_Pi/Pico_SDK_v1.5.1/pico-sdk/lib/tinyusb/src/common/tusb_fifo.c.obj
                0x10006712                tu_fifo_config
 .text.tu_fifo_count
                0x1000678e       0x2a CMakeFiles/pulsox.dir/C_/Program_Files/Raspberry_Pi/Pico_SDK_v1.5.1/pico-sdk/lib/tinyusb/src/common/tusb_fifo.c.obj
                0x1000678e                tu_fifo_count
 .text.tu_fifo_empty
                0x100067b8       0x10 CMakeFiles/pulsox.dir/C_/Program_Files/Raspberry_Pi/Pico_SDK_v1.5.1/pico-sdk/lib/tinyusb/src/common/tusb_fifo.c.obj
                0x100067b8                tu_fifo_empty
 .text.tu_fifo_full
                0x100067c8       0x28 CMakeFiles/pulsox.dir/C_/Program_Files/Raspberry_Pi/Pico_SDK_v1.5.1/pico-sdk/lib/tinyusb/src/common/tusb_fifo.c.obj
                0x100067c8                tu_fifo_full
 .text.tu_fifo_remaining
                0x100067f0       0x2c CMakeFiles/pulsox.dir/C_/Program_Files/Raspberry_Pi/Pico_SDK_v1.5.1/pico-sdk/lib/tinyusb/src/common/tusb_fifo.c.obj
                0x100067f0                tu_fifo_remaining
 .text.tu_fifo_read
                0x1000681c       0x42 CMakeFiles/pulsox.dir/C_/Program_Files/Raspberry_Pi/Pico_SDK_v1.5.1/pico-sdk/lib/tinyusb/src/common/tusb_fifo.c.obj
                0x1000681c                tu_fifo_read
 .text.tu_fifo_read_n
                0x1000685e        0xa CMakeFiles/pulsox.dir/C_/Program_Files/Raspberry_Pi/Pico_SDK_v1.5.1/pico-sdk/lib/tinyusb/src/common/tusb_fifo.c.obj
                0x1000685e                tu_fifo_read_n
 .text.tu_fifo_write
                0x10006868       0x64 CMakeFiles/pulsox.dir/C_/Program_Files/Raspberry_Pi/Pico_SDK_v1.5.1/pico-sdk/lib/tinyusb/src/common/tusb_fifo.c.obj
                0x10006868                tu_fifo_write
 .text.tu_fifo_write_n
                0x100068cc        0xa CMakeFiles/pulsox.dir/C_/Program_Files/Raspberry_Pi/Pico_SDK_v1.5.1/pico-sdk/lib/tinyusb/src/common/tusb_fifo.c.obj
                0x100068cc                tu_fifo_write_n
 .text.tu_fifo_clear
                0x100068d6       0x3e CMakeFiles/pulsox.dir/C_/Program_Files/Raspberry_Pi/Pico_SDK_v1.5.1/pico-sdk/lib/tinyusb/src/common/tusb_fifo.c.obj
                0x100068d6                tu_fifo_clear
 .text.tu_fifo_set_overwritable
                0x10006914       0x46 CMakeFiles/pulsox.dir/C_/Program_Files/Raspberry_Pi/Pico_SDK_v1.5.1/pico-sdk/lib/tinyusb/src/common/tusb_fifo.c.obj
                0x10006914                tu_fifo_set_overwritable
 *fill*         0x1000695a        0x2 
 .text.cyw43_arch_set_async_context
                0x1000695c        0xc CMakeFiles/pulsox.dir/C_/Program_Files/Raspberry_Pi/Pico_SDK_v1.5.1/pico-sdk/src/rp2_common/pico_cyw43_arch/cyw43_arch.c.obj
                0x1000695c                cyw43_arch_set_async_context
 .text.cyw43_arch_gpio_put
                0x10006968       0x14 CMakeFiles/pulsox.dir/C_/Program_Files/Raspberry_Pi/Pico_SDK_v1.5.1/pico-sdk/src/rp2_common/pico_cyw43_arch/cyw43_arch.c.obj
                0x10006968                cyw43_arch_gpio_put
 .text.cyw43_arch_async_context
                0x1000697c        0xc CMakeFiles/pulsox.dir/C_/Program_Files/Raspberry_Pi/Pico_SDK_v1.5.1/pico-sdk/src/rp2_common/pico_cyw43_arch/cyw43_arch.c.obj
                0x1000697c                cyw43_arch_async_context
 .text.cyw43_arch_init_default_async_context
                0x10006988       0x20 CMakeFiles/pulsox.dir/C_/Program_Files/Raspberry_Pi/Pico_SDK_v1.5.1/pico-sdk/src/rp2_common/pico_cyw43_arch/cyw43_arch_threadsafe_background.c.obj
                0x10006988                cyw43_arch_init_default_async_context
 .text.cyw43_arch_deinit
                0x100069a8       0x28 CMakeFiles/pulsox.dir/C_/Program_Files/Raspberry_Pi/Pico_SDK_v1.5.1/pico-sdk/src/rp2_common/pico_cyw43_arch/cyw43_arch_threadsafe_background.c.obj
                0x100069a8                cyw43_arch_deinit
 .text.cyw43_arch_init
                0x100069d0       0x36 CMakeFiles/pulsox.dir/C_/Program_Files/Raspberry_Pi/Pico_SDK_v1.5.1/pico-sdk/src/rp2_common/pico_cyw43_arch/cyw43_arch_threadsafe_background.c.obj
                0x100069d0                cyw43_arch_init
 .text.cs_set   0x10006a06       0x1c CMakeFiles/pulsox.dir/C_/Program_Files/Raspberry_Pi/Pico_SDK_v1.5.1/pico-sdk/src/rp2_common/pico_cyw43_driver/cyw43_bus_pio_spi.c.obj
 *fill*         0x10006a22        0x2 
 .text.start_spi_comms
                0x10006a24       0x2c CMakeFiles/pulsox.dir/C_/Program_Files/Raspberry_Pi/Pico_SDK_v1.5.1/pico-sdk/src/rp2_common/pico_cyw43_driver/cyw43_bus_pio_spi.c.obj
 .text.ns_delay
                0x10006a50       0x20 CMakeFiles/pulsox.dir/C_/Program_Files/Raspberry_Pi/Pico_SDK_v1.5.1/pico-sdk/src/rp2_common/pico_cyw43_driver/cyw43_bus_pio_spi.c.obj
 .text.stop_spi_comms
                0x10006a70       0x10 CMakeFiles/pulsox.dir/C_/Program_Files/Raspberry_Pi/Pico_SDK_v1.5.1/pico-sdk/src/rp2_common/pico_cyw43_driver/cyw43_bus_pio_spi.c.obj
 .text.cyw43_spi_deinit
                0x10006a80       0x74 CMakeFiles/pulsox.dir/C_/Program_Files/Raspberry_Pi/Pico_SDK_v1.5.1/pico-sdk/src/rp2_common/pico_cyw43_driver/cyw43_bus_pio_spi.c.obj
                0x10006a80                cyw43_spi_deinit
 .text.cyw43_spi_init
                0x10006af4      0x284 CMakeFiles/pulsox.dir/C_/Program_Files/Raspberry_Pi/Pico_SDK_v1.5.1/pico-sdk/src/rp2_common/pico_cyw43_driver/cyw43_bus_pio_spi.c.obj
                0x10006af4                cyw43_spi_init
 .text.cyw43_spi_transfer
                0x10006d78      0x694 CMakeFiles/pulsox.dir/C_/Program_Files/Raspberry_Pi/Pico_SDK_v1.5.1/pico-sdk/src/rp2_common/pico_cyw43_driver/cyw43_bus_pio_spi.c.obj
                0x10006d78                cyw43_spi_transfer
 .text.cyw43_spi_gpio_setup
                0x1000740c       0x3a CMakeFiles/pulsox.dir/C_/Program_Files/Raspberry_Pi/Pico_SDK_v1.5.1/pico-sdk/src/rp2_common/pico_cyw43_driver/cyw43_bus_pio_spi.c.obj
                0x1000740c                cyw43_spi_gpio_setup
 .text.cyw43_spi_reset
                0x10007446       0x28 CMakeFiles/pulsox.dir/C_/Program_Files/Raspberry_Pi/Pico_SDK_v1.5.1/pico-sdk/src/rp2_common/pico_cyw43_driver/cyw43_bus_pio_spi.c.obj
                0x10007446                cyw43_spi_reset
 *fill*         0x1000746e        0x2 
 .text.read_reg_u32_swap
                0x10007470       0x68 CMakeFiles/pulsox.dir/C_/Program_Files/Raspberry_Pi/Pico_SDK_v1.5.1/pico-sdk/src/rp2_common/pico_cyw43_driver/cyw43_bus_pio_spi.c.obj
                0x10007470                read_reg_u32_swap
 .text.cyw43_read_reg_u32
                0x100074d8       0x54 CMakeFiles/pulsox.dir/C_/Program_Files/Raspberry_Pi/Pico_SDK_v1.5.1/pico-sdk/src/rp2_common/pico_cyw43_driver/cyw43_bus_pio_spi.c.obj
                0x100074d8                cyw43_read_reg_u32
 .text.cyw43_read_reg_u16
                0x1000752c       0x54 CMakeFiles/pulsox.dir/C_/Program_Files/Raspberry_Pi/Pico_SDK_v1.5.1/pico-sdk/src/rp2_common/pico_cyw43_driver/cyw43_bus_pio_spi.c.obj
                0x1000752c                cyw43_read_reg_u16
 .text.cyw43_read_reg_u8
                0x10007580       0x54 CMakeFiles/pulsox.dir/C_/Program_Files/Raspberry_Pi/Pico_SDK_v1.5.1/pico-sdk/src/rp2_common/pico_cyw43_driver/cyw43_bus_pio_spi.c.obj
                0x10007580                cyw43_read_reg_u8
 .text.write_reg_u32_swap
                0x100075d4       0x34 CMakeFiles/pulsox.dir/C_/Program_Files/Raspberry_Pi/Pico_SDK_v1.5.1/pico-sdk/src/rp2_common/pico_cyw43_driver/cyw43_bus_pio_spi.c.obj
                0x100075d4                write_reg_u32_swap
 .text.cyw43_write_reg_u32
                0x10007608       0x58 CMakeFiles/pulsox.dir/C_/Program_Files/Raspberry_Pi/Pico_SDK_v1.5.1/pico-sdk/src/rp2_common/pico_cyw43_driver/cyw43_bus_pio_spi.c.obj
                0x10007608                cyw43_write_reg_u32
 .text.cyw43_write_reg_u16
                0x10007660       0x58 CMakeFiles/pulsox.dir/C_/Program_Files/Raspberry_Pi/Pico_SDK_v1.5.1/pico-sdk/src/rp2_common/pico_cyw43_driver/cyw43_bus_pio_spi.c.obj
                0x10007660                cyw43_write_reg_u16
 .text.cyw43_write_reg_u8
                0x100076b8       0x58 CMakeFiles/pulsox.dir/C_/Program_Files/Raspberry_Pi/Pico_SDK_v1.5.1/pico-sdk/src/rp2_common/pico_cyw43_driver/cyw43_bus_pio_spi.c.obj
                0x100076b8                cyw43_write_reg_u8
 .text.cyw43_read_bytes
                0x10007710      0x104 CMakeFiles/pulsox.dir/C_/Program_Files/Raspberry_Pi/Pico_SDK_v1.5.1/pico-sdk/src/rp2_common/pico_cyw43_driver/cyw43_bus_pio_spi.c.obj
                0x10007710                cyw43_read_bytes
 .text.cyw43_write_bytes
                0x10007814      0x128 CMakeFiles/pulsox.dir/C_/Program_Files/Raspberry_Pi/Pico_SDK_v1.5.1/pico-sdk/src/rp2_common/pico_cyw43_driver/cyw43_bus_pio_spi.c.obj
                0x10007814                cyw43_write_bytes
 .text.get_core_address
                0x1000793c       0x1c CMakeFiles/pulsox.dir/C_/Program_Files/Raspberry_Pi/Pico_SDK_v1.5.1/pico-sdk/lib/cyw43-driver/src/cyw43_ll.c.obj
 .text.sdpcm_process_rx_packet
                0x10007958      0x180 CMakeFiles/pulsox.dir/C_/Program_Files/Raspberry_Pi/Pico_SDK_v1.5.1/pico-sdk/lib/cyw43-driver/src/cyw43_ll.c.obj
 .text.cyw43_ll_wifi_parse_scan_result
                0x10007ad8       0x9c CMakeFiles/pulsox.dir/C_/Program_Files/Raspberry_Pi/Pico_SDK_v1.5.1/pico-sdk/lib/cyw43-driver/src/cyw43_ll.c.obj
 .text.cyw43_ll_parse_async_event
                0x10007b74       0x8e CMakeFiles/pulsox.dir/C_/Program_Files/Raspberry_Pi/Pico_SDK_v1.5.1/pico-sdk/lib/cyw43-driver/src/cyw43_ll.c.obj
 *fill*         0x10007c02        0x2 
 .text.cyw43_kso_set
                0x10007c04       0x98 CMakeFiles/pulsox.dir/C_/Program_Files/Raspberry_Pi/Pico_SDK_v1.5.1/pico-sdk/lib/cyw43-driver/src/cyw43_ll.c.obj
 .text.cyw43_ll_bus_sleep_helper
                0x10007c9c        0xe CMakeFiles/pulsox.dir/C_/Program_Files/Raspberry_Pi/Pico_SDK_v1.5.1/pico-sdk/lib/cyw43-driver/src/cyw43_ll.c.obj
 *fill*         0x10007caa        0x2 
 .text.cyw43_read_reg
                0x10007cac       0x48 CMakeFiles/pulsox.dir/C_/Program_Files/Raspberry_Pi/Pico_SDK_v1.5.1/pico-sdk/lib/cyw43-driver/src/cyw43_ll.c.obj
 .text.cyw43_write_reg
                0x10007cf4       0x4c CMakeFiles/pulsox.dir/C_/Program_Files/Raspberry_Pi/Pico_SDK_v1.5.1/pico-sdk/lib/cyw43-driver/src/cyw43_ll.c.obj
 .text.cyw43_set_backplane_window
                0x10007d40       0x74 CMakeFiles/pulsox.dir/C_/Program_Files/Raspberry_Pi/Pico_SDK_v1.5.1/pico-sdk/lib/cyw43-driver/src/cyw43_ll.c.obj
 .text.cyw43_read_backplane
                0x10007db4       0x30 CMakeFiles/pulsox.dir/C_/Program_Files/Raspberry_Pi/Pico_SDK_v1.5.1/pico-sdk/lib/cyw43-driver/src/cyw43_ll.c.obj
 .text.disable_device_core
                0x10007de4       0x3c CMakeFiles/pulsox.dir/C_/Program_Files/Raspberry_Pi/Pico_SDK_v1.5.1/pico-sdk/lib/cyw43-driver/src/cyw43_ll.c.obj
 .text.device_core_is_up
                0x10007e20       0x4c CMakeFiles/pulsox.dir/C_/Program_Files/Raspberry_Pi/Pico_SDK_v1.5.1/pico-sdk/lib/cyw43-driver/src/cyw43_ll.c.obj
 .text.cyw43_write_backplane
                0x10007e6c       0x34 CMakeFiles/pulsox.dir/C_/Program_Files/Raspberry_Pi/Pico_SDK_v1.5.1/pico-sdk/lib/cyw43-driver/src/cyw43_ll.c.obj
 .text.reset_device_core
                0x10007ea0       0x74 CMakeFiles/pulsox.dir/C_/Program_Files/Raspberry_Pi/Pico_SDK_v1.5.1/pico-sdk/lib/cyw43-driver/src/cyw43_ll.c.obj
 .text.cyw43_download_resource
                0x10007f14      0x17c CMakeFiles/pulsox.dir/C_/Program_Files/Raspberry_Pi/Pico_SDK_v1.5.1/pico-sdk/lib/cyw43-driver/src/cyw43_ll.c.obj
 .text.cyw43_ll_init
                0x10008090       0x20 CMakeFiles/pulsox.dir/C_/Program_Files/Raspberry_Pi/Pico_SDK_v1.5.1/pico-sdk/lib/cyw43-driver/src/cyw43_ll.c.obj
                0x10008090                cyw43_ll_init
 .text.cyw43_ll_deinit
                0x100080b0        0x8 CMakeFiles/pulsox.dir/C_/Program_Files/Raspberry_Pi/Pico_SDK_v1.5.1/pico-sdk/lib/cyw43-driver/src/cyw43_ll.c.obj
                0x100080b0                cyw43_ll_deinit
 .text.cyw43_ll_bus_sleep
                0x100080b8       0x34 CMakeFiles/pulsox.dir/C_/Program_Files/Raspberry_Pi/Pico_SDK_v1.5.1/pico-sdk/lib/cyw43-driver/src/cyw43_ll.c.obj
                0x100080b8                cyw43_ll_bus_sleep
 .text.cyw43_ll_sdpcm_poll_device
                0x100080ec      0x158 CMakeFiles/pulsox.dir/C_/Program_Files/Raspberry_Pi/Pico_SDK_v1.5.1/pico-sdk/lib/cyw43-driver/src/cyw43_ll.c.obj
 .text.cyw43_ll_process_packets
                0x10008244       0x5c CMakeFiles/pulsox.dir/C_/Program_Files/Raspberry_Pi/Pico_SDK_v1.5.1/pico-sdk/lib/cyw43-driver/src/cyw43_ll.c.obj
                0x10008244                cyw43_ll_process_packets
 .text.cyw43_sdpcm_send_common
                0x100082a0      0x104 CMakeFiles/pulsox.dir/C_/Program_Files/Raspberry_Pi/Pico_SDK_v1.5.1/pico-sdk/lib/cyw43-driver/src/cyw43_ll.c.obj
 .text.cyw43_send_ioctl
                0x100083a4       0x56 CMakeFiles/pulsox.dir/C_/Program_Files/Raspberry_Pi/Pico_SDK_v1.5.1/pico-sdk/lib/cyw43-driver/src/cyw43_ll.c.obj
 *fill*         0x100083fa        0x2 
 .text.cyw43_do_ioctl
                0x100083fc       0xc0 CMakeFiles/pulsox.dir/C_/Program_Files/Raspberry_Pi/Pico_SDK_v1.5.1/pico-sdk/lib/cyw43-driver/src/cyw43_ll.c.obj
 .text.cyw43_ll_ioctl
                0x100084bc       0x1e CMakeFiles/pulsox.dir/C_/Program_Files/Raspberry_Pi/Pico_SDK_v1.5.1/pico-sdk/lib/cyw43-driver/src/cyw43_ll.c.obj
                0x100084bc                cyw43_ll_ioctl
 *fill*         0x100084da        0x2 
 .text.cyw43_clm_load
                0x100084dc       0xdc CMakeFiles/pulsox.dir/C_/Program_Files/Raspberry_Pi/Pico_SDK_v1.5.1/pico-sdk/lib/cyw43-driver/src/cyw43_ll.c.obj
 .text.cyw43_write_iovar_u32
                0x100085b8       0x60 CMakeFiles/pulsox.dir/C_/Program_Files/Raspberry_Pi/Pico_SDK_v1.5.1/pico-sdk/lib/cyw43-driver/src/cyw43_ll.c.obj
 .text.cyw43_write_iovar_n
                0x10008618       0x50 CMakeFiles/pulsox.dir/C_/Program_Files/Raspberry_Pi/Pico_SDK_v1.5.1/pico-sdk/lib/cyw43-driver/src/cyw43_ll.c.obj
 .text.cyw43_set_ioctl_u32
                0x10008668       0x30 CMakeFiles/pulsox.dir/C_/Program_Files/Raspberry_Pi/Pico_SDK_v1.5.1/pico-sdk/lib/cyw43-driver/src/cyw43_ll.c.obj
 .text.cyw43_write_iovar_u32_u32
                0x10008698       0x74 CMakeFiles/pulsox.dir/C_/Program_Files/Raspberry_Pi/Pico_SDK_v1.5.1/pico-sdk/lib/cyw43-driver/src/cyw43_ll.c.obj
 .text.cyw43_ll_wifi_get_mac
                0x1000870c       0x48 CMakeFiles/pulsox.dir/C_/Program_Files/Raspberry_Pi/Pico_SDK_v1.5.1/pico-sdk/lib/cyw43-driver/src/cyw43_ll.c.obj
                0x1000870c                cyw43_ll_wifi_get_mac
 .text.cyw43_ll_bus_init
                0x10008754      0x360 CMakeFiles/pulsox.dir/C_/Program_Files/Raspberry_Pi/Pico_SDK_v1.5.1/pico-sdk/lib/cyw43-driver/src/cyw43_ll.c.obj
                0x10008754                cyw43_ll_bus_init
 .text.cyw43_ll_wifi_set_wpa_auth
                0x10008ab4        0xe CMakeFiles/pulsox.dir/C_/Program_Files/Raspberry_Pi/Pico_SDK_v1.5.1/pico-sdk/lib/cyw43-driver/src/cyw43_ll.c.obj
                0x10008ab4                cyw43_ll_wifi_set_wpa_auth
 *fill*         0x10008ac2        0x2 
 .text.cyw43_ll_wifi_rejoin
                0x10008ac4       0x20 CMakeFiles/pulsox.dir/C_/Program_Files/Raspberry_Pi/Pico_SDK_v1.5.1/pico-sdk/lib/cyw43-driver/src/cyw43_ll.c.obj
                0x10008ac4                cyw43_ll_wifi_rejoin
 .text.cyw43_ll_gpio_set
                0x10008ae4       0x30 CMakeFiles/pulsox.dir/C_/Program_Files/Raspberry_Pi/Pico_SDK_v1.5.1/pico-sdk/lib/cyw43-driver/src/cyw43_ll.c.obj
                0x10008ae4                cyw43_ll_gpio_set
 .text.cyw43_ll_has_work
                0x10008b14       0x12 CMakeFiles/pulsox.dir/C_/Program_Files/Raspberry_Pi/Pico_SDK_v1.5.1/pico-sdk/lib/cyw43-driver/src/cyw43_ll.c.obj
                0x10008b14                cyw43_ll_has_work
 *fill*         0x10008b26        0x2 
 .text.cyw43_poll_func
                0x10008b28       0xb0 CMakeFiles/pulsox.dir/C_/Program_Files/Raspberry_Pi/Pico_SDK_v1.5.1/pico-sdk/lib/cyw43-driver/src/cyw43_ctrl.c.obj
 .text.cyw43_dump_async_event
                0x10008bd8       0x8c CMakeFiles/pulsox.dir/C_/Program_Files/Raspberry_Pi/Pico_SDK_v1.5.1/pico-sdk/lib/cyw43-driver/src/cyw43_ctrl.c.obj
 .text.cyw43_ensure_up
                0x10008c64       0xec CMakeFiles/pulsox.dir/C_/Program_Files/Raspberry_Pi/Pico_SDK_v1.5.1/pico-sdk/lib/cyw43-driver/src/cyw43_ctrl.c.obj
 .text.cyw43_init
                0x10008d50       0x8c CMakeFiles/pulsox.dir/C_/Program_Files/Raspberry_Pi/Pico_SDK_v1.5.1/pico-sdk/lib/cyw43-driver/src/cyw43_ctrl.c.obj
                0x10008d50                cyw43_init
 .text.cyw43_deinit
                0x10008ddc       0x3c CMakeFiles/pulsox.dir/C_/Program_Files/Raspberry_Pi/Pico_SDK_v1.5.1/pico-sdk/lib/cyw43-driver/src/cyw43_ctrl.c.obj
                0x10008ddc                cyw43_deinit
 .text.cyw43_cb_read_host_interrupt_pin
                0x10008e18        0xe CMakeFiles/pulsox.dir/C_/Program_Files/Raspberry_Pi/Pico_SDK_v1.5.1/pico-sdk/lib/cyw43-driver/src/cyw43_ctrl.c.obj
                0x10008e18                cyw43_cb_read_host_interrupt_pin
 *fill*         0x10008e26        0x2 
 .text.cyw43_cb_ensure_awake
                0x10008e28        0xc CMakeFiles/pulsox.dir/C_/Program_Files/Raspberry_Pi/Pico_SDK_v1.5.1/pico-sdk/lib/cyw43-driver/src/cyw43_ctrl.c.obj
                0x10008e28                cyw43_cb_ensure_awake
 .text.cyw43_cb_process_async_event
                0x10008e34      0x1b8 CMakeFiles/pulsox.dir/C_/Program_Files/Raspberry_Pi/Pico_SDK_v1.5.1/pico-sdk/lib/cyw43-driver/src/cyw43_ctrl.c.obj
                0x10008e34                cyw43_cb_process_async_event
 .text.cyw43_gpio_set
                0x10008fec       0x30 CMakeFiles/pulsox.dir/C_/Program_Files/Raspberry_Pi/Pico_SDK_v1.5.1/pico-sdk/lib/cyw43-driver/src/cyw43_ctrl.c.obj
                0x10008fec                cyw43_gpio_set
 .text._pio_can_add_program_at_offset
                0x1000901c       0x3c CMakeFiles/pulsox.dir/C_/Program_Files/Raspberry_Pi/Pico_SDK_v1.5.1/pico-sdk/src/rp2_common/hardware_pio/pio.c.obj
 .text._pio_find_offset_for_program
                0x10009058       0x7c CMakeFiles/pulsox.dir/C_/Program_Files/Raspberry_Pi/Pico_SDK_v1.5.1/pico-sdk/src/rp2_common/hardware_pio/pio.c.obj
 .text._pio_add_program_at_offset
                0x100090d4       0x78 CMakeFiles/pulsox.dir/C_/Program_Files/Raspberry_Pi/Pico_SDK_v1.5.1/pico-sdk/src/rp2_common/hardware_pio/pio.c.obj
 .text.pio_sm_unclaim
                0x1000914c       0x20 CMakeFiles/pulsox.dir/C_/Program_Files/Raspberry_Pi/Pico_SDK_v1.5.1/pico-sdk/src/rp2_common/hardware_pio/pio.c.obj
                0x1000914c                pio_sm_unclaim
 .text.pio_claim_unused_sm
                0x1000916c       0x3c CMakeFiles/pulsox.dir/C_/Program_Files/Raspberry_Pi/Pico_SDK_v1.5.1/pico-sdk/src/rp2_common/hardware_pio/pio.c.obj
                0x1000916c                pio_claim_unused_sm
 .text.pio_can_add_program
                0x100091a8       0x26 CMakeFiles/pulsox.dir/C_/Program_Files/Raspberry_Pi/Pico_SDK_v1.5.1/pico-sdk/src/rp2_common/hardware_pio/pio.c.obj
                0x100091a8                pio_can_add_program
 *fill*         0x100091ce        0x2 
 .text.pio_add_program
                0x100091d0       0x38 CMakeFiles/pulsox.dir/C_/Program_Files/Raspberry_Pi/Pico_SDK_v1.5.1/pico-sdk/src/rp2_common/hardware_pio/pio.c.obj
                0x100091d0                pio_add_program
 .text.pio_remove_program
                0x10009208       0x58 CMakeFiles/pulsox.dir/C_/Program_Files/Raspberry_Pi/Pico_SDK_v1.5.1/pico-sdk/src/rp2_common/hardware_pio/pio.c.obj
                0x10009208                pio_remove_program
 .text.pio_sm_set_pindirs_with_mask
                0x10009260       0x9c CMakeFiles/pulsox.dir/C_/Program_Files/Raspberry_Pi/Pico_SDK_v1.5.1/pico-sdk/src/rp2_common/hardware_pio/pio.c.obj
                0x10009260                pio_sm_set_pindirs_with_mask
 .text.pio_sm_set_consecutive_pindirs
                0x100092fc       0xa4 CMakeFiles/pulsox.dir/C_/Program_Files/Raspberry_Pi/Pico_SDK_v1.5.1/pico-sdk/src/rp2_common/hardware_pio/pio.c.obj
                0x100092fc                pio_sm_set_consecutive_pindirs
 .text.dma_channel_unclaim
                0x100093a0       0x10 CMakeFiles/pulsox.dir/C_/Program_Files/Raspberry_Pi/Pico_SDK_v1.5.1/pico-sdk/src/rp2_common/hardware_dma/dma.c.obj
                0x100093a0                dma_channel_unclaim
 .text.dma_claim_unused_channel
                0x100093b0       0x20 CMakeFiles/pulsox.dir/C_/Program_Files/Raspberry_Pi/Pico_SDK_v1.5.1/pico-sdk/src/rp2_common/hardware_dma/dma.c.obj
                0x100093b0                dma_claim_unused_channel
 .text.dma_channel_cleanup
                0x100093d0       0x5c CMakeFiles/pulsox.dir/C_/Program_Files/Raspberry_Pi/Pico_SDK_v1.5.1/pico-sdk/src/rp2_common/hardware_dma/dma.c.obj
                0x100093d0                dma_channel_cleanup
 .text.cyw43_sleep_timeout_reached
                0x1000942c       0x50 CMakeFiles/pulsox.dir/C_/Program_Files/Raspberry_Pi/Pico_SDK_v1.5.1/pico-sdk/src/rp2_common/pico_cyw43_driver/cyw43_driver.c.obj
 .text.cyw43_set_irq_enabled
                0x1000947c        0xe CMakeFiles/pulsox.dir/C_/Program_Files/Raspberry_Pi/Pico_SDK_v1.5.1/pico-sdk/src/rp2_common/pico_cyw43_driver/cyw43_driver.c.obj
 *fill*         0x1000948a        0x2 
 .text.cyw43_irq_init
                0x1000948c       0x50 CMakeFiles/pulsox.dir/C_/Program_Files/Raspberry_Pi/Pico_SDK_v1.5.1/pico-sdk/src/rp2_common/pico_cyw43_driver/cyw43_driver.c.obj
                0x1000948c                cyw43_irq_init
 .text.cyw43_gpio_irq_handler
                0x100094dc       0x40 CMakeFiles/pulsox.dir/C_/Program_Files/Raspberry_Pi/Pico_SDK_v1.5.1/pico-sdk/src/rp2_common/pico_cyw43_driver/cyw43_driver.c.obj
 .text.cyw43_irq_deinit
                0x1000951c       0x48 CMakeFiles/pulsox.dir/C_/Program_Files/Raspberry_Pi/Pico_SDK_v1.5.1/pico-sdk/src/rp2_common/pico_cyw43_driver/cyw43_driver.c.obj
                0x1000951c                cyw43_irq_deinit
 .text.no_lwip_fail
                0x10009564        0xc CMakeFiles/pulsox.dir/C_/Program_Files/Raspberry_Pi/Pico_SDK_v1.5.1/pico-sdk/src/rp2_common/pico_cyw43_driver/cyw43_driver.c.obj
 .text.cyw43_do_poll
                0x10009570       0xc8 CMakeFiles/pulsox.dir/C_/Program_Files/Raspberry_Pi/Pico_SDK_v1.5.1/pico-sdk/src/rp2_common/pico_cyw43_driver/cyw43_driver.c.obj
 .text.cyw43_post_poll_hook
                0x10009638       0x38 CMakeFiles/pulsox.dir/C_/Program_Files/Raspberry_Pi/Pico_SDK_v1.5.1/pico-sdk/src/rp2_common/pico_cyw43_driver/cyw43_driver.c.obj
                0x10009638                cyw43_post_poll_hook
 .text.cyw43_schedule_internal_poll_dispatch
                0x10009670       0x3c CMakeFiles/pulsox.dir/C_/Program_Files/Raspberry_Pi/Pico_SDK_v1.5.1/pico-sdk/src/rp2_common/pico_cyw43_driver/cyw43_driver.c.obj
                0x10009670                cyw43_schedule_internal_poll_dispatch
 .text.cyw43_driver_init
                0x100096ac       0x38 CMakeFiles/pulsox.dir/C_/Program_Files/Raspberry_Pi/Pico_SDK_v1.5.1/pico-sdk/src/rp2_common/pico_cyw43_driver/cyw43_driver.c.obj
                0x100096ac                cyw43_driver_init
 .text.cyw43_driver_deinit
                0x100096e4       0x64 CMakeFiles/pulsox.dir/C_/Program_Files/Raspberry_Pi/Pico_SDK_v1.5.1/pico-sdk/src/rp2_common/pico_cyw43_driver/cyw43_driver.c.obj
                0x100096e4                cyw43_driver_deinit
 .text.storage_read_blocks
                0x10009748        0x6 CMakeFiles/pulsox.dir/C_/Program_Files/Raspberry_Pi/Pico_SDK_v1.5.1/pico-sdk/src/rp2_common/pico_cyw43_driver/cyw43_driver.c.obj
                0x10009748                storage_read_blocks
 *fill*         0x1000974e        0x2 
 .text.cyw43_hal_generate_laa_mac
                0x10009750       0x34 CMakeFiles/pulsox.dir/C_/Program_Files/Raspberry_Pi/Pico_SDK_v1.5.1/pico-sdk/src/rp2_common/pico_cyw43_driver/cyw43_driver.c.obj
                0x10009750                cyw43_hal_generate_laa_mac
 .text.cyw43_thread_enter
                0x10009784       0x14 CMakeFiles/pulsox.dir/C_/Program_Files/Raspberry_Pi/Pico_SDK_v1.5.1/pico-sdk/src/rp2_common/pico_cyw43_driver/cyw43_driver.c.obj
                0x10009784                cyw43_thread_enter
 .text.cyw43_thread_exit
                0x10009798       0x14 CMakeFiles/pulsox.dir/C_/Program_Files/Raspberry_Pi/Pico_SDK_v1.5.1/pico-sdk/src/rp2_common/pico_cyw43_driver/cyw43_driver.c.obj
                0x10009798                cyw43_thread_exit
 .text.cyw43_thread_lock_check
                0x100097ac       0x14 CMakeFiles/pulsox.dir/C_/Program_Files/Raspberry_Pi/Pico_SDK_v1.5.1/pico-sdk/src/rp2_common/pico_cyw43_driver/cyw43_driver.c.obj
                0x100097ac                cyw43_thread_lock_check
 .text.cyw43_await_background_or_timeout_us
                0x100097c0       0x60 CMakeFiles/pulsox.dir/C_/Program_Files/Raspberry_Pi/Pico_SDK_v1.5.1/pico-sdk/src/rp2_common/pico_cyw43_driver/cyw43_driver.c.obj
                0x100097c0                cyw43_await_background_or_timeout_us
 .text.cyw43_delay_ms
                0x10009820       0x70 CMakeFiles/pulsox.dir/C_/Program_Files/Raspberry_Pi/Pico_SDK_v1.5.1/pico-sdk/src/rp2_common/pico_cyw43_driver/cyw43_driver.c.obj
                0x10009820                cyw43_delay_ms
 .text.cyw43_cb_tcpip_deinit
                0x10009890        0x2 CMakeFiles/pulsox.dir/C_/Program_Files/Raspberry_Pi/Pico_SDK_v1.5.1/pico-sdk/src/rp2_common/pico_cyw43_driver/cyw43_driver.c.obj
                0x10009890                cyw43_cb_tcpip_deinit
 .text.cyw43_cb_tcpip_set_link_up
                0x10009892        0x6 CMakeFiles/pulsox.dir/C_/Program_Files/Raspberry_Pi/Pico_SDK_v1.5.1/pico-sdk/src/rp2_common/pico_cyw43_driver/cyw43_driver.c.obj
                0x10009892                cyw43_cb_tcpip_set_link_up
 .text.cyw43_cb_tcpip_set_link_down
                0x10009898        0x6 CMakeFiles/pulsox.dir/C_/Program_Files/Raspberry_Pi/Pico_SDK_v1.5.1/pico-sdk/src/rp2_common/pico_cyw43_driver/cyw43_driver.c.obj
                0x10009898                cyw43_cb_tcpip_set_link_down
 .text.cyw43_cb_process_ethernet
                0x1000989e        0x6 CMakeFiles/pulsox.dir/C_/Program_Files/Raspberry_Pi/Pico_SDK_v1.5.1/pico-sdk/src/rp2_common/pico_cyw43_driver/cyw43_driver.c.obj
                0x1000989e                cyw43_cb_process_ethernet
 .text.async_context_threadsafe_background_acquire_lock_blocking
                0x100098a4        0xa CMakeFiles/pulsox.dir/C_/Program_Files/Raspberry_Pi/Pico_SDK_v1.5.1/pico-sdk/src/rp2_common/pico_async_context/async_context_threadsafe_background.c.obj
 .text.async_context_threadsafe_background_wake_up
                0x100098ae       0x16 CMakeFiles/pulsox.dir/C_/Program_Files/Raspberry_Pi/Pico_SDK_v1.5.1/pico-sdk/src/rp2_common/pico_async_context/async_context_threadsafe_background.c.obj
 .text.alarm_handler
                0x100098c4       0x14 CMakeFiles/pulsox.dir/C_/Program_Files/Raspberry_Pi/Pico_SDK_v1.5.1/pico-sdk/src/rp2_common/pico_async_context/async_context_threadsafe_background.c.obj
 .text.async_context_threadsafe_background_set_work_pending
                0x100098d8        0xc CMakeFiles/pulsox.dir/C_/Program_Files/Raspberry_Pi/Pico_SDK_v1.5.1/pico-sdk/src/rp2_common/pico_async_context/async_context_threadsafe_background.c.obj
 .text.async_context_threadsafe_background_lock_check
                0x100098e4       0x2c CMakeFiles/pulsox.dir/C_/Program_Files/Raspberry_Pi/Pico_SDK_v1.5.1/pico-sdk/src/rp2_common/pico_async_context/async_context_threadsafe_background.c.obj
 .text.process_under_lock
                0x10009910       0xfc CMakeFiles/pulsox.dir/C_/Program_Files/Raspberry_Pi/Pico_SDK_v1.5.1/pico-sdk/src/rp2_common/pico_async_context/async_context_threadsafe_background.c.obj
 .text.lock_release
                0x10009a0c       0x1e CMakeFiles/pulsox.dir/C_/Program_Files/Raspberry_Pi/Pico_SDK_v1.5.1/pico-sdk/src/rp2_common/pico_async_context/async_context_threadsafe_background.c.obj
 .text.async_context_threadsafe_background_execute_sync
                0x10009a2a       0x1e CMakeFiles/pulsox.dir/C_/Program_Files/Raspberry_Pi/Pico_SDK_v1.5.1/pico-sdk/src/rp2_common/pico_async_context/async_context_threadsafe_background.c.obj
                0x10009a2a                async_context_threadsafe_background_execute_sync
 .text.async_context_threadsafe_background_release_lock
                0x10009a48        0x8 CMakeFiles/pulsox.dir/C_/Program_Files/Raspberry_Pi/Pico_SDK_v1.5.1/pico-sdk/src/rp2_common/pico_async_context/async_context_threadsafe_background.c.obj
 .text.low_prio_irq_deinit
                0x10009a50       0x50 CMakeFiles/pulsox.dir/C_/Program_Files/Raspberry_Pi/Pico_SDK_v1.5.1/pico-sdk/src/rp2_common/pico_async_context/async_context_threadsafe_background.c.obj
 .text.async_context_threadsafe_background_deinit
                0x10009aa0       0x58 CMakeFiles/pulsox.dir/C_/Program_Files/Raspberry_Pi/Pico_SDK_v1.5.1/pico-sdk/src/rp2_common/pico_async_context/async_context_threadsafe_background.c.obj
 .text.low_priority_irq_handler
                0x10009af8       0x78 CMakeFiles/pulsox.dir/C_/Program_Files/Raspberry_Pi/Pico_SDK_v1.5.1/pico-sdk/src/rp2_common/pico_async_context/async_context_threadsafe_background.c.obj
 .text.async_context_threadsafe_background_wait_for_work_until
                0x10009b70        0xa CMakeFiles/pulsox.dir/C_/Program_Files/Raspberry_Pi/Pico_SDK_v1.5.1/pico-sdk/src/rp2_common/pico_async_context/async_context_threadsafe_background.c.obj
 .text.async_context_threadsafe_background_wait_until
                0x10009b7a       0x1a CMakeFiles/pulsox.dir/C_/Program_Files/Raspberry_Pi/Pico_SDK_v1.5.1/pico-sdk/src/rp2_common/pico_async_context/async_context_threadsafe_background.c.obj
 .text.async_context_threadsafe_background_when_pending_worker
                0x10009b94       0x20 CMakeFiles/pulsox.dir/C_/Program_Files/Raspberry_Pi/Pico_SDK_v1.5.1/pico-sdk/src/rp2_common/pico_async_context/async_context_threadsafe_background.c.obj
 .text.async_context_threadsafe_background_add_when_pending_worker
                0x10009bb4       0x20 CMakeFiles/pulsox.dir/C_/Program_Files/Raspberry_Pi/Pico_SDK_v1.5.1/pico-sdk/src/rp2_common/pico_async_context/async_context_threadsafe_background.c.obj
 .text.async_context_threadsafe_background_remove_at_time_worker
                0x10009bd4       0x20 CMakeFiles/pulsox.dir/C_/Program_Files/Raspberry_Pi/Pico_SDK_v1.5.1/pico-sdk/src/rp2_common/pico_async_context/async_context_threadsafe_background.c.obj
 .text.async_context_threadsafe_background_add_at_time_worker
                0x10009bf4       0x20 CMakeFiles/pulsox.dir/C_/Program_Files/Raspberry_Pi/Pico_SDK_v1.5.1/pico-sdk/src/rp2_common/pico_async_context/async_context_threadsafe_background.c.obj
 .text.low_prio_irq_init
                0x10009c14       0x80 CMakeFiles/pulsox.dir/C_/Program_Files/Raspberry_Pi/Pico_SDK_v1.5.1/pico-sdk/src/rp2_common/pico_async_context/async_context_threadsafe_background.c.obj
 .text.async_context_threadsafe_background_default_config
                0x10009c94        0xa CMakeFiles/pulsox.dir/C_/Program_Files/Raspberry_Pi/Pico_SDK_v1.5.1/pico-sdk/src/rp2_common/pico_async_context/async_context_threadsafe_background.c.obj
                0x10009c94                async_context_threadsafe_background_default_config
 *fill*         0x10009c9e        0x2 
 .text.async_context_threadsafe_background_init
                0x10009ca0       0x74 CMakeFiles/pulsox.dir/C_/Program_Files/Raspberry_Pi/Pico_SDK_v1.5.1/pico-sdk/src/rp2_common/pico_async_context/async_context_threadsafe_background.c.obj
                0x10009ca0                async_context_threadsafe_background_init
 .text.async_context_base_add_at_time_worker
                0x10009d14       0x1c CMakeFiles/pulsox.dir/C_/Program_Files/Raspberry_Pi/Pico_SDK_v1.5.1/pico-sdk/src/rp2_common/pico_async_context/async_context_base.c.obj
                0x10009d14                async_context_base_add_at_time_worker
 .text.async_context_base_remove_at_time_worker
                0x10009d30       0x1c CMakeFiles/pulsox.dir/C_/Program_Files/Raspberry_Pi/Pico_SDK_v1.5.1/pico-sdk/src/rp2_common/pico_async_context/async_context_base.c.obj
                0x10009d30                async_context_base_remove_at_time_worker
 .text.async_context_base_add_when_pending_worker
                0x10009d4c       0x1c CMakeFiles/pulsox.dir/C_/Program_Files/Raspberry_Pi/Pico_SDK_v1.5.1/pico-sdk/src/rp2_common/pico_async_context/async_context_base.c.obj
                0x10009d4c                async_context_base_add_when_pending_worker
 .text.async_context_base_remove_when_pending_worker
                0x10009d68       0x1c CMakeFiles/pulsox.dir/C_/Program_Files/Raspberry_Pi/Pico_SDK_v1.5.1/pico-sdk/src/rp2_common/pico_async_context/async_context_base.c.obj
                0x10009d68                async_context_base_remove_when_pending_worker
 .text.async_context_base_remove_ready_at_time_worker
                0x10009d84       0x94 CMakeFiles/pulsox.dir/C_/Program_Files/Raspberry_Pi/Pico_SDK_v1.5.1/pico-sdk/src/rp2_common/pico_async_context/async_context_base.c.obj
                0x10009d84                async_context_base_remove_ready_at_time_worker
 .text.async_context_base_refresh_next_timeout
                0x10009e18       0x4c CMakeFiles/pulsox.dir/C_/Program_Files/Raspberry_Pi/Pico_SDK_v1.5.1/pico-sdk/src/rp2_common/pico_async_context/async_context_base.c.obj
                0x10009e18                async_context_base_refresh_next_timeout
 .text.async_context_base_execute_once
                0x10009e64       0x48 CMakeFiles/pulsox.dir/C_/Program_Files/Raspberry_Pi/Pico_SDK_v1.5.1/pico-sdk/src/rp2_common/pico_async_context/async_context_base.c.obj
                0x10009e64                async_context_base_execute_once
 .text.i2c_read_blocking_internal
                0x10009eac       0xe6 CMakeFiles/pulsox.dir/C_/Program_Files/Raspberry_Pi/Pico_SDK_v1.5.1/pico-sdk/src/rp2_common/hardware_i2c/i2c.c.obj
 *fill*         0x10009f92        0x2 
 .text.i2c_set_baudrate
                0x10009f94       0xf0 CMakeFiles/pulsox.dir/C_/Program_Files/Raspberry_Pi/Pico_SDK_v1.5.1/pico-sdk/src/rp2_common/hardware_i2c/i2c.c.obj
                0x10009f94                i2c_set_baudrate
 .text.i2c_init