Archive member included to satisfy reference by file (symbol)

c:/progra~1/raspbe~1/picosd~1.1/gcc-ar~1/bin/../lib/gcc/arm-none-eabi/10.3.1/thumb/v6-m/nofp\libgcc.a(_dvmd_tls.o)
                              CMakeFiles/pulsox.dir/C_/Program_Files/Raspberry_Pi/Pico_SDK_v1.5.1/pico-sdk/src/rp2_common/pico_divider/divider.S.obj (__aeabi_idiv0)
c:/progra~1/raspbe~1/picosd~1.1/gcc-ar~1/bin/../lib/gcc/arm-none-eabi/10.3.1/../../../../arm-none-eabi/lib/thumb/v6-m/nofp\libg.a(lib_a-calloc.o)
                              CMakeFiles/pulsox.dir/C_/Program_Files/Raspberry_Pi/Pico_SDK_v1.5.1/pico-sdk/src/rp2_common/pico_malloc/pico_malloc.c.obj (calloc)
c:/progra~1/raspbe~1/picosd~1.1/gcc-ar~1/bin/../lib/gcc/arm-none-eabi/10.3.1/../../../../arm-none-eabi/lib/thumb/v6-m/nofp\libg.a(lib_a-callocr.o)
                              c:/progra~1/raspbe~1/picosd~1.1/gcc-ar~1/bin/../lib/gcc/arm-none-eabi/10.3.1/../../../../arm-none-eabi/lib/thumb/v6-m/nofp\libg.a(lib_a-calloc.o) (_calloc_r)
c:/progra~1/raspbe~1/picosd~1.1/gcc-ar~1/bin/../lib/gcc/arm-none-eabi/10.3.1/../../../../arm-none-eabi/lib/thumb/v6-m/nofp\libg.a(lib_a-errno.o)
                              c:/progra~1/raspbe~1/picosd~1.1/gcc-ar~1/bin/../lib/gcc/arm-none-eabi/10.3.1/../../../../arm-none-eabi/lib/thumb/v6-m/nofp\libg.a(lib_a-callocr.o) (__errno)
c:/progra~1/raspbe~1/picosd~1.1/gcc-ar~1/bin/../lib/gcc/arm-none-eabi/10.3.1/../../../../arm-none-eabi/lib/thumb/v6-m/nofp\libg.a(lib_a-impure.o)
                              c:/progra~1/raspbe~1/picosd~1.1/gcc-ar~1/bin/../lib/gcc/arm-none-eabi/10.3.1/../../../../arm-none-eabi/lib/thumb/v6-m/nofp\libg.a(lib_a-calloc.o) (_impure_ptr)
c:/progra~1/raspbe~1/picosd~1.1/gcc-ar~1/bin/../lib/gcc/arm-none-eabi/10.3.1/../../../../arm-none-eabi/lib/thumb/v6-m/nofp\libg.a(lib_a-init.o)
                              c:/progra~1/raspbe~1/picosd~1.1/gcc-ar~1/bin/../lib/gcc/arm-none-eabi/10.3.1/../../../../arm-none-eabi/lib/thumb/v6-m/nofp/crt0.o (__libc_init_array)
c:/progra~1/raspbe~1/picosd~1.1/gcc-ar~1/bin/../lib/gcc/arm-none-eabi/10.3.1/../../../../arm-none-eabi/lib/thumb/v6-m/nofp\libg.a(lib_a-malloc.o)
                              CMakeFiles/pulsox.dir/C_/Program_Files/Raspberry_Pi/Pico_SDK_v1.5.1/pico-sdk/src/rp2_common/pico_malloc/pico_malloc.c.obj (malloc)
c:/progra~1/raspbe~1/picosd~1.1/gcc-ar~1/bin/../lib/gcc/arm-none-eabi/10.3.1/../../../../arm-none-eabi/lib/thumb/v6-m/nofp\libg.a(lib_a-mallocr.o)
                              c:/progra~1/raspbe~1/picosd~1.1/gcc-ar~1/bin/../lib/gcc/arm-none-eabi/10.3.1/../../../../arm-none-eabi/lib/thumb/v6-m/nofp\libg.a(lib_a-callocr.o) (_malloc_r)
c:/progra~1/raspbe~1/picosd~1.1/gcc-ar~1/bin/../lib/gcc/arm-none-eabi/10.3.1/../../../../arm-none-eabi/lib/thumb/v6-m/nofp\libg.a(lib_a-memcmp.o)
                              CMakeFiles/pulsox.dir/C_/Program_Files/Raspberry_Pi/Pico_SDK_v1.5.1/pico-sdk/lib/cyw43-driver/src/cyw43_ll.c.obj (memcmp)
c:/progra~1/raspbe~1/picosd~1.1/gcc-ar~1/bin/../lib/gcc/arm-none-eabi/10.3.1/../../../../arm-none-eabi/lib/thumb/v6-m/nofp\libg.a(lib_a-memmove.o)
                              CMakeFiles/pulsox.dir/C_/Program_Files/Raspberry_Pi/Pico_SDK_v1.5.1/pico-sdk/lib/cyw43-driver/src/cyw43_ll.c.obj (memmove)
c:/progra~1/raspbe~1/picosd~1.1/gcc-ar~1/bin/../lib/gcc/arm-none-eabi/10.3.1/../../../../arm-none-eabi/lib/thumb/v6-m/nofp\libg.a(lib_a-mlock.o)
                              c:/progra~1/raspbe~1/picosd~1.1/gcc-ar~1/bin/../lib/gcc/arm-none-eabi/10.3.1/../../../../arm-none-eabi/lib/thumb/v6-m/nofp\libg.a(lib_a-mallocr.o) (__malloc_lock)
c:/progra~1/raspbe~1/picosd~1.1/gcc-ar~1/bin/../lib/gcc/arm-none-eabi/10.3.1/../../../../arm-none-eabi/lib/thumb/v6-m/nofp\libg.a(lib_a-realloc.o)
                              CMakeFiles/pulsox.dir/C_/Program_Files/Raspberry_Pi/Pico_SDK_v1.5.1/pico-sdk/src/rp2_common/pico_malloc/pico_malloc.c.obj (realloc)
c:/progra~1/raspbe~1/picosd~1.1/gcc-ar~1/bin/../lib/gcc/arm-none-eabi/10.3.1/../../../../arm-none-eabi/lib/thumb/v6-m/nofp\libg.a(lib_a-reallocr.o)
                              c:/progra~1/raspbe~1/picosd~1.1/gcc-ar~1/bin/../lib/gcc/arm-none-eabi/10.3.1/../../../../arm-none-eabi/lib/thumb/v6-m/nofp\libg.a(lib_a-realloc.o) (_realloc_r)
c:/progra~1/raspbe~1/picosd~1.1/gcc-ar~1/bin/../lib/gcc/arm-none-eabi/10.3.1/../../../../arm-none-eabi/lib/thumb/v6-m/nofp\libg.a(lib_a-sbrkr.o)
                              c:/progra~1/raspbe~1/picosd~1.1/gcc-ar~1/bin/../lib/gcc/arm-none-eabi/10.3.1/../../../../arm-none-eabi/lib/thumb/v6-m/nofp\libg.a(lib_a-mallocr.o) (_sbrk_r)
c:/progra~1/raspbe~1/picosd~1.1/gcc-ar~1/bin/../lib/gcc/arm-none-eabi/10.3.1/../../../../arm-none-eabi/lib/thumb/v6-m/nofp\libg.a(lib_a-strlen-stub.o)
                              CMakeFiles/pulsox.dir/C_/Program_Files/Raspberry_Pi/Pico_SDK_v1.5.1/pico-sdk/src/rp2_common/pico_stdio/stdio.c.obj (strlen)
c:/progra~1/raspbe~1/picosd~1.1/gcc-ar~1/bin/../lib/gcc/arm-none-eabi/10.3.1/../../../../arm-none-eabi/lib/thumb/v6-m/nofp\libg.a(lib_a-strncmp.o)
[...]
Memory Configuration

Name             Origin             Length             Attributes
FLASH            0x10000000         0x00200000         xr
RAM              0x20000000         0x00040000         xrw
SCRATCH_X        0x20040000         0x00001000         xrw
SCRATCH_Y        0x20041000         0x00001000         xrw
*default*        0x00000000         0xffffffff

Linker script and memory map

LOAD c:/progra~1/raspbe~1/picosd~1.1/gcc-ar~1/bin/../lib/gcc/arm-none-eabi/10.3.1/thumb/v6-m/nofp/crti.o
LOAD c:/progra~1/raspbe~1/picosd~1.1/gcc-ar~1/bin/../lib/gcc/arm-none-eabi/10.3.1/thumb/v6-m/nofp/crtbegin.o
LOAD c:/progra~1/raspbe~1/picosd~1.1/gcc-ar~1/bin/../lib/gcc/arm-none-eabi/10.3.1/../../../../arm-none-eabi/lib/thumb/v6-m/nofp/crt0.o

.flash_begin    0x10000000        0x0
                0x10000000                __flash_binary_start = .

.boot2          0x10000000      0x100
                0x10000000                __boot2_start__ = .
 *(.boot2)
 .boot2         0x10000000      0x100 C:\Users\Admin\AppData\Local\Temp\ccTlna8n.o
                0x10000100                __boot2_end__ = .
                0x00000001                ASSERT (((__boot2_end__ - __boot2_start__) == 0x100), ERROR: Pico second stage bootloader must be 256 bytes in size)

.text           0x10000100     0x7c20
                0x10000100                __logical_binary_start = .
 *(.vectors)
 .vectors       0x10000100       0xd4 CMakeFiles/pulsox.dir/C_/Program_Files/Raspberry_Pi/Pico_SDK_v1.5.1/pico-sdk/src/rp2_common/pico_standard_link/crt0.S.obj
                0x10000100                __VECTOR_TABLE
                0x10000100                __vectors
                0x100001c0                isr_invalid
                0x100001c0                __default_isrs_start
                0x100001c2                isr_nmi
                0x100001c4                isr_hardfault
                0x100001c6                isr_svcall
                0x100001c8                isr_pendsv
                0x100001ca                isr_systick
                0x100001cc                isr_irq23
                0x100001cc                isr_irq18
                0x100001cc                isr_irq11
                0x100001cc                isr_irq28
                0x100001cc                isr_irq19
                0x100001cc                isr_irq0
                0x100001cc                isr_irq6
                0x100001cc                isr_irq5
                0x100001cc                isr_irq12
                0x100001cc                isr_irq22
                0x100001cc                isr_irq31
                0x100001cc                isr_irq17
                0x100001cc                isr_irq27
                0x100001cc                isr_irq30
                0x100001cc                isr_irq2
                0x100001cc                isr_irq10
                0x100001cc                isr_irq8
                0x100001cc                isr_irq24
                0x100001cc                isr_irq1
                0x100001cc                isr_irq7
                0x100001cc                isr_irq21
                0x100001cc                isr_irq20
                0x100001cc                isr_irq15
                0x100001cc                isr_irq25
                0x100001cc                isr_irq13
                0x100001cc                __unhandled_user_irq
                0x100001cc                isr_irq4
                0x100001cc                isr_irq16
                0x100001cc                isr_irq29
                0x100001cc                isr_irq26
                0x100001cc                __default_isrs_end
                0x100001cc                isr_irq3
                0x100001cc                isr_irq14
                0x100001cc                isr_irq9
                0x100001d2                unhandled_user_irq_num_in_r0
 *(.binary_info_header)
 .binary_info_header
                0x100001d4       0x14 CMakeFiles/pulsox.dir/C_/Program_Files/Raspberry_Pi/Pico_SDK_v1.5.1/pico-sdk/src/rp2_common/pico_standard_link/crt0.S.obj
                0x100001e8                __binary_info_header_end = .
 *(.reset)
 .reset         0x100001e8       0xa0 CMakeFiles/pulsox.dir/C_/Program_Files/Raspberry_Pi/Pico_SDK_v1.5.1/pico-sdk/src/rp2_common/pico_standard_link/crt0.S.obj
                0x100001e8                _entry_point
 .reset         0x10000288       0x30 CMakeFiles/pulsox.dir/C_/Program_Files/Raspberry_Pi/Pico_SDK_v1.5.1/pico-sdk/src/rp2_common/pico_standard_link/binary_info.c.obj
 *(.init)
 .init          0x100002b8        0x4 c:/progra~1/raspbe~1/picosd~1.1/gcc-ar~1/bin/../lib/gcc/arm-none-eabi/10.3.1/thumb/v6-m/nofp/crti.o
                0x100002b8                _init
 *(EXCLUDE_FILE(*libm.a: *libc.a:*lib_a-mem*.o *libgcc.a:) .text*)
 .text          0x100002bc       0x48 c:/progra~1/raspbe~1/picosd~1.1/gcc-ar~1/bin/../lib/gcc/arm-none-eabi/10.3.1/thumb/v6-m/nofp/crtbegin.o
 .text.gpio_callback
                0x10000304       0x14 CMakeFiles/pulsox.dir/main.c.obj
                0x10000304                gpio_callback
 .text.main     0x10000318       0xd8 CMakeFiles/pulsox.dir/main.c.obj
                0x10000318                main
 .text.bus_scan
                0x100003f0       0x3c CMakeFiles/pulsox.dir/max30100.c.obj
                0x100003f0                bus_scan
 .text.read_isr
                0x1000042c       0x38 CMakeFiles/pulsox.dir/max30100.c.obj
                0x1000042c                read_isr
 .text.max30100_reset
                0x10000464       0x24 CMakeFiles/pulsox.dir/max30100.c.obj
                0x10000464                max30100_reset
 .text.max30100_init
                0x10000488       0x68 CMakeFiles/pulsox.dir/max30100.c.obj
                0x10000488                max30100_init
 .text.max30100_read_temperature
                0x100004f0       0x6c CMakeFiles/pulsox.dir/max30100.c.obj
                0x100004f0                max30100_read_temperature
 .text.max30100_read_fifo
                0x1000055c       0xa0 CMakeFiles/pulsox.dir/max30100.c.obj
                0x1000055c                max30100_read_fifo
 .text.gpio_set_function
                0x100005fc       0x30 CMakeFiles/pulsox.dir/C_/Program_Files/Raspberry_Pi/Pico_SDK_v1.5.1/pico-sdk/src/rp2_common/hardware_gpio/gpio.c.obj
                0x100005fc                gpio_set_function
 .text.gpio_set_pulls
                0x1000062c       0x34 CMakeFiles/pulsox.dir/C_/Program_Files/Raspberry_Pi/Pico_SDK_v1.5.1/pico-sdk/src/rp2_common/hardware_gpio/gpio.c.obj
                0x1000062c                gpio_set_pulls
 .text.gpio_set_irq_callback
                0x10000660       0x48 CMakeFiles/pulsox.dir/C_/Program_Files/Raspberry_Pi/Pico_SDK_v1.5.1/pico-sdk/src/rp2_common/hardware_gpio/gpio.c.obj
                0x10000660                gpio_set_irq_callback
 .text.gpio_add_raw_irq_handler_with_order_priority_masked
                0x100006a8       0x40 CMakeFiles/pulsox.dir/C_/Program_Files/Raspberry_Pi/Pico_SDK_v1.5.1/pico-sdk/src/rp2_common/hardware_gpio/gpio.c.obj
                0x100006a8                gpio_add_raw_irq_handler_with_order_priority_masked
 .text.gpio_remove_raw_irq_handler_masked
                0x100006e8       0x48 CMakeFiles/pulsox.dir/C_/Program_Files/Raspberry_Pi/Pico_SDK_v1.5.1/pico-sdk/src/rp2_common/hardware_gpio/gpio.c.obj
                0x100006e8                gpio_remove_raw_irq_handler_masked
 .text.gpio_acknowledge_irq
                0x10000730       0x18 CMakeFiles/pulsox.dir/C_/Program_Files/Raspberry_Pi/Pico_SDK_v1.5.1/pico-sdk/src/rp2_common/hardware_gpio/gpio.c.obj
                0x10000730                gpio_acknowledge_irq
 .text._gpio_set_irq_enabled
                0x10000748       0x34 CMakeFiles/pulsox.dir/C_/Program_Files/Raspberry_Pi/Pico_SDK_v1.5.1/pico-sdk/src/rp2_common/hardware_gpio/gpio.c.obj
 .text.gpio_set_irq_enabled
                0x1000077c       0x20 CMakeFiles/pulsox.dir/C_/Program_Files/Raspberry_Pi/Pico_SDK_v1.5.1/pico-sdk/src/rp2_common/hardware_gpio/gpio.c.obj
                0x1000077c                gpio_set_irq_enabled
 .text.gpio_set_irq_enabled_with_callback
                0x1000079c       0x20 CMakeFiles/pulsox.dir/C_/Program_Files/Raspberry_Pi/Pico_SDK_v1.5.1/pico-sdk/src/rp2_common/hardware_gpio/gpio.c.obj
                0x1000079c                gpio_set_irq_enabled_with_callback
 .text.gpio_default_irq_handler
                0x100007bc       0x98 CMakeFiles/pulsox.dir/C_/Program_Files/Raspberry_Pi/Pico_SDK_v1.5.1/pico-sdk/src/rp2_common/hardware_gpio/gpio.c.obj
 .text.gpio_set_input_enabled
                0x10000854       0x30 CMakeFiles/pulsox.dir/C_/Program_Files/Raspberry_Pi/Pico_SDK_v1.5.1/pico-sdk/src/rp2_common/hardware_gpio/gpio.c.obj
                0x10000854                gpio_set_input_enabled
 .text.gpio_init
                0x10000884       0x16 CMakeFiles/pulsox.dir/C_/Program_Files/Raspberry_Pi/Pico_SDK_v1.5.1/pico-sdk/src/rp2_common/hardware_gpio/gpio.c.obj
                0x10000884                gpio_init
 *fill*         0x1000089a        0x2 
 .text.running_on_fpga
                0x1000089c       0x14 CMakeFiles/pulsox.dir/C_/Program_Files/Raspberry_Pi/Pico_SDK_v1.5.1/pico-sdk/src/rp2_common/pico_platform/platform.c.obj
                0x1000089c                running_on_fpga
 .text.hw_claim_lock
                0x100008b0       0x18 CMakeFiles/pulsox.dir/C_/Program_Files/Raspberry_Pi/Pico_SDK_v1.5.1/pico-sdk/src/rp2_common/hardware_claim/claim.c.obj
                0x100008b0                hw_claim_lock
 .text.hw_claim_unlock
                0x100008c8       0x14 CMakeFiles/pulsox.dir/C_/Program_Files/Raspberry_Pi/Pico_SDK_v1.5.1/pico-sdk/src/rp2_common/hardware_claim/claim.c.obj
                0x100008c8                hw_claim_unlock
 .text.hw_claim_or_assert
                0x100008dc       0x32 CMakeFiles/pulsox.dir/C_/Program_Files/Raspberry_Pi/Pico_SDK_v1.5.1/pico-sdk/src/rp2_common/hardware_claim/claim.c.obj
                0x100008dc                hw_claim_or_assert
 .text.hw_claim_unused_from_range
                0x1000090e       0x50 CMakeFiles/pulsox.dir/C_/Program_Files/Raspberry_Pi/Pico_SDK_v1.5.1/pico-sdk/src/rp2_common/hardware_claim/claim.c.obj
                0x1000090e                hw_claim_unused_from_range
 *fill*         0x1000095e        0x2 
 .text.hw_claim_clear
                0x10000960       0x40 CMakeFiles/pulsox.dir/C_/Program_Files/Raspberry_Pi/Pico_SDK_v1.5.1/pico-sdk/src/rp2_common/hardware_claim/claim.c.obj
                0x10000960                hw_claim_clear
 .text.spin_locks_reset
                0x100009a0       0x20 CMakeFiles/pulsox.dir/C_/Program_Files/Raspberry_Pi/Pico_SDK_v1.5.1/pico-sdk/src/rp2_common/hardware_sync/sync.c.obj
                0x100009a0                spin_locks_reset
 .text.next_striped_spin_lock_num
                0x100009c0       0x1c CMakeFiles/pulsox.dir/C_/Program_Files/Raspberry_Pi/Pico_SDK_v1.5.1/pico-sdk/src/rp2_common/hardware_sync/sync.c.obj
                0x100009c0                next_striped_spin_lock_num
 .text.spin_lock_claim_unused
                0x100009dc       0x20 CMakeFiles/pulsox.dir/C_/Program_Files/Raspberry_Pi/Pico_SDK_v1.5.1/pico-sdk/src/rp2_common/hardware_sync/sync.c.obj
                0x100009dc                spin_lock_claim_unused
 .text.set_raw_irq_handler_and_unlock
                0x100009fc       0x28 CMakeFiles/pulsox.dir/C_/Program_Files/Raspberry_Pi/Pico_SDK_v1.5.1/pico-sdk/src/rp2_common/hardware_irq/irq.c.obj
 .text.get_user_irq_claim_index
                0x10000a24        0x6 CMakeFiles/pulsox.dir/C_/Program_Files/Raspberry_Pi/Pico_SDK_v1.5.1/pico-sdk/src/rp2_common/hardware_irq/irq.c.obj
 *fill*         0x10000a2a        0x2 
 .text.make_branch
                0x10000a2c       0x48 CMakeFiles/pulsox.dir/C_/Program_Files/Raspberry_Pi/Pico_SDK_v1.5.1/pico-sdk/src/rp2_common/hardware_irq/irq.c.obj
 .text.insert_branch_and_link
                0x10000a74       0x40 CMakeFiles/pulsox.dir/C_/Program_Files/Raspberry_Pi/Pico_SDK_v1.5.1/pico-sdk/src/rp2_common/hardware_irq/irq.c.obj
 .text.irq_is_enabled
                0x10000ab4       0x18 CMakeFiles/pulsox.dir/C_/Program_Files/Raspberry_Pi/Pico_SDK_v1.5.1/pico-sdk/src/rp2_common/hardware_irq/irq.c.obj
                0x10000ab4                irq_is_enabled
 .text.irq_set_mask_enabled
                0x10000acc       0x20 CMakeFiles/pulsox.dir/C_/Program_Files/Raspberry_Pi/Pico_SDK_v1.5.1/pico-sdk/src/rp2_common/hardware_irq/irq.c.obj
                0x10000acc                irq_set_mask_enabled
 .text.irq_set_enabled
                0x10000aec        0xe CMakeFiles/pulsox.dir/C_/Program_Files/Raspberry_Pi/Pico_SDK_v1.5.1/pico-sdk/src/rp2_common/hardware_irq/irq.c.obj
                0x10000aec                irq_set_enabled
 *fill*         0x10000afa        0x2 
 .text.irq_set_pending
                0x10000afc       0x10 CMakeFiles/pulsox.dir/C_/Program_Files/Raspberry_Pi/Pico_SDK_v1.5.1/pico-sdk/src/rp2_common/hardware_irq/irq.c.obj
                0x10000afc                irq_set_pending
 .text.irq_get_vtable_handler
                0x10000b0c       0x10 CMakeFiles/pulsox.dir/C_/Program_Files/Raspberry_Pi/Pico_SDK_v1.5.1/pico-sdk/src/rp2_common/hardware_irq/irq.c.obj
                0x10000b0c                irq_get_vtable_handler
 .text.irq_has_shared_handler
                0x10000b1c       0x24 CMakeFiles/pulsox.dir/C_/Program_Files/Raspberry_Pi/Pico_SDK_v1.5.1/pico-sdk/src/rp2_common/hardware_irq/irq.c.obj
                0x10000b1c                irq_has_shared_handler
 .text.irq_set_exclusive_handler
                0x10000b40       0x54 CMakeFiles/pulsox.dir/C_/Program_Files/Raspberry_Pi/Pico_SDK_v1.5.1/pico-sdk/src/rp2_common/hardware_irq/irq.c.obj
                0x10000b40                irq_set_exclusive_handler
 .text.irq_add_shared_handler
                0x10000b94      0x234 CMakeFiles/pulsox.dir/C_/Program_Files/Raspberry_Pi/Pico_SDK_v1.5.1/pico-sdk/src/rp2_common/hardware_irq/irq.c.obj
                0x10000b94                irq_add_shared_handler
 .text.irq_remove_handler
                0x10000dc8      0x1ac CMakeFiles/pulsox.dir/C_/Program_Files/Raspberry_Pi/Pico_SDK_v1.5.1/pico-sdk/src/rp2_common/hardware_irq/irq.c.obj
                0x10000dc8                irq_remove_handler
 .text.irq_set_priority
                0x10000f74       0x28 CMakeFiles/pulsox.dir/C_/Program_Files/Raspberry_Pi/Pico_SDK_v1.5.1/pico-sdk/src/rp2_common/hardware_irq/irq.c.obj
                0x10000f74                irq_set_priority
 .text.irq_add_tail_to_free_list
                0x10000f9c       0xf0 CMakeFiles/pulsox.dir/C_/Program_Files/Raspberry_Pi/Pico_SDK_v1.5.1/pico-sdk/src/rp2_common/hardware_irq/irq.c.obj
                0x10000f9c                irq_add_tail_to_free_list
 .text.irq_init_priorities
                0x1000108c       0x1c CMakeFiles/pulsox.dir/C_/Program_Files/Raspberry_Pi/Pico_SDK_v1.5.1/pico-sdk/src/rp2_common/hardware_irq/irq.c.obj
                0x1000108c                irq_init_priorities
 .text.user_irq_unclaim
                0x100010a8       0x14 CMakeFiles/pulsox.dir/C_/Program_Files/Raspberry_Pi/Pico_SDK_v1.5.1/pico-sdk/src/rp2_common/hardware_irq/irq.c.obj
                0x100010a8                user_irq_unclaim
 .text.user_irq_claim_unused
                0x100010bc       0x28 CMakeFiles/pulsox.dir/C_/Program_Files/Raspberry_Pi/Pico_SDK_v1.5.1/pico-sdk/src/rp2_common/hardware_irq/irq.c.obj
                0x100010bc                user_irq_claim_unused
 .text.sem_init
                0x100010e4       0x1e CMakeFiles/pulsox.dir/C_/Program_Files/Raspberry_Pi/Pico_SDK_v1.5.1/pico-sdk/src/common/pico_sync/sem.c.obj
                0x100010e4                sem_init
 *fill*         0x10001102        0x2 
 .text.lock_init
                0x10001104       0x10 CMakeFiles/pulsox.dir/C_/Program_Files/Raspberry_Pi/Pico_SDK_v1.5.1/pico-sdk/src/common/pico_sync/lock_core.c.obj
                0x10001104                lock_init
 .text.mutex_init
                0x10001114       0x1a CMakeFiles/pulsox.dir/C_/Program_Files/Raspberry_Pi/Pico_SDK_v1.5.1/pico-sdk/src/common/pico_sync/mutex.c.obj
                0x10001114                mutex_init
 .text.recursive_mutex_init
                0x1000112e       0x1e CMakeFiles/pulsox.dir/C_/Program_Files/Raspberry_Pi/Pico_SDK_v1.5.1/pico-sdk/src/common/pico_sync/mutex.c.obj
                0x1000112e                recursive_mutex_init
 .text.critical_section_init_with_lock_num
                0x1000114c       0x14 CMakeFiles/pulsox.dir/C_/Program_Files/Raspberry_Pi/Pico_SDK_v1.5.1/pico-sdk/src/common/pico_sync/critical_section.c.obj
                0x1000114c                critical_section_init_with_lock_num
 .text.critical_section_init
                0x10001160       0x14 CMakeFiles/pulsox.dir/C_/Program_Files/Raspberry_Pi/Pico_SDK_v1.5.1/pico-sdk/src/common/pico_sync/critical_section.c.obj
                0x10001160                critical_section_init
 .text.alarm_pool_post_alloc_init
                0x10001174       0x40 CMakeFiles/pulsox.dir/C_/Program_Files/Raspberry_Pi/Pico_SDK_v1.5.1/pico-sdk/src/common/pico_time/time.c.obj
 .text.sleep_until_callback
                0x100011b4       0x30 CMakeFiles/pulsox.dir/C_/Program_Files/Raspberry_Pi/Pico_SDK_v1.5.1/pico-sdk/src/common/pico_time/time.c.obj
 .text.timer_pool_entry_comparator
                0x100011e4       0x7c CMakeFiles/pulsox.dir/C_/Program_Files/Raspberry_Pi/Pico_SDK_v1.5.1/pico-sdk/src/common/pico_time/time.c.obj
                0x100011e4                timer_pool_entry_comparator
 .text.ph_add_child_node
                0x10001260       0xa4 CMakeFiles/pulsox.dir/C_/Program_Files/Raspberry_Pi/Pico_SDK_v1.5.1/pico-sdk/src/common/pico_time/time.c.obj
 .text.ph_merge_nodes
                0x10001304       0x3e CMakeFiles/pulsox.dir/C_/Program_Files/Raspberry_Pi/Pico_SDK_v1.5.1/pico-sdk/src/common/pico_time/time.c.obj
 *fill*         0x10001342        0x2 
 .text.add_alarm_under_lock
                0x10001344      0x174 CMakeFiles/pulsox.dir/C_/Program_Files/Raspberry_Pi/Pico_SDK_v1.5.1/pico-sdk/src/common/pico_time/time.c.obj
 .text.alarm_pool_alarm_callback
                0x100014b8      0x33c CMakeFiles/pulsox.dir/C_/Program_Files/Raspberry_Pi/Pico_SDK_v1.5.1/pico-sdk/src/common/pico_time/time.c.obj
 .text.alarm_pool_init_default
                0x100017f4       0x40 CMakeFiles/pulsox.dir/C_/Program_Files/Raspberry_Pi/Pico_SDK_v1.5.1/pico-sdk/src/common/pico_time/time.c.obj
                0x100017f4                alarm_pool_init_default
 .text.alarm_pool_get_default
                0x10001834       0x2c CMakeFiles/pulsox.dir/C_/Program_Files/Raspberry_Pi/Pico_SDK_v1.5.1/pico-sdk/src/common/pico_time/time.c.obj
                0x10001834                alarm_pool_get_default
 .text.alarm_pool_add_alarm_at
                0x10001860      0x168 CMakeFiles/pulsox.dir/C_/Program_Files/Raspberry_Pi/Pico_SDK_v1.5.1/pico-sdk/src/common/pico_time/time.c.obj
                0x10001860                alarm_pool_add_alarm_at
 .text.alarm_pool_cancel_alarm
                0x100019c8       0xf8 CMakeFiles/pulsox.dir/C_/Program_Files/Raspberry_Pi/Pico_SDK_v1.5.1/pico-sdk/src/common/pico_time/time.c.obj
                0x100019c8                alarm_pool_cancel_alarm
 .text.alarm_pool_core_num
                0x10001ac0        0x4 CMakeFiles/pulsox.dir/C_/Program_Files/Raspberry_Pi/Pico_SDK_v1.5.1/pico-sdk/src/common/pico_time/time.c.obj
                0x10001ac0                alarm_pool_core_num
 .text.sleep_until
                0x10001ac4       0xfc CMakeFiles/pulsox.dir/C_/Program_Files/Raspberry_Pi/Pico_SDK_v1.5.1/pico-sdk/src/common/pico_time/time.c.obj
                0x10001ac4                sleep_until
 .text.sleep_us
                0x10001bc0       0x58 CMakeFiles/pulsox.dir/C_/Program_Files/Raspberry_Pi/Pico_SDK_v1.5.1/pico-sdk/src/common/pico_time/time.c.obj
                0x10001bc0                sleep_us
 .text.sleep_ms
                0x10001c18       0x14 CMakeFiles/pulsox.dir/C_/Program_Files/Raspberry_Pi/Pico_SDK_v1.5.1/pico-sdk/src/common/pico_time/time.c.obj
                0x10001c18                sleep_ms
 .text.best_effort_wfe_or_timeout
                0x10001c2c       0xac CMakeFiles/pulsox.dir/C_/Program_Files/Raspberry_Pi/Pico_SDK_v1.5.1/pico-sdk/src/common/pico_time/time.c.obj
                0x10001c2c                best_effort_wfe_or_timeout
 .text.hardware_alarm_irq_handler
                0x10001cd8       0x90 CMakeFiles/pulsox.dir/C_/Program_Files/Raspberry_Pi/Pico_SDK_v1.5.1/pico-sdk/src/rp2_common/hardware_timer/timer.c.obj
 .text.hardware_alarm_claim
                0x10001d68       0x18 CMakeFiles/pulsox.dir/C_/Program_Files/Raspberry_Pi/Pico_SDK_v1.5.1/pico-sdk/src/rp2_common/hardware_timer/timer.c.obj
                0x10001d68                hardware_alarm_claim
 .text.time_us_64
                0x10001d80       0x18 CMakeFiles/pulsox.dir/C_/Program_Files/Raspberry_Pi/Pico_SDK_v1.5.1/pico-sdk/src/rp2_common/hardware_timer/timer.c.obj
                0x10001d80                time_us_64
 .text.busy_wait_until
                0x10001d98       0x28 CMakeFiles/pulsox.dir/C_/Program_Files/Raspberry_Pi/Pico_SDK_v1.5.1/pico-sdk/src/rp2_common/hardware_timer/timer.c.obj
                0x10001d98                busy_wait_until
 .text.hardware_alarm_set_callback
                0x10001dc0       0x90 CMakeFiles/pulsox.dir/C_/Program_Files/Raspberry_Pi/Pico_SDK_v1.5.1/pico-sdk/src/rp2_common/hardware_timer/timer.c.obj
                0x10001dc0                hardware_alarm_set_callback
 .text.hardware_alarm_set_target
                0x10001e50       0xe8 CMakeFiles/pulsox.dir/C_/Program_Files/Raspberry_Pi/Pico_SDK_v1.5.1/pico-sdk/src/rp2_common/hardware_timer/timer.c.obj
                0x10001e50                hardware_alarm_set_target
 .text.hardware_alarm_cancel
                0x10001f38       0x40 CMakeFiles/pulsox.dir/C_/Program_Files/Raspberry_Pi/Pico_SDK_v1.5.1/pico-sdk/src/rp2_common/hardware_timer/timer.c.obj
                0x10001f38                hardware_alarm_cancel
 .text.ph_add_child_node
                0x10001f78       0xa4 CMakeFiles/pulsox.dir/C_/Program_Files/Raspberry_Pi/Pico_SDK_v1.5.1/pico-sdk/src/common/pico_util/pheap.c.obj
 .text.ph_merge_nodes
                0x1000201c       0x3e CMakeFiles/pulsox.dir/C_/Program_Files/Raspberry_Pi/Pico_SDK_v1.5.1/pico-sdk/src/common/pico_util/pheap.c.obj
 *fill*         0x1000205a        0x2 
 .text.ph_clear
                0x1000205c       0x70 CMakeFiles/pulsox.dir/C_/Program_Files/Raspberry_Pi/Pico_SDK_v1.5.1/pico-sdk/src/common/pico_util/pheap.c.obj
                0x1000205c                ph_clear
 .text.ph_post_alloc_init
                0x100020cc        0xe CMakeFiles/pulsox.dir/C_/Program_Files/Raspberry_Pi/Pico_SDK_v1.5.1/pico-sdk/src/common/pico_util/pheap.c.obj
                0x100020cc                ph_post_alloc_init
 *fill*         0x100020da        0x2 
 .text.ph_merge_two_pass
                0x100020dc       0xa8 CMakeFiles/pulsox.dir/C_/Program_Files/Raspberry_Pi/Pico_SDK_v1.5.1/pico-sdk/src/common/pico_util/pheap.c.obj
                0x100020dc                ph_merge_two_pass
 .text.ph_remove_any_head
                0x10002184      0x128 CMakeFiles/pulsox.dir/C_/Program_Files/Raspberry_Pi/Pico_SDK_v1.5.1/pico-sdk/src/common/pico_util/pheap.c.obj
 .text.ph_remove_head
                0x100022ac       0x14 CMakeFiles/pulsox.dir/C_/Program_Files/Raspberry_Pi/Pico_SDK_v1.5.1/pico-sdk/src/common/pico_util/pheap.c.obj
                0x100022ac                ph_remove_head
 .text.ph_remove_and_free_node
                0x100022c0       0xf8 CMakeFiles/pulsox.dir/C_/Program_Files/Raspberry_Pi/Pico_SDK_v1.5.1/pico-sdk/src/common/pico_util/pheap.c.obj
                0x100022c0                ph_remove_and_free_node
 .text.clock_configure
                0x100023b8      0x108 CMakeFiles/pulsox.dir/C_/Program_Files/Raspberry_Pi/Pico_SDK_v1.5.1/pico-sdk/src/rp2_common/hardware_clocks/clocks.c.obj
                0x100023b8                clock_configure
 .text.clocks_init
                0x100024c0      0x100 CMakeFiles/pulsox.dir/C_/Program_Files/Raspberry_Pi/Pico_SDK_v1.5.1/pico-sdk/src/rp2_common/hardware_clocks/clocks.c.obj
                0x100024c0                clocks_init
 .text.clock_get_hz
                0x100025c0        0xc CMakeFiles/pulsox.dir/C_/Program_Files/Raspberry_Pi/Pico_SDK_v1.5.1/pico-sdk/src/rp2_common/hardware_clocks/clocks.c.obj
                0x100025c0                clock_get_hz
 .text.pll_init
                0x100025cc      0x120 CMakeFiles/pulsox.dir/C_/Program_Files/Raspberry_Pi/Pico_SDK_v1.5.1/pico-sdk/src/rp2_common/hardware_pll/pll.c.obj
                0x100025cc                pll_init
 .text.watchdog_start_tick
                0x100026ec       0x10 CMakeFiles/pulsox.dir/C_/Program_Files/Raspberry_Pi/Pico_SDK_v1.5.1/pico-sdk/src/rp2_common/hardware_watchdog/watchdog.c.obj
                0x100026ec                watchdog_start_tick
 .text.watchdog_update
                0x100026fc       0x14 CMakeFiles/pulsox.dir/C_/Program_Files/Raspberry_Pi/Pico_SDK_v1.5.1/pico-sdk/src/rp2_common/hardware_watchdog/watchdog.c.obj
                0x100026fc                watchdog_update
 .text._watchdog_enable
                0x10002710       0x78 CMakeFiles/pulsox.dir/C_/Program_Files/Raspberry_Pi/Pico_SDK_v1.5.1/pico-sdk/src/rp2_common/hardware_watchdog/watchdog.c.obj
                0x10002710                _watchdog_enable
 .text.watchdog_reboot
                0x10002788       0x48 CMakeFiles/pulsox.dir/C_/Program_Files/Raspberry_Pi/Pico_SDK_v1.5.1/pico-sdk/src/rp2_common/hardware_watchdog/watchdog.c.obj
                0x10002788                watchdog_reboot
 .text.xosc_init
                0x100027d0       0x28 CMakeFiles/pulsox.dir/C_/Program_Files/Raspberry_Pi/Pico_SDK_v1.5.1/pico-sdk/src/rp2_common/hardware_xosc/xosc.c.obj
                0x100027d0                xosc_init
 .text._exit    0x100027f8        0x4 CMakeFiles/pulsox.dir/C_/Program_Files/Raspberry_Pi/Pico_SDK_v1.5.1/pico-sdk/src/rp2_common/pico_runtime/runtime.c.obj
                0x100027f8                _exit
 .text.exit     0x100027fc        0x6 CMakeFiles/pulsox.dir/C_/Program_Files/Raspberry_Pi/Pico_SDK_v1.5.1/pico-sdk/src/rp2_common/pico_runtime/runtime.c.obj
                0x100027fc                exit
 *fill*         0x10002802        0x2 
 .text.__assert_func
                0x10002804       0x3c CMakeFiles/pulsox.dir/C_/Program_Files/Raspberry_Pi/Pico_SDK_v1.5.1/pico-sdk/src/rp2_common/pico_runtime/runtime.c.obj
                0x10002804                __assert_func
 .text.runtime_init
                0x10002840       0xf8 CMakeFiles/pulsox.dir/C_/Program_Files/Raspberry_Pi/Pico_SDK_v1.5.1/pico-sdk/src/rp2_common/pico_runtime/runtime.c.obj
                0x10002840                runtime_init
 .text.panic    0x10002938       0x30 CMakeFiles/pulsox.dir/C_/Program_Files/Raspberry_Pi/Pico_SDK_v1.5.1/pico-sdk/src/rp2_common/pico_runtime/runtime.c.obj
                0x10002938                panic
 .text._out_null
                0x10002968        0x2 CMakeFiles/pulsox.dir/C_/Program_Files/Raspberry_Pi/Pico_SDK_v1.5.1/pico-sdk/src/rp2_common/pico_printf/printf.c.obj
 .text._out_fct
                0x1000296a        0xe CMakeFiles/pulsox.dir/C_/Program_Files/Raspberry_Pi/Pico_SDK_v1.5.1/pico-sdk/src/rp2_common/pico_printf/printf.c.obj
 .text._atoi    0x10002978       0x24 CMakeFiles/pulsox.dir/C_/Program_Files/Raspberry_Pi/Pico_SDK_v1.5.1/pico-sdk/src/rp2_common/pico_printf/printf.c.obj
 .text._out_rev
                0x1000299c       0xae CMakeFiles/pulsox.dir/C_/Program_Files/Raspberry_Pi/Pico_SDK_v1.5.1/pico-sdk/src/rp2_common/pico_printf/printf.c.obj
 .text._ntoa_format
                0x10002a4a      0x112 CMakeFiles/pulsox.dir/C_/Program_Files/Raspberry_Pi/Pico_SDK_v1.5.1/pico-sdk/src/rp2_common/pico_printf/printf.c.obj
 .text._ntoa_long
                0x10002b5c       0xbc CMakeFiles/pulsox.dir/C_/Program_Files/Raspberry_Pi/Pico_SDK_v1.5.1/pico-sdk/src/rp2_common/pico_printf/printf.c.obj
 .text._ntoa_long_long
                0x10002c18       0xe2 CMakeFiles/pulsox.dir/C_/Program_Files/Raspberry_Pi/Pico_SDK_v1.5.1/pico-sdk/src/rp2_common/pico_printf/printf.c.obj
 *fill*         0x10002cfa        0x2 
 .text._etoa    0x10002cfc      0x414 CMakeFiles/pulsox.dir/C_/Program_Files/Raspberry_Pi/Pico_SDK_v1.5.1/pico-sdk/src/rp2_common/pico_printf/printf.c.obj
 .text._ftoa    0x10003110      0x354 CMakeFiles/pulsox.dir/C_/Program_Files/Raspberry_Pi/Pico_SDK_v1.5.1/pico-sdk/src/rp2_common/pico_printf/printf.c.obj
 .text._vsnprintf
                0x10003464      0x624 CMakeFiles/pulsox.dir/C_/Program_Files/Raspberry_Pi/Pico_SDK_v1.5.1/pico-sdk/src/rp2_common/pico_printf/printf.c.obj
 .text.vfctprintf
                0x10003a88       0x20 CMakeFiles/pulsox.dir/C_/Program_Files/Raspberry_Pi/Pico_SDK_v1.5.1/pico-sdk/src/rp2_common/pico_printf/printf.c.obj
                0x10003a88                vfctprintf
 .text          0x10003aa8       0x10 CMakeFiles/pulsox.dir/C_/Program_Files/Raspberry_Pi/Pico_SDK_v1.5.1/pico-sdk/src/rp2_common/pico_bit_ops/bit_ops_aeabi.S.obj
 .text.rom_func_lookup
                0x10003ab8       0x10 CMakeFiles/pulsox.dir/C_/Program_Files/Raspberry_Pi/Pico_SDK_v1.5.1/pico-sdk/src/rp2_common/pico_bootrom/bootrom.c.obj
                0x10003ab8                rom_func_lookup
 .text.rom_data_lookup
                0x10003ac8       0x10 CMakeFiles/pulsox.dir/C_/Program_Files/Raspberry_Pi/Pico_SDK_v1.5.1/pico-sdk/src/rp2_common/pico_bootrom/bootrom.c.obj
                0x10003ac8                rom_data_lookup
 .text.rom_funcs_lookup
                0x10003ad8       0x36 CMakeFiles/pulsox.dir/C_/Program_Files/Raspberry_Pi/Pico_SDK_v1.5.1/pico-sdk/src/rp2_common/pico_bootrom/bootrom.c.obj
                0x10003ad8                rom_funcs_lookup
 *fill*         0x10003b0e        0x2 
 .text.__wrap___aeabi_idiv
                0x10003b10       0x50 CMakeFiles/pulsox.dir/C_/Program_Files/Raspberry_Pi/Pico_SDK_v1.5.1/pico-sdk/src/rp2_common/pico_divider/divider.S.obj
                0x10003b10                __wrap___aeabi_idivmod
                0x10003b10                divmod_s32s32
                0x10003b10                div_s32s32
                0x10003b10                __wrap___aeabi_idiv
                0x10003b18                divmod_s32s32_unsafe
                0x10003b44                divmod_s32s32_savestate
 .text.__wrap___aeabi_uidiv
                0x10003b60       0x4c CMakeFiles/pulsox.dir/C_/Program_Files/Raspberry_Pi/Pico_SDK_v1.5.1/pico-sdk/src/rp2_common/pico_divider/divider.S.obj
                0x10003b60                __wrap___aeabi_uidiv
                0x10003b60                __wrap___aeabi_uidivmod
                0x10003b60                div_u32u32
                0x10003b60                divmod_u32u32
                0x10003b68                divmod_u32u32_unsafe
                0x10003b90                divmod_u32u32_savestate
 .text.__wrap___aeabi_ldiv
                0x10003bac      0x424 CMakeFiles/pulsox.dir/C_/Program_Files/Raspberry_Pi/Pico_SDK_v1.5.1/pico-sdk/src/rp2_common/pico_divider/divider.S.obj
                0x10003bac                div_s64s64
                0x10003bac                divmod_s64s64
                0x10003bac                __wrap___aeabi_ldivmod
                0x10003bdc                divmod_u64u64
                0x10003bdc                div_u64u64
                0x10003bdc                __wrap___aeabi_uldivmod
                0x10003bec                divmod_u64u64_savestate
                0x10003c0c                divmod_s64s64_unsafe
                0x10003c94                divmod_u64u64_unsafe
 .text.__wrap___aeabi_darithmetic
                0x10003fd0       0x60 CMakeFiles/pulsox.dir/C_/Program_Files/Raspberry_Pi/Pico_SDK_v1.5.1/pico-sdk/src/rp2_common/pico_double/double_aeabi.S.obj
                0x10003fd0                __wrap___aeabi_drsub
                0x10003fd6                __wrap___aeabi_dsub
                0x10003fe0                __wrap___aeabi_dadd
                0x10003fea                __wrap___aeabi_ddiv
                0x1000401e                __wrap___aeabi_dmul
 .text.__wrap___aeabi_cdcmple
                0x10004030       0x6c CMakeFiles/pulsox.dir/C_/Program_Files/Raspberry_Pi/Pico_SDK_v1.5.1/pico-sdk/src/rp2_common/pico_double/double_aeabi.S.obj
                0x10004030                __wrap___aeabi_cdrcmple
                0x10004040                __wrap___aeabi_cdcmpeq
                0x10004040                __wrap___aeabi_cdcmple
 .text.__wrap___aeabi_dcmplt
                0x1000409c        0xc CMakeFiles/pulsox.dir/C_/Program_Files/Raspberry_Pi/Pico_SDK_v1.5.1/pico-sdk/src/rp2_common/pico_double/double_aeabi.S.obj
                0x1000409c                __wrap___aeabi_dcmplt
 .text.__wrap___aeabi_dcmple
                0x100040a8       0x10 CMakeFiles/pulsox.dir/C_/Program_Files/Raspberry_Pi/Pico_SDK_v1.5.1/pico-sdk/src/rp2_common/pico_double/double_aeabi.S.obj
                0x100040a8                __wrap___aeabi_dcmple
 .text.__wrap___aeabi_dcmpge
                0x100040b8       0x10 CMakeFiles/pulsox.dir/C_/Program_Files/Raspberry_Pi/Pico_SDK_v1.5.1/pico-sdk/src/rp2_common/pico_double/double_aeabi.S.obj
                0x100040b8                __wrap___aeabi_dcmpge
 .text.__wrap___aeabi_dcmpgt
                0x100040c8        0xa CMakeFiles/pulsox.dir/C_/Program_Files/Raspberry_Pi/Pico_SDK_v1.5.1/pico-sdk/src/rp2_common/pico_double/double_aeabi.S.obj
                0x100040c8                __wrap___aeabi_dcmpgt
 .text.__wrap___aeabi_dcmpun
                0x100040d2       0x1c CMakeFiles/pulsox.dir/C_/Program_Files/Raspberry_Pi/Pico_SDK_v1.5.1/pico-sdk/src/rp2_common/pico_double/double_aeabi.S.obj
                0x100040d2                __wrap___aeabi_dcmpun
 *fill*         0x100040ee        0x2 
 .text.__wrap___aeabi_i2d
                0x100040f0       0x38 CMakeFiles/pulsox.dir/C_/Program_Files/Raspberry_Pi/Pico_SDK_v1.5.1/pico-sdk/src/rp2_common/pico_double/double_aeabi.S.obj
                0x100040f0                __wrap___aeabi_ui2d
                0x100040f8                __wrap___aeabi_i2d
 .text.__wrap___aeabi_d2iz
                0x10004128       0x48 CMakeFiles/pulsox.dir/C_/Program_Files/Raspberry_Pi/Pico_SDK_v1.5.1/pico-sdk/src/rp2_common/pico_double/double_aeabi.S.obj
                0x10004128                double2int_z
                0x10004128                __wrap___aeabi_d2iz
 .text.__wrap___aeabi_d2uiz
                0x10004170       0x10 CMakeFiles/pulsox.dir/C_/Program_Files/Raspberry_Pi/Pico_SDK_v1.5.1/pico-sdk/src/rp2_common/pico_double/double_aeabi.S.obj
                0x10004170                __wrap___aeabi_d2uiz
                0x10004170                double2uint
 .text.missing_double_func_shim
                0x10004180        0xc CMakeFiles/pulsox.dir/C_/Program_Files/Raspberry_Pi/Pico_SDK_v1.5.1/pico-sdk/src/rp2_common/pico_double/double_init_rom.c.obj
 .text.__aeabi_double_init
                0x1000418c       0xcc CMakeFiles/pulsox.dir/C_/Program_Files/Raspberry_Pi/Pico_SDK_v1.5.1/pico-sdk/src/rp2_common/pico_double/double_init_rom.c.obj
                0x1000418c                __aeabi_double_init
 .text.double_table_shim_on_use_helper
                0x10004258       0x34 CMakeFiles/pulsox.dir/C_/Program_Files/Raspberry_Pi/Pico_SDK_v1.5.1/pico-sdk/src/rp2_common/pico_double/double_v1_rom_shim.S.obj
                0x10004258                double_table_shim_on_use_helper
 .text.__aeabi_lmul
                0x1000428c       0x32 CMakeFiles/pulsox.dir/C_/Program_Files/Raspberry_Pi/Pico_SDK_v1.5.1/pico-sdk/src/rp2_common/pico_int64_ops/pico_int64_ops_aeabi.S.obj
                0x1000428c                __wrap___aeabi_lmul
 *fill*         0x100042be        0x2 
 .text.missing_float_func_shim
                0x100042c0        0xc CMakeFiles/pulsox.dir/C_/Program_Files/Raspberry_Pi/Pico_SDK_v1.5.1/pico-sdk/src/rp2_common/pico_float/float_init_rom.c.obj
 .text.__aeabi_float_init
                0x100042cc       0x88 CMakeFiles/pulsox.dir/C_/Program_Files/Raspberry_Pi/Pico_SDK_v1.5.1/pico-sdk/src/rp2_common/pico_float/float_init_rom.c.obj
                0x100042cc                __aeabi_float_init
 .text          0x10004354       0x10 CMakeFiles/pulsox.dir/C_/Program_Files/Raspberry_Pi/Pico_SDK_v1.5.1/pico-sdk/src/rp2_common/pico_mem_ops/mem_ops_aeabi.S.obj
                0x10004354                __aeabi_mem_init
 .text.memset   0x10004364        0xc CMakeFiles/pulsox.dir/C_/Program_Files/Raspberry_Pi/Pico_SDK_v1.5.1/pico-sdk/src/rp2_common/pico_mem_ops/mem_ops_aeabi.S.obj
                0x10004364                __wrap_memset
 .text.memcpy   0x10004370        0xc CMakeFiles/pulsox.dir/C_/Program_Files/Raspberry_Pi/Pico_SDK_v1.5.1/pico-sdk/src/rp2_common/pico_mem_ops/mem_ops_aeabi.S.obj
                0x10004370                __wrap_memcpy
                0x10004370                __wrap___aeabi_memcpy
 .text.stdio_out_chars_no_crlf
                0x1000437c        0xe CMakeFiles/pulsox.dir/C_/Program_Files/Raspberry_Pi/Pico_SDK_v1.5.1/pico-sdk/src/rp2_common/pico_stdio/stdio.c.obj
 *fill*         0x1000438a        0x2 
 .text.stdio_out_chars_crlf
                0x1000438c       0x80 CMakeFiles/pulsox.dir/C_/Program_Files/Raspberry_Pi/Pico_SDK_v1.5.1/pico-sdk/src/rp2_common/pico_stdio/stdio.c.obj
 .text.stdio_stack_buffer_flush
                0x1000440c       0x44 CMakeFiles/pulsox.dir/C_/Program_Files/Raspberry_Pi/Pico_SDK_v1.5.1/pico-sdk/src/rp2_common/pico_stdio/stdio.c.obj
 .text.stdio_buffered_printer
                0x10004450       0x20 CMakeFiles/pulsox.dir/C_/Program_Files/Raspberry_Pi/Pico_SDK_v1.5.1/pico-sdk/src/rp2_common/pico_stdio/stdio.c.obj
 .text.stdout_serialize_begin
                0x10004470       0x5c CMakeFiles/pulsox.dir/C_/Program_Files/Raspberry_Pi/Pico_SDK_v1.5.1/pico-sdk/src/rp2_common/pico_stdio/stdio.c.obj
                0x10004470                stdout_serialize_begin
 .text.stdout_serialize_end
                0x100044cc       0x10 CMakeFiles/pulsox.dir/C_/Program_Files/Raspberry_Pi/Pico_SDK_v1.5.1/pico-sdk/src/rp2_common/pico_stdio/stdio.c.obj
                0x100044cc                stdout_serialize_end
 .text.stdio_put_string
                0x100044dc       0x98 CMakeFiles/pulsox.dir/C_/Program_Files/Raspberry_Pi/Pico_SDK_v1.5.1/pico-sdk/src/rp2_common/pico_stdio/stdio.c.obj
 .text.stdio_set_driver_enabled
                0x10004574       0x2c CMakeFiles/pulsox.dir/C_/Program_Files/Raspberry_Pi/Pico_SDK_v1.5.1/pico-sdk/src/rp2_common/pico_stdio/stdio.c.obj
                0x10004574                stdio_set_driver_enabled
 .text.stdio_flush
                0x100045a0       0x20 CMakeFiles/pulsox.dir/C_/Program_Files/Raspberry_Pi/Pico_SDK_v1.5.1/pico-sdk/src/rp2_common/pico_stdio/stdio.c.obj
                0x100045a0                stdio_flush
 .text.__wrap_puts
                0x100045c0       0x1e CMakeFiles/pulsox.dir/C_/Program_Files/Raspberry_Pi/Pico_SDK_v1.5.1/pico-sdk/src/rp2_common/pico_stdio/stdio.c.obj
                0x100045c0                __wrap_puts
 *fill*         0x100045de        0x2 
 .text.__wrap_vprintf
                0x100045e0       0x40 CMakeFiles/pulsox.dir/C_/Program_Files/Raspberry_Pi/Pico_SDK_v1.5.1/pico-sdk/src/rp2_common/pico_stdio/stdio.c.obj
                0x100045e0                __wrap_vprintf
 .text.__wrap_printf
                0x10004620       0x18 CMakeFiles/pulsox.dir/C_/Program_Files/Raspberry_Pi/Pico_SDK_v1.5.1/pico-sdk/src/rp2_common/pico_stdio/stdio.c.obj
                0x10004620                __wrap_printf
 .text.stdio_init_all
                0x10004638        0x8 CMakeFiles/pulsox.dir/C_/Program_Files/Raspberry_Pi/Pico_SDK_v1.5.1/pico-sdk/src/rp2_common/pico_stdio/stdio.c.obj
                0x10004638                stdio_init_all
 .text.resetd_init
                0x10004640        0x2 CMakeFiles/pulsox.dir/C_/Program_Files/Raspberry_Pi/Pico_SDK_v1.5.1/pico-sdk/src/rp2_common/pico_stdio_usb/reset_interface.c.obj
 *fill*         0x10004642        0x2 
 .text.resetd_reset
                0x10004644        0xc CMakeFiles/pulsox.dir/C_/Program_Files/Raspberry_Pi/Pico_SDK_v1.5.1/pico-sdk/src/rp2_common/pico_stdio_usb/reset_interface.c.obj
 .text.resetd_open
                0x10004650       0x34 CMakeFiles/pulsox.dir/C_/Program_Files/Raspberry_Pi/Pico_SDK_v1.5.1/pico-sdk/src/rp2_common/pico_stdio_usb/reset_interface.c.obj
 .text.resetd_xfer_cb
                0x10004684        0x4 CMakeFiles/pulsox.dir/C_/Program_Files/Raspberry_Pi/Pico_SDK_v1.5.1/pico-sdk/src/rp2_common/pico_stdio_usb/reset_interface.c.obj
 .text.reset_usb_boot
                0x10004688       0x18 CMakeFiles/pulsox.dir/C_/Program_Files/Raspberry_Pi/Pico_SDK_v1.5.1/pico-sdk/src/rp2_common/pico_stdio_usb/reset_interface.c.obj
 .text.resetd_control_xfer_cb
                0x100046a0       0x5c CMakeFiles/pulsox.dir/C_/Program_Files/Raspberry_Pi/Pico_SDK_v1.5.1/pico-sdk/src/rp2_common/pico_stdio_usb/reset_interface.c.obj
 .text.usbd_app_driver_get_cb
                0x100046fc        0xc CMakeFiles/pulsox.dir/C_/Program_Files/Raspberry_Pi/Pico_SDK_v1.5.1/pico-sdk/src/rp2_common/pico_stdio_usb/reset_interface.c.obj
                0x100046fc                usbd_app_driver_get_cb
 .text.tud_cdc_line_coding_cb
                0x10004708       0x28 CMakeFiles/pulsox.dir/C_/Program_Files/Raspberry_Pi/Pico_SDK_v1.5.1/pico-sdk/src/rp2_common/pico_stdio_usb/reset_interface.c.obj
                0x10004708                tud_cdc_line_coding_cb
 .text.stdio_usb_set_chars_available_callback
                0x10004730       0x14 CMakeFiles/pulsox.dir/C_/Program_Files/Raspberry_Pi/Pico_SDK_v1.5.1/pico-sdk/src/rp2_common/pico_stdio_usb/stdio_usb.c.obj
                0x10004730                stdio_usb_set_chars_available_callback
 .text.usb_irq  0x10004744       0x10 CMakeFiles/pulsox.dir/C_/Program_Files/Raspberry_Pi/Pico_SDK_v1.5.1/pico-sdk/src/rp2_common/pico_stdio_usb/stdio_usb.c.obj
 .text.timer_task
                0x10004754       0x5c CMakeFiles/pulsox.dir/C_/Program_Files/Raspberry_Pi/Pico_SDK_v1.5.1/pico-sdk/src/rp2_common/pico_stdio_usb/stdio_usb.c.obj
 .text.low_priority_worker_irq
                0x100047b0       0xdc CMakeFiles/pulsox.dir/C_/Program_Files/Raspberry_Pi/Pico_SDK_v1.5.1/pico-sdk/src/rp2_common/pico_stdio_usb/stdio_usb.c.obj
 .text.tud_cdc_rx_cb
                0x1000488c       0x20 CMakeFiles/pulsox.dir/C_/Program_Files/Raspberry_Pi/Pico_SDK_v1.5.1/pico-sdk/src/rp2_common/pico_stdio_usb/stdio_usb.c.obj
                0x1000488c                tud_cdc_rx_cb
 .text.stdio_usb_init
                0x100048ac      0x11c CMakeFiles/pulsox.dir/C_/Program_Files/Raspberry_Pi/Pico_SDK_v1.5.1/pico-sdk/src/rp2_common/pico_stdio_usb/stdio_usb.c.obj
                0x100048ac                stdio_usb_init
 .text.stdio_usb_connected
                0x100049c8        0xa CMakeFiles/pulsox.dir/C_/Program_Files/Raspberry_Pi/Pico_SDK_v1.5.1/pico-sdk/src/rp2_common/pico_stdio_usb/stdio_usb.c.obj
                0x100049c8                stdio_usb_connected
 *fill*         0x100049d2        0x2 
 .text.stdio_usb_in_chars
                0x100049d4       0xc4 CMakeFiles/pulsox.dir/C_/Program_Files/Raspberry_Pi/Pico_SDK_v1.5.1/pico-sdk/src/rp2_common/pico_stdio_usb/stdio_usb.c.obj
                0x100049d4                stdio_usb_in_chars
 .text.stdio_usb_out_chars
                0x10004a98      0x114 CMakeFiles/pulsox.dir/C_/Program_Files/Raspberry_Pi/Pico_SDK_v1.5.1/pico-sdk/src/rp2_common/pico_stdio_usb/stdio_usb.c.obj
 .text.tud_descriptor_device_cb
                0x10004bac        0x8 CMakeFiles/pulsox.dir/C_/Program_Files/Raspberry_Pi/Pico_SDK_v1.5.1/pico-sdk/src/rp2_common/pico_stdio_usb/stdio_usb_descriptors.c.obj
                0x10004bac                tud_descriptor_device_cb
 .text.tud_descriptor_configuration_cb
                0x10004bb4        0x8 CMakeFiles/pulsox.dir/C_/Program_Files/Raspberry_Pi/Pico_SDK_v1.5.1/pico-sdk/src/rp2_common/pico_stdio_usb/stdio_usb_descriptors.c.obj
                0x10004bb4                tud_descriptor_configuration_cb
 .text.tud_descriptor_string_cb
                0x10004bbc       0x6c CMakeFiles/pulsox.dir/C_/Program_Files/Raspberry_Pi/Pico_SDK_v1.5.1/pico-sdk/src/rp2_common/pico_stdio_usb/stdio_usb_descriptors.c.obj
                0x10004bbc                tud_descriptor_string_cb
 .text._retrieve_unique_id_on_boot
                0x10004c28       0x10 CMakeFiles/pulsox.dir/C_/Program_Files/Raspberry_Pi/Pico_SDK_v1.5.1/pico-sdk/src/rp2_common/pico_unique_id/unique_id.c.obj
 .text.pico_get_unique_board_id_string
                0x10004c38       0x60 CMakeFiles/pulsox.dir/C_/Program_Files/Raspberry_Pi/Pico_SDK_v1.5.1/pico-sdk/src/rp2_common/pico_unique_id/unique_id.c.obj
                0x10004c38                pico_get_unique_board_id_string
 .text.flash_get_unique_id
                0x10004c98       0x46 CMakeFiles/pulsox.dir/C_/Program_Files/Raspberry_Pi/Pico_SDK_v1.5.1/pico-sdk/src/rp2_common/hardware_flash/flash.c.obj
                0x10004c98                flash_get_unique_id
 *fill*         0x10004cde        0x2 
 .text.hw_endpoint_get_by_addr
                0x10004ce0       0x18 CMakeFiles/pulsox.dir/C_/Program_Files/Raspberry_Pi/Pico_SDK_v1.5.1/pico-sdk/lib/tinyusb/src/portable/raspberrypi/rp2040/dcd_rp2040.c.obj
 .text._hw_endpoint_alloc
                0x10004cf8       0x70 CMakeFiles/pulsox.dir/C_/Program_Files/Raspberry_Pi/Pico_SDK_v1.5.1/pico-sdk/lib/tinyusb/src/portable/raspberrypi/rp2040/dcd_rp2040.c.obj
 .text.hw_endpoint_init
                0x10004d68       0x88 CMakeFiles/pulsox.dir/C_/Program_Files/Raspberry_Pi/Pico_SDK_v1.5.1/pico-sdk/lib/tinyusb/src/portable/raspberrypi/rp2040/dcd_rp2040.c.obj
 .text.hw_endpoint_xfer
                0x10004df0       0x14 CMakeFiles/pulsox.dir/C_/Program_Files/Raspberry_Pi/Pico_SDK_v1.5.1/pico-sdk/lib/tinyusb/src/portable/raspberrypi/rp2040/dcd_rp2040.c.obj
 .text.dcd_int_enable
                0x10004e04       0x2c CMakeFiles/pulsox.dir/C_/Program_Files/Raspberry_Pi/Pico_SDK_v1.5.1/pico-sdk/lib/tinyusb/src/portable/raspberrypi/rp2040/dcd_rp2040.c.obj
                0x10004e04                dcd_int_enable
 .text.dcd_set_address
                0x10004e30       0x2c CMakeFiles/pulsox.dir/C_/Program_Files/Raspberry_Pi/Pico_SDK_v1.5.1/pico-sdk/lib/tinyusb/src/portable/raspberrypi/rp2040/dcd_rp2040.c.obj
                0x10004e30                dcd_set_address
 .text.dcd_connect
                0x10004e5c       0x10 CMakeFiles/pulsox.dir/C_/Program_Files/Raspberry_Pi/Pico_SDK_v1.5.1/pico-sdk/lib/tinyusb/src/portable/raspberrypi/rp2040/dcd_rp2040.c.obj
                0x10004e5c                dcd_connect
 .text.dcd_init
                0x10004e6c       0x80 CMakeFiles/pulsox.dir/C_/Program_Files/Raspberry_Pi/Pico_SDK_v1.5.1/pico-sdk/lib/tinyusb/src/portable/raspberrypi/rp2040/dcd_rp2040.c.obj
                0x10004e6c                dcd_init
 .text.dcd_edpt0_status_complete
                0x10004eec       0x1c CMakeFiles/pulsox.dir/C_/Program_Files/Raspberry_Pi/Pico_SDK_v1.5.1/pico-sdk/lib/tinyusb/src/portable/raspberrypi/rp2040/dcd_rp2040.c.obj
                0x10004eec                dcd_edpt0_status_complete
 .text.dcd_edpt_open
                0x10004f08       0x40 CMakeFiles/pulsox.dir/C_/Program_Files/Raspberry_Pi/Pico_SDK_v1.5.1/pico-sdk/lib/tinyusb/src/portable/raspberrypi/rp2040/dcd_rp2040.c.obj
                0x10004f08                dcd_edpt_open
 .text.dcd_edpt_close_all
                0x10004f48        0x8 CMakeFiles/pulsox.dir/C_/Program_Files/Raspberry_Pi/Pico_SDK_v1.5.1/pico-sdk/lib/tinyusb/src/portable/raspberrypi/rp2040/dcd_rp2040.c.obj
                0x10004f48                dcd_edpt_close_all
 .text.dcd_edpt_xfer
                0x10004f50       0x34 CMakeFiles/pulsox.dir/C_/Program_Files/Raspberry_Pi/Pico_SDK_v1.5.1/pico-sdk/lib/tinyusb/src/portable/raspberrypi/rp2040/dcd_rp2040.c.obj
                0x10004f50                dcd_edpt_xfer
 .text.dcd_edpt_stall
                0x10004f84       0x2c CMakeFiles/pulsox.dir/C_/Program_Files/Raspberry_Pi/Pico_SDK_v1.5.1/pico-sdk/lib/tinyusb/src/portable/raspberrypi/rp2040/dcd_rp2040.c.obj
                0x10004f84                dcd_edpt_stall
 .text.dcd_edpt_clear_stall
                0x10004fb0       0x20 CMakeFiles/pulsox.dir/C_/Program_Files/Raspberry_Pi/Pico_SDK_v1.5.1/pico-sdk/lib/tinyusb/src/portable/raspberrypi/rp2040/dcd_rp2040.c.obj
                0x10004fb0                dcd_edpt_clear_stall
 .text.rp2040_usb_init
                0x10004fd0       0x4c CMakeFiles/pulsox.dir/C_/Program_Files/Raspberry_Pi/Pico_SDK_v1.5.1/pico-sdk/lib/tinyusb/src/portable/raspberrypi/rp2040/rp2040_usb.c.obj
                0x10004fd0                rp2040_usb_init
 .text.hw_endpoint_xfer_start
                0x1000501c       0x50 CMakeFiles/pulsox.dir/C_/Program_Files/Raspberry_Pi/Pico_SDK_v1.5.1/pico-sdk/lib/tinyusb/src/portable/raspberrypi/rp2040/rp2040_usb.c.obj
                0x1000501c                hw_endpoint_xfer_start
 .text.configuration_reset
                0x1000506c       0x84 CMakeFiles/pulsox.dir/C_/Program_Files/Raspberry_Pi/Pico_SDK_v1.5.1/pico-sdk/lib/tinyusb/src/device/usbd.c.obj
 .text.usbd_reset
                0x100050f0        0xc CMakeFiles/pulsox.dir/C_/Program_Files/Raspberry_Pi/Pico_SDK_v1.5.1/pico-sdk/lib/tinyusb/src/device/usbd.c.obj
 .text.invoke_class_control
                0x100050fc       0x1a CMakeFiles/pulsox.dir/C_/Program_Files/Raspberry_Pi/Pico_SDK_v1.5.1/pico-sdk/lib/tinyusb/src/device/usbd.c.obj
 *fill*         0x10005116        0x2 
 .text.process_set_config
                0x10005118      0x178 CMakeFiles/pulsox.dir/C_/Program_Files/Raspberry_Pi/Pico_SDK_v1.5.1/pico-sdk/lib/tinyusb/src/device/usbd.c.obj
 .text.process_get_descriptor
                0x10005290       0xdc CMakeFiles/pulsox.dir/C_/Program_Files/Raspberry_Pi/Pico_SDK_v1.5.1/pico-sdk/lib/tinyusb/src/device/usbd.c.obj
 .text.tud_mounted
                0x1000536c       0x10 CMakeFiles/pulsox.dir/C_/Program_Files/Raspberry_Pi/Pico_SDK_v1.5.1/pico-sdk/lib/tinyusb/src/device/usbd.c.obj
                0x1000536c                tud_mounted
 .text.tud_suspended
                0x1000537c       0x10 CMakeFiles/pulsox.dir/C_/Program_Files/Raspberry_Pi/Pico_SDK_v1.5.1/pico-sdk/lib/tinyusb/src/device/usbd.c.obj
                0x1000537c                tud_suspended
 .text.tud_inited
                0x1000538c       0x14 CMakeFiles/pulsox.dir/C_/Program_Files/Raspberry_Pi/Pico_SDK_v1.5.1/pico-sdk/lib/tinyusb/src/device/usbd.c.obj
                0x1000538c                tud_inited
 .text.tud_init
                0x100053a0       0xcc CMakeFiles/pulsox.dir/C_/Program_Files/Raspberry_Pi/Pico_SDK_v1.5.1/pico-sdk/lib/tinyusb/src/device/usbd.c.obj
                0x100053a0                tud_init
 .text.usbd_defer_func
                0x1000546c       0x2a CMakeFiles/pulsox.dir/C_/Program_Files/Raspberry_Pi/Pico_SDK_v1.5.1/pico-sdk/lib/tinyusb/src/device/usbd.c.obj
                0x1000546c                usbd_defer_func
 *fill*         0x10005496        0x2 
 .text.usbd_edpt_open
                0x10005498       0x34 CMakeFiles/pulsox.dir/C_/Program_Files/Raspberry_Pi/Pico_SDK_v1.5.1/pico-sdk/lib/tinyusb/src/device/usbd.c.obj
                0x10005498                usbd_edpt_open
 .text.usbd_open_edpt_pair
                0x100054cc       0x62 CMakeFiles/pulsox.dir/C_/Program_Files/Raspberry_Pi/Pico_SDK_v1.5.1/pico-sdk/lib/tinyusb/src/device/usbd.c.obj
                0x100054cc                usbd_open_edpt_pair
 *fill*         0x1000552e        0x2 
 .text.usbd_edpt_claim
                0x10005530       0x28 CMakeFiles/pulsox.dir/C_/Program_Files/Raspberry_Pi/Pico_SDK_v1.5.1/pico-sdk/lib/tinyusb/src/device/usbd.c.obj
                0x10005530                usbd_edpt_claim
 .text.usbd_edpt_release
                0x10005558       0x28 CMakeFiles/pulsox.dir/C_/Program_Files/Raspberry_Pi/Pico_SDK_v1.5.1/pico-sdk/lib/tinyusb/src/device/usbd.c.obj
                0x10005558                usbd_edpt_release
 .text.usbd_edpt_xfer
                0x10005580       0x78 CMakeFiles/pulsox.dir/C_/Program_Files/Raspberry_Pi/Pico_SDK_v1.5.1/pico-sdk/lib/tinyusb/src/device/usbd.c.obj
                0x10005580                usbd_edpt_xfer
 .text.usbd_edpt_stall
                0x100055f8       0x48 CMakeFiles/pulsox.dir/C_/Program_Files/Raspberry_Pi/Pico_SDK_v1.5.1/pico-sdk/lib/tinyusb/src/device/usbd.c.obj
                0x100055f8                usbd_edpt_stall
 .text.usbd_edpt_clear_stall
                0x10005640       0x48 CMakeFiles/pulsox.dir/C_/Program_Files/Raspberry_Pi/Pico_SDK_v1.5.1/pico-sdk/lib/tinyusb/src/device/usbd.c.obj
                0x10005640                usbd_edpt_clear_stall
 .text.usbd_edpt_stalled
                0x10005688       0x1c CMakeFiles/pulsox.dir/C_/Program_Files/Raspberry_Pi/Pico_SDK_v1.5.1/pico-sdk/lib/tinyusb/src/device/usbd.c.obj
                0x10005688                usbd_edpt_stalled
 .text.process_control_request
                0x100056a4      0x37c CMakeFiles/pulsox.dir/C_/Program_Files/Raspberry_Pi/Pico_SDK_v1.5.1/pico-sdk/lib/tinyusb/src/device/usbd.c.obj
 .text.tud_task_ext
                0x10005a20      0x1b8 CMakeFiles/pulsox.dir/C_/Program_Files/Raspberry_Pi/Pico_SDK_v1.5.1/pico-sdk/lib/tinyusb/src/device/usbd.c.obj
                0x10005a20                tud_task_ext
 .text._data_stage_xact
                0x10005bd8       0x58 CMakeFiles/pulsox.dir/C_/Program_Files/Raspberry_Pi/Pico_SDK_v1.5.1/pico-sdk/lib/tinyusb/src/device/usbd_control.c.obj
 .text.tud_control_status
                0x10005c30       0x38 CMakeFiles/pulsox.dir/C_/Program_Files/Raspberry_Pi/Pico_SDK_v1.5.1/pico-sdk/lib/tinyusb/src/device/usbd_control.c.obj
                0x10005c30                tud_control_status
 .text.tud_control_xfer
                0x10005c68       0x74 CMakeFiles/pulsox.dir/C_/Program_Files/Raspberry_Pi/Pico_SDK_v1.5.1/pico-sdk/lib/tinyusb/src/device/usbd_control.c.obj
                0x10005c68                tud_control_xfer
 .text.usbd_control_reset
                0x10005cdc       0x14 CMakeFiles/pulsox.dir/C_/Program_Files/Raspberry_Pi/Pico_SDK_v1.5.1/pico-sdk/lib/tinyusb/src/device/usbd_control.c.obj
                0x10005cdc                usbd_control_reset
 .text.usbd_control_set_complete_callback
                0x10005cf0        0xc CMakeFiles/pulsox.dir/C_/Program_Files/Raspberry_Pi/Pico_SDK_v1.5.1/pico-sdk/lib/tinyusb/src/device/usbd_control.c.obj
                0x10005cf0                usbd_control_set_complete_callback
 .text.usbd_control_set_request
                0x10005cfc       0x1c CMakeFiles/pulsox.dir/C_/Program_Files/Raspberry_Pi/Pico_SDK_v1.5.1/pico-sdk/lib/tinyusb/src/device/usbd_control.c.obj
                0x10005cfc                usbd_control_set_request
 .text.usbd_control_xfer_cb
                0x10005d18       0xcc CMakeFiles/pulsox.dir/C_/Program_Files/Raspberry_Pi/Pico_SDK_v1.5.1/pico-sdk/lib/tinyusb/src/device/usbd_control.c.obj
                0x10005d18                usbd_control_xfer_cb
 .text._prep_out_transaction
                0x10005de4       0x4a CMakeFiles/pulsox.dir/C_/Program_Files/Raspberry_Pi/Pico_SDK_v1.5.1/pico-sdk/lib/tinyusb/src/class/cdc/cdc_device.c.obj
 *fill*         0x10005e2e        0x2 
 .text.tud_cdc_n_connected
                0x10005e30       0x44 CMakeFiles/pulsox.dir/C_/Program_Files/Raspberry_Pi/Pico_SDK_v1.5.1/pico-sdk/lib/tinyusb/src/class/cdc/cdc_device.c.obj
                0x10005e30                tud_cdc_n_connected
 .text.tud_cdc_n_available
                0x10005e74       0x18 CMakeFiles/pulsox.dir/C_/Program_Files/Raspberry_Pi/Pico_SDK_v1.5.1/pico-sdk/lib/tinyusb/src/class/cdc/cdc_device.c.obj
                0x10005e74                tud_cdc_n_available
 .text.tud_cdc_n_read
                0x10005e8c       0x28 CMakeFiles/pulsox.dir/C_/Program_Files/Raspberry_Pi/Pico_SDK_v1.5.1/pico-sdk/lib/tinyusb/src/class/cdc/cdc_device.c.obj
                0x10005e8c                tud_cdc_n_read
 .text.tud_cdc_n_write_flush
                0x10005eb4       0xb8 CMakeFiles/pulsox.dir/C_/Program_Files/Raspberry_Pi/Pico_SDK_v1.5.1/pico-sdk/lib/tinyusb/src/class/cdc/cdc_device.c.obj
                0x10005eb4                tud_cdc_n_write_flush
 .text.tud_cdc_n_write
                0x10005f6c       0x38 CMakeFiles/pulsox.dir/C_/Program_Files/Raspberry_Pi/Pico_SDK_v1.5.1/pico-sdk/lib/tinyusb/src/class/cdc/cdc_device.c.obj
                0x10005f6c                tud_cdc_n_write
 .text.tud_cdc_n_write_available
                0x10005fa4       0x1c CMakeFiles/pulsox.dir/C_/Program_Files/Raspberry_Pi/Pico_SDK_v1.5.1/pico-sdk/lib/tinyusb/src/class/cdc/cdc_device.c.obj
                0x10005fa4                tud_cdc_n_write_available
 .text.cdcd_init
                0x10005fc0       0xbc CMakeFiles/pulsox.dir/C_/Program_Files/Raspberry_Pi/Pico_SDK_v1.5.1/pico-sdk/lib/tinyusb/src/class/cdc/cdc_device.c.obj
                0x10005fc0                cdcd_init
 .text.cdcd_reset
                0x1000607c       0x44 CMakeFiles/pulsox.dir/C_/Program_Files/Raspberry_Pi/Pico_SDK_v1.5.1/pico-sdk/lib/tinyusb/src/class/cdc/cdc_device.c.obj
                0x1000607c                cdcd_reset
 .text.cdcd_open
                0x100060c0       0xcc CMakeFiles/pulsox.dir/C_/Program_Files/Raspberry_Pi/Pico_SDK_v1.5.1/pico-sdk/lib/tinyusb/src/class/cdc/cdc_device.c.obj
                0x100060c0                cdcd_open
 .text.cdcd_control_xfer_cb
                0x1000618c      0x134 CMakeFiles/pulsox.dir/C_/Program_Files/Raspberry_Pi/Pico_SDK_v1.5.1/pico-sdk/lib/tinyusb/src/class/cdc/cdc_device.c.obj
                0x1000618c                cdcd_control_xfer_cb
 .text.cdcd_xfer_cb
                0x100062c0      0x130 CMakeFiles/pulsox.dir/C_/Program_Files/Raspberry_Pi/Pico_SDK_v1.5.1/pico-sdk/lib/tinyusb/src/class/cdc/cdc_device.c.obj
                0x100062c0                cdcd_xfer_cb
 .text.tusb_init
                0x100063f0        0xa CMakeFiles/pulsox.dir/C_/Program_Files/Raspberry_Pi/Pico_SDK_v1.5.1/pico-sdk/lib/tinyusb/src/tusb.c.obj
                0x100063f0                tusb_init
 .text.tusb_inited
                0x100063fa        0xe CMakeFiles/pulsox.dir/C_/Program_Files/Raspberry_Pi/Pico_SDK_v1.5.1/pico-sdk/lib/tinyusb/src/tusb.c.obj
                0x100063fa                tusb_inited
 .text.tu_edpt_claim
                0x10006408       0x50 CMakeFiles/pulsox.dir/C_/Program_Files/Raspberry_Pi/Pico_SDK_v1.5.1/pico-sdk/lib/tinyusb/src/tusb.c.obj
                0x10006408                tu_edpt_claim
 .text.tu_edpt_release
                0x10006458       0x3c CMakeFiles/pulsox.dir/C_/Program_Files/Raspberry_Pi/Pico_SDK_v1.5.1/pico-sdk/lib/tinyusb/src/tusb.c.obj
                0x10006458                tu_edpt_release
 .text.tu_edpt_validate
                0x10006494       0x78 CMakeFiles/pulsox.dir/C_/Program_Files/Raspberry_Pi/Pico_SDK_v1.5.1/pico-sdk/lib/tinyusb/src/tusb.c.obj
                0x10006494                tu_edpt_validate
 .text.tu_edpt_bind_driver
                0x1000650c       0x26 CMakeFiles/pulsox.dir/C_/Program_Files/Raspberry_Pi/Pico_SDK_v1.5.1/pico-sdk/lib/tinyusb/src/tusb.c.obj
                0x1000650c                tu_edpt_bind_driver
 .text.advance_index
                0x10006532       0x1a CMakeFiles/pulsox.dir/C_/Program_Files/Raspberry_Pi/Pico_SDK_v1.5.1/pico-sdk/lib/tinyusb/src/common/tusb_fifo.c.obj
 .text._tu_fifo_peek
                0x1000654c       0x56 CMakeFiles/pulsox.dir/C_/Program_Files/Raspberry_Pi/Pico_SDK_v1.5.1/pico-sdk/lib/tinyusb/src/common/tusb_fifo.c.obj
 .text._ff_pull_const_addr
                0x100065a2       0x4c CMakeFiles/pulsox.dir/C_/Program_Files/Raspberry_Pi/Pico_SDK_v1.5.1/pico-sdk/lib/tinyusb/src/common/tusb_fifo.c.obj
 .text._ff_pull_n
                0x100065ee      0x110 CMakeFiles/pulsox.dir/C_/Program_Files/Raspberry_Pi/Pico_SDK_v1.5.1/pico-sdk/lib/tinyusb/src/common/tusb_fifo.c.obj
 .text._tu_fifo_peek_n
                0x100066fe       0x6a CMakeFiles/pulsox.dir/C_/Program_Files/Raspberry_Pi/Pico_SDK_v1.5.1/pico-sdk/lib/tinyusb/src/common/tusb_fifo.c.obj
 .text._tu_fifo_read_n
                0x10006768       0x4e CMakeFiles/pulsox.dir/C_/Program_Files/Raspberry_Pi/Pico_SDK_v1.5.1/pico-sdk/lib/tinyusb/src/common/tusb_fifo.c.obj
 .text._ff_push_const_addr
                0x100067b6       0x40 CMakeFiles/pulsox.dir/C_/Program_Files/Raspberry_Pi/Pico_SDK_v1.5.1/pico-sdk/lib/tinyusb/src/common/tusb_fifo.c.obj
 .text._ff_push_n
                0x100067f6      0x10c CMakeFiles/pulsox.dir/C_/Program_Files/Raspberry_Pi/Pico_SDK_v1.5.1/pico-sdk/lib/tinyusb/src/common/tusb_fifo.c.obj
 .text._tu_fifo_write_n
                0x10006902       0xf0 CMakeFiles/pulsox.dir/C_/Program_Files/Raspberry_Pi/Pico_SDK_v1.5.1/pico-sdk/lib/tinyusb/src/common/tusb_fifo.c.obj
 .text.tu_fifo_config
                0x100069f2       0x7c CMakeFiles/pulsox.dir/C_/Program_Files/Raspberry_Pi/Pico_SDK_v1.5.1/pico-sdk/lib/tinyusb/src/common/tusb_fifo.c.obj
                0x100069f2                tu_fifo_config
 .text.tu_fifo_count
                0x10006a6e       0x2a CMakeFiles/pulsox.dir/C_/Program_Files/Raspberry_Pi/Pico_SDK_v1.5.1/pico-sdk/lib/tinyusb/src/common/tusb_fifo.c.obj
                0x10006a6e                tu_fifo_count
 .text.tu_fifo_empty
                0x10006a98       0x10 CMakeFiles/pulsox.dir/C_/Program_Files/Raspberry_Pi/Pico_SDK_v1.5.1/pico-sdk/lib/tinyusb/src/common/tusb_fifo.c.obj
                0x10006a98                tu_fifo_empty
 .text.tu_fifo_full
                0x10006aa8       0x28 CMakeFiles/pulsox.dir/C_/Program_Files/Raspberry_Pi/Pico_SDK_v1.5.1/pico-sdk/lib/tinyusb/src/common/tusb_fifo.c.obj
                0x10006aa8                tu_fifo_full
 .text.tu_fifo_remaining
                0x10006ad0       0x2c CMakeFiles/pulsox.dir/C_/Program_Files/Raspberry_Pi/Pico_SDK_v1.5.1/pico-sdk/lib/tinyusb/src/common/tusb_fifo.c.obj
                0x10006ad0                tu_fifo_remaining
 .text.tu_fifo_read
                0x10006afc       0x42 CMakeFiles/pulsox.dir/C_/Program_Files/Raspberry_Pi/Pico_SDK_v1.5.1/pico-sdk/lib/tinyusb/src/common/tusb_fifo.c.obj
                0x10006afc                tu_fifo_read
 .text.tu_fifo_read_n
                0x10006b3e        0xa CMakeFiles/pulsox.dir/C_/Program_Files/Raspberry_Pi/Pico_SDK_v1.5.1/pico-sdk/lib/tinyusb/src/common/tusb_fifo.c.obj
                0x10006b3e                tu_fifo_read_n
 .text.tu_fifo_write
                0x10006b48       0x64 CMakeFiles/pulsox.dir/C_/Program_Files/Raspberry_Pi/Pico_SDK_v1.5.1/pico-sdk/lib/tinyusb/src/common/tusb_fifo.c.obj
                0x10006b48                tu_fifo_write
 .text.tu_fifo_write_n
                0x10006bac        0xa CMakeFiles/pulsox.dir/C_/Program_Files/Raspberry_Pi/Pico_SDK_v1.5.1/pico-sdk/lib/tinyusb/src/common/tusb_fifo.c.obj
                0x10006bac                tu_fifo_write_n
 .text.tu_fifo_clear
                0x10006bb6       0x3e CMakeFiles/pulsox.dir/C_/Program_Files/Raspberry_Pi/Pico_SDK_v1.5.1/pico-sdk/lib/tinyusb/src/common/tusb_fifo.c.obj
                0x10006bb6                tu_fifo_clear
 .text.tu_fifo_set_overwritable
                0x10006bf4       0x46 CMakeFiles/pulsox.dir/C_/Program_Files/Raspberry_Pi/Pico_SDK_v1.5.1/pico-sdk/lib/tinyusb/src/common/tusb_fifo.c.obj
                0x10006bf4                tu_fifo_set_overwritable
 *fill*         0x10006c3a        0x2 
 .text.cyw43_arch_set_async_context
                0x10006c3c        0xc CMakeFiles/pulsox.dir/C_/Program_Files/Raspberry_Pi/Pico_SDK_v1.5.1/pico-sdk/src/rp2_common/pico_cyw43_arch/cyw43_arch.c.obj
                0x10006c3c                cyw43_arch_set_async_context
 .text.cyw43_arch_async_context
                0x10006c48        0xc CMakeFiles/pulsox.dir/C_/Program_Files/Raspberry_Pi/Pico_SDK_v1.5.1/pico-sdk/src/rp2_common/pico_cyw43_arch/cyw43_arch.c.obj
                0x10006c48                cyw43_arch_async_context
 .text.cyw43_arch_init_default_async_context
                0x10006c54       0x20 CMakeFiles/pulsox.dir/C_/Program_Files/Raspberry_Pi/Pico_SDK_v1.5.1/pico-sdk/src/rp2_common/pico_cyw43_arch/cyw43_arch_threadsafe_background.c.obj
                0x10006c54                cyw43_arch_init_default_async_context
 .text.cyw43_arch_deinit
                0x10006c74       0x28 CMakeFiles/pulsox.dir/C_/Program_Files/Raspberry_Pi/Pico_SDK_v1.5.1/pico-sdk/src/rp2_common/pico_cyw43_arch/cyw43_arch_threadsafe_background.c.obj
                0x10006c74                cyw43_arch_deinit
 .text.cyw43_arch_init
                0x10006c9c       0x36 CMakeFiles/pulsox.dir/C_/Program_Files/Raspberry_Pi/Pico_SDK_v1.5.1/pico-sdk/src/rp2_common/pico_cyw43_arch/cyw43_arch_threadsafe_background.c.obj
                0x10006c9c                cyw43_arch_init
 *fill*         0x10006cd2        0x2 
 .text.cyw43_spi_deinit
                0x10006cd4       0x74 CMakeFiles/pulsox.dir/C_/Program_Files/Raspberry_Pi/Pico_SDK_v1.5.1/pico-sdk/src/rp2_common/pico_cyw43_driver/cyw43_bus_pio_spi.c.obj
                0x10006cd4                cyw43_spi_deinit
 .text.cyw43_ll_init
                0x10006d48       0x20 CMakeFiles/pulsox.dir/C_/Program_Files/Raspberry_Pi/Pico_SDK_v1.5.1/pico-sdk/lib/cyw43-driver/src/cyw43_ll.c.obj
                0x10006d48                cyw43_ll_init
 .text.cyw43_ll_deinit
                0x10006d68        0x8 CMakeFiles/pulsox.dir/C_/Program_Files/Raspberry_Pi/Pico_SDK_v1.5.1/pico-sdk/lib/cyw43-driver/src/cyw43_ll.c.obj
                0x10006d68                cyw43_ll_deinit
 .text.cyw43_init
                0x10006d70       0x8c CMakeFiles/pulsox.dir/C_/Program_Files/Raspberry_Pi/Pico_SDK_v1.5.1/pico-sdk/lib/cyw43-driver/src/cyw43_ctrl.c.obj
                0x10006d70                cyw43_init
 .text.cyw43_deinit
                0x10006dfc       0x3c CMakeFiles/pulsox.dir/C_/Program_Files/Raspberry_Pi/Pico_SDK_v1.5.1/pico-sdk/lib/cyw43-driver/src/cyw43_ctrl.c.obj
                0x10006dfc                cyw43_deinit
 .text.pio_sm_unclaim
                0x10006e38       0x20 CMakeFiles/pulsox.dir/C_/Program_Files/Raspberry_Pi/Pico_SDK_v1.5.1/pico-sdk/src/rp2_common/hardware_pio/pio.c.obj
                0x10006e38                pio_sm_unclaim
 .text.pio_remove_program
                0x10006e58       0x58 CMakeFiles/pulsox.dir/C_/Program_Files/Raspberry_Pi/Pico_SDK_v1.5.1/pico-sdk/src/rp2_common/hardware_pio/pio.c.obj
                0x10006e58                pio_remove_program
 .text.dma_channel_unclaim
                0x10006eb0       0x10 CMakeFiles/pulsox.dir/C_/Program_Files/Raspberry_Pi/Pico_SDK_v1.5.1/pico-sdk/src/rp2_common/hardware_dma/dma.c.obj
                0x10006eb0                dma_channel_unclaim
 .text.dma_channel_cleanup
                0x10006ec0       0x5c CMakeFiles/pulsox.dir/C_/Program_Files/Raspberry_Pi/Pico_SDK_v1.5.1/pico-sdk/src/rp2_common/hardware_dma/dma.c.obj
                0x10006ec0                dma_channel_cleanup
 .text.cyw43_sleep_timeout_reached
                0x10006f1c       0x50 CMakeFiles/pulsox.dir/C_/Program_Files/Raspberry_Pi/Pico_SDK_v1.5.1/pico-sdk/src/rp2_common/pico_cyw43_driver/cyw43_driver.c.obj
 .text.cyw43_set_irq_enabled
                0x10006f6c        0xe CMakeFiles/pulsox.dir/C_/Program_Files/Raspberry_Pi/Pico_SDK_v1.5.1/pico-sdk/src/rp2_common/pico_cyw43_driver/cyw43_driver.c.obj
 *fill*         0x10006f7a        0x2 
 .text.cyw43_irq_init
                0x10006f7c       0x50 CMakeFiles/pulsox.dir/C_/Program_Files/Raspberry_Pi/Pico_SDK_v1.5.1/pico-sdk/src/rp2_common/pico_cyw43_driver/cyw43_driver.c.obj
                0x10006f7c                cyw43_irq_init
 .text.cyw43_gpio_irq_handler
                0x10006fcc       0x40 CMakeFiles/pulsox.dir/C_/Program_Files/Raspberry_Pi/Pico_SDK_v1.5.1/pico-sdk/src/rp2_common/pico_cyw43_driver/cyw43_driver.c.obj
 .text.cyw43_irq_deinit
                0x1000700c       0x48 CMakeFiles/pulsox.dir/C_/Program_Files/Raspberry_Pi/Pico_SDK_v1.5.1/pico-sdk/src/rp2_common/pico_cyw43_driver/cyw43_driver.c.obj
                0x1000700c                cyw43_irq_deinit
 .text.cyw43_do_poll
                0x10007054       0xc8 CMakeFiles/pulsox.dir/C_/Program_Files/Raspberry_Pi/Pico_SDK_v1.5.1/pico-sdk/src/rp2_common/pico_cyw43_driver/cyw43_driver.c.obj
 .text.cyw43_driver_init
                0x1000711c       0x38 CMakeFiles/pulsox.dir/C_/Program_Files/Raspberry_Pi/Pico_SDK_v1.5.1/pico-sdk/src/rp2_common/pico_cyw43_driver/cyw43_driver.c.obj
                0x1000711c                cyw43_driver_init
 .text.cyw43_driver_deinit
                0x10007154       0x64 CMakeFiles/pulsox.dir/C_/Program_Files/Raspberry_Pi/Pico_SDK_v1.5.1/pico-sdk/src/rp2_common/pico_cyw43_driver/cyw43_driver.c.obj
                0x10007154                cyw43_driver_deinit
 .text.cyw43_thread_enter
                0x100071b8       0x14 CMakeFiles/pulsox.dir/C_/Program_Files/Raspberry_Pi/Pico_SDK_v1.5.1/pico-sdk/src/rp2_common/pico_cyw43_driver/cyw43_driver.c.obj
                0x100071b8                cyw43_thread_enter
 .text.cyw43_thread_exit
                0x100071cc       0x14 CMakeFiles/pulsox.dir/C_/Program_Files/Raspberry_Pi/Pico_SDK_v1.5.1/pico-sdk/src/rp2_common/pico_cyw43_driver/cyw43_driver.c.obj
                0x100071cc                cyw43_thread_exit
 .text.cyw43_cb_tcpip_deinit
                0x100071e0        0x2 CMakeFiles/pulsox.dir/C_/Program_Files/Raspberry_Pi/Pico_SDK_v1.5.1/pico-sdk/src/rp2_common/pico_cyw43_driver/cyw43_driver.c.obj
                0x100071e0                cyw43_cb_tcpip_deinit
 .text.async_context_threadsafe_background_acquire_lock_blocking
                0x100071e2        0xa CMakeFiles/pulsox.dir/C_/Program_Files/Raspberry_Pi/Pico_SDK_v1.5.1/pico-sdk/src/rp2_common/pico_async_context/async_context_threadsafe_background.c.obj
 .text.async_context_threadsafe_background_wake_up
                0x100071ec       0x16 CMakeFiles/pulsox.dir/C_/Program_Files/Raspberry_Pi/Pico_SDK_v1.5.1/pico-sdk/src/rp2_common/pico_async_context/async_context_threadsafe_background.c.obj
 .text.alarm_handler
                0x10007202       0x14 CMakeFiles/pulsox.dir/C_/Program_Files/Raspberry_Pi/Pico_SDK_v1.5.1/pico-sdk/src/rp2_common/pico_async_context/async_context_threadsafe_background.c.obj
 .text.async_context_threadsafe_background_set_work_pending
                0x10007216        0xc CMakeFiles/pulsox.dir/C_/Program_Files/Raspberry_Pi/Pico_SDK_v1.5.1/pico-sdk/src/rp2_common/pico_async_context/async_context_threadsafe_background.c.obj
 *fill*         0x10007222        0x2 
 .text.async_context_threadsafe_background_lock_check
                0x10007224       0x2c CMakeFiles/pulsox.dir/C_/Program_Files/Raspberry_Pi/Pico_SDK_v1.5.1/pico-sdk/src/rp2_common/pico_async_context/async_context_threadsafe_background.c.obj
 .text.process_under_lock
                0x10007250       0xfc CMakeFiles/pulsox.dir/C_/Program_Files/Raspberry_Pi/Pico_SDK_v1.5.1/pico-sdk/src/rp2_common/pico_async_context/async_context_threadsafe_background.c.obj
 .text.lock_release
                0x1000734c       0x1e CMakeFiles/pulsox.dir/C_/Program_Files/Raspberry_Pi/Pico_SDK_v1.5.1/pico-sdk/src/rp2_common/pico_async_context/async_context_threadsafe_background.c.obj
 .text.async_context_threadsafe_background_execute_sync
                0x1000736a       0x1e CMakeFiles/pulsox.dir/C_/Program_Files/Raspberry_Pi/Pico_SDK_v1.5.1/pico-sdk/src/rp2_common/pico_async_context/async_context_threadsafe_background.c.obj
                0x1000736a                async_context_threadsafe_background_execute_sync
 .text.async_context_threadsafe_background_release_lock
                0x10007388        0x8 CMakeFiles/pulsox.dir/C_/Program_Files/Raspberry_Pi/Pico_SDK_v1.5.1/pico-sdk/src/rp2_common/pico_async_context/async_context_threadsafe_background.c.obj
 .text.low_prio_irq_deinit
                0x10007390       0x50 CMakeFiles/pulsox.dir/C_/Program_Files/Raspberry_Pi/Pico_SDK_v1.5.1/pico-sdk/src/rp2_common/pico_async_context/async_context_threadsafe_background.c.obj
 .text.async_context_threadsafe_background_deinit
                0x100073e0       0x58 CMakeFiles/pulsox.dir/C_/Program_Files/Raspberry_Pi/Pico_SDK_v1.5.1/pico-sdk/src/rp2_common/pico_async_context/async_context_threadsafe_background.c.obj
 .text.low_priority_irq_handler
                0x10007438       0x78 CMakeFiles/pulsox.dir/C_/Program_Files/Raspberry_Pi/Pico_SDK_v1.5.1/pico-sdk/src/rp2_common/pico_async_context/async_context_threadsafe_background.c.obj
 .text.async_context_threadsafe_background_wait_for_work_until
                0x100074b0        0xa CMakeFiles/pulsox.dir/C_/Program_Files/Raspberry_Pi/Pico_SDK_v1.5.1/pico-sdk/src/rp2_common/pico_async_context/async_context_threadsafe_background.c.obj
 .text.async_context_threadsafe_background_wait_until
                0x100074ba       0x1a CMakeFiles/pulsox.dir/C_/Program_Files/Raspberry_Pi/Pico_SDK_v1.5.1/pico-sdk/src/rp2_common/pico_async_context/async_context_threadsafe_background.c.obj
 .text.async_context_threadsafe_background_when_pending_worker
                0x100074d4       0x20 CMakeFiles/pulsox.dir/C_/Program_Files/Raspberry_Pi/Pico_SDK_v1.5.1/pico-sdk/src/rp2_common/pico_async_context/async_context_threadsafe_background.c.obj
 .text.async_context_threadsafe_background_add_when_pending_worker
                0x100074f4       0x20 CMakeFiles/pulsox.dir/C_/Program_Files/Raspberry_Pi/Pico_SDK_v1.5.1/pico-sdk/src/rp2_common/pico_async_context/async_context_threadsafe_background.c.obj
 .text.async_context_threadsafe_background_remove_at_time_worker
                0x10007514       0x20 CMakeFiles/pulsox.dir/C_/Program_Files/Raspberry_Pi/Pico_SDK_v1.5.1/pico-sdk/src/rp2_common/pico_async_context/async_context_threadsafe_background.c.obj
 .text.async_context_threadsafe_background_add_at_time_worker
                0x10007534       0x20 CMakeFiles/pulsox.dir/C_/Program_Files/Raspberry_Pi/Pico_SDK_v1.5.1/pico-sdk/src/rp2_common/pico_async_context/async_context_threadsafe_background.c.obj
 .text.low_prio_irq_init
                0x10007554       0x80 CMakeFiles/pulsox.dir/C_/Program_Files/Raspberry_Pi/Pico_SDK_v1.5.1/pico-sdk/src/rp2_common/pico_async_context/async_context_threadsafe_background.c.obj
 .text.async_context_threadsafe_background_default_config
                0x100075d4        0xa CMakeFiles/pulsox.dir/C_/Program_Files/Raspberry_Pi/Pico_SDK_v1.5.1/pico-sdk/src/rp2_common/pico_async_context/async_context_threadsafe_background.c.obj
                0x100075d4                async_context_threadsafe_background_default_config
 *fill*         0x100075de        0x2 
 .text.async_context_threadsafe_background_init
                0x100075e0       0x74 CMakeFiles/pulsox.dir/C_/Program_Files/Raspberry_Pi/Pico_SDK_v1.5.1/pico-sdk/src/rp2_common/pico_async_context/async_context_threadsafe_background.c.obj
                0x100075e0                async_context_threadsafe_background_init
 .text.async_context_base_add_at_time_worker
                0x10007654       0x1c CMakeFiles/pulsox.dir/C_/Program_Files/Raspberry_Pi/Pico_SDK_v1.5.1/pico-sdk/src/rp2_common/pico_async_context/async_context_base.c.obj
                0x10007654                async_context_base_add_at_time_worker
 .text.async_context_base_remove_at_time_worker
                0x10007670       0x1c CMakeFiles/pulsox.dir/C_/Program_Files/Raspberry_Pi/Pico_SDK_v1.5.1/pico-sdk/src/rp2_common/pico_async_context/async_context_base.c.obj
                0x10007670                async_context_base_remove_at_time_worker
 .text.async_context_base_add_when_pending_worker
                0x1000768c       0x1c CMakeFiles/pulsox.dir/C_/Program_Files/Raspberry_Pi/Pico_SDK_v1.5.1/pico-sdk/src/rp2_common/pico_async_context/async_context_base.c.obj
                0x1000768c                async_context_base_add_when_pending_worker
 .text.async_context_base_remove_when_pending_worker
                0x100076a8       0x1c CMakeFiles/pulsox.dir/C_/Program_Files/Raspberry_Pi/Pico_SDK_v1.5.1/pico-sdk/src/rp2_common/pico_async_context/async_context_base.c.obj
                0x100076a8                async_context_base_remove_when_pending_worker
 .text.async_context_base_remove_ready_at_time_worker
                0x100076c4       0x94 CMakeFiles/pulsox.dir/C_/Program_Files/Raspberry_Pi/Pico_SDK_v1.5.1/pico-sdk/src/rp2_common/pico_async_context/async_context_base.c.obj
                0x100076c4                async_context_base_remove_ready_at_time_worker
 .text.async_context_base_refresh_next_timeout
                0x10007758       0x4c CMakeFiles/pulsox.dir/C_/Program_Files/Raspberry_Pi/Pico_SDK_v1.5.1/pico-sdk/src/rp2_common/pico_async_context/async_context_base.c.obj
                0x10007758                async_context_base_refresh_next_timeout
 .text.async_context_base_execute_once
                0x100077a4       0x48 CMakeFiles/pulsox.dir/C_/Program_Files/Raspberry_Pi/Pico_SDK_v1.5.1/pico-sdk/src/rp2_common/pico_async_context/async_context_base.c.obj
                0x100077a4                async_context_base_execute_once
 .text.i2c_write_blocking_internal
                0x100077ec      0x140 CMakeFiles/pulsox.dir/C_/Program_Files/Raspberry_Pi/Pico_SDK_v1.5.1/pico-sdk/src/rp2_common/hardware_i2c/i2c.c.obj
 .text.i2c_read_blocking_internal
                0x1000792c       0xe6 CMakeFiles/pulsox.dir/C_/Program_Files/Raspberry_Pi/Pico_SDK_v1.5.1/pico-sdk/src/rp2_common/hardware_i2c/i2c.c.obj
 *fill*         0x10007a12        0x2 
 .text.i2c_set_baudrate
                0x10007a14       0xf0 CMakeFiles/pulsox.dir/C_/Program_Files/Raspberry_Pi/Pico_SDK_v1.5.1/pico-sdk/src/rp2_common/hardware_i2c/i2c.c.obj
                0x10007a14                i2c_set_baudrate
 .text.i2c_init
                0x10007b04       0x58 CMakeFiles/pulsox.dir/C_/Program_Files/Raspberry_Pi/Pico_SDK_v1.5.1/pico-sdk/src/rp2_common/hardware_i2c/i2c.c.obj
                0x10007b04                i2c_init
 .text.i2c_write_blocking
                0x10007b5c       0x18 CMakeFiles/pulsox.dir/C_/Program_Files/Raspberry_Pi/Pico_SDK_v1.5.1/pico-sdk/src/rp2_common/hardware_i2c/i2c.c.obj
                0x10007b5c                i2c_write_blocking
 .text.i2c_read_blocking
                0x10007b74       0x18 CMakeFiles/pulsox.dir/C_/Program_Files/Raspberry_Pi/Pico_SDK_v1.5.1/pico-sdk/src/rp2_common/hardware_i2c/i2c.c.obj
                0x10007b74                i2c_read_blocking
 .text.strlen   0x10007b8c       0x5c c:/progra~1/raspbe~1/picosd~1.1/gcc-ar~1/bin/../lib/gcc/arm-none-eabi/10.3.1/../../../../arm-none-eabi/lib/thumb/v6-m/nofp\libg.a(lib_a-strlen-stub.o)
                0x10007b8c                strlen
 *(.fini)
 .fini          0x10007be8        0x4 c:/progra~1/raspbe~1/picosd~1.1/gcc-ar~1/bin/../lib/gcc/arm-none-eabi/10.3.1/thumb/v6-m/nofp/crti.o
                0x10007be8                _fini
 *fill*         0x10007bec        0x4 
 .fini.__stub   0x10007bf0      0x130 linker stubs
 *crtbegin.o(.ctors)
 *crtbegin?.o(.ctors)
 *(EXCLUDE_FILE(*crtend.o *crtend?.o) .ctors)
 *(SORT_BY_NAME(.ctors.*))
 *(.ctors)
 *crtbegin.o(.dtors)
 *crtbegin?.o(.dtors)
 *(EXCLUDE_FILE(*crtend.o *crtend?.o) .dtors)
 *(SORT_BY_NAME(.dtors.*))
 *(.dtors)
 *(.eh_frame*)
 .eh_frame      0x10007d20        0x0 c:/progra~1/raspbe~1/picosd~1.1/gcc-ar~1/bin/../lib/gcc/arm-none-eabi/10.3.1/thumb/v6-m/nofp/crtbegin.o
                0x10007d20                . = ALIGN (0x4)

.glue_7         0x10007d20        0x0
 .glue_7        0x10007d20        0x0 linker stubs

.glue_7t        0x10007d20        0x0
 .glue_7t       0x10007d20        0x0 linker stubs

.vfp11_veneer   0x10007d20        0x0
 .vfp11_veneer  0x10007d20        0x0 linker stubs

.v4_bx          0x10007d20        0x0
 .v4_bx         0x10007d20        0x0 linker stubs

.iplt           0x10007d20        0x0
 .iplt          0x10007d20        0x0 c:/progra~1/raspbe~1/picosd~1.1/gcc-ar~1/bin/../lib/gcc/arm-none-eabi/10.3.1/thumb/v6-m/nofp/crtbegin.o

.rodata         0x10007d20     0x1ff4
 *(EXCLUDE_FILE(*libm.a: *libc.a:*lib_a-mem*.o *libgcc.a:) .rodata*)
 .rodata.main.str1.4
                0x10007d20       0x25 CMakeFiles/pulsox.dir/main.c.obj
 *fill*         0x10007d45        0x3 
 .rodata.str1.4
                0x10007d48       0x1c CMakeFiles/pulsox.dir/main.c.obj
 .rodata.__bi_55.0
                0x10007d64        0xc CMakeFiles/pulsox.dir/main.c.obj
 .rodata.__bi_56.1
                0x10007d70        0xc CMakeFiles/pulsox.dir/main.c.obj
 .rodata.__bi_57.2
                0x10007d7c        0x8 CMakeFiles/pulsox.dir/main.c.obj
 .rodata.bus_scan.str1.4
                0x10007d84       0x17 CMakeFiles/pulsox.dir/max30100.c.obj
 *fill*         0x10007d9b        0x1 
 .rodata.gpio_add_raw_irq_handler_with_order_priority_masked.str1.4
                0x10007d9c       0x87 CMakeFiles/pulsox.dir/C_/Program_Files/Raspberry_Pi/Pico_SDK_v1.5.1/pico-sdk/src/rp2_common/hardware_gpio/gpio.c.obj
 *fill*         0x10007e23        0x1 
 .rodata.gpio_remove_raw_irq_handler_masked.str1.4
                0x10007e24       0x29 CMakeFiles/pulsox.dir/C_/Program_Files/Raspberry_Pi/Pico_SDK_v1.5.1/pico-sdk/src/rp2_common/hardware_gpio/gpio.c.obj
 *fill*         0x10007e4d        0x3 
 .rodata.__func__.0
                0x10007e50       0x23 CMakeFiles/pulsox.dir/C_/Program_Files/Raspberry_Pi/Pico_SDK_v1.5.1/pico-sdk/src/rp2_common/hardware_gpio/gpio.c.obj
 *fill*         0x10007e73        0x1 
 .rodata.__func__.1
                0x10007e74       0x34 CMakeFiles/pulsox.dir/C_/Program_Files/Raspberry_Pi/Pico_SDK_v1.5.1/pico-sdk/src/rp2_common/hardware_gpio/gpio.c.obj
 .rodata.hw_claim_clear.str1.4
                0x10007ea8       0x7d CMakeFiles/pulsox.dir/C_/Program_Files/Raspberry_Pi/Pico_SDK_v1.5.1/pico-sdk/src/rp2_common/hardware_claim/claim.c.obj
 *fill*         0x10007f25        0x3 
 .rodata.__func__.0
                0x10007f28        0xf CMakeFiles/pulsox.dir/C_/Program_Files/Raspberry_Pi/Pico_SDK_v1.5.1/pico-sdk/src/rp2_common/hardware_claim/claim.c.obj
 *fill*         0x10007f37        0x1 
 .rodata.spin_lock_claim_unused.str1.4
                0x10007f38       0x1b CMakeFiles/pulsox.dir/C_/Program_Files/Raspberry_Pi/Pico_SDK_v1.5.1/pico-sdk/src/rp2_common/hardware_sync/sync.c.obj
 *fill*         0x10007f53        0x1 
 .rodata.make_branch.str1.4
                0x10007f54       0x89 CMakeFiles/pulsox.dir/C_/Program_Files/Raspberry_Pi/Pico_SDK_v1.5.1/pico-sdk/src/rp2_common/hardware_irq/irq.c.obj
 *fill*         0x10007fdd        0x3 
 .rodata.insert_branch_and_link.str1.4
                0x10007fe0       0x10 CMakeFiles/pulsox.dir/C_/Program_Files/Raspberry_Pi/Pico_SDK_v1.5.1/pico-sdk/src/rp2_common/hardware_irq/irq.c.obj
 .rodata.irq_set_exclusive_handler.str1.4
                0x10007ff0       0x36 CMakeFiles/pulsox.dir/C_/Program_Files/Raspberry_Pi/Pico_SDK_v1.5.1/pico-sdk/src/rp2_common/hardware_irq/irq.c.obj
 *fill*         0x10008026        0x2 
 .rodata.irq_add_shared_handler.str1.4
                0x10008028       0xd9 CMakeFiles/pulsox.dir/C_/Program_Files/Raspberry_Pi/Pico_SDK_v1.5.1/pico-sdk/src/rp2_common/hardware_irq/irq.c.obj
 *fill*         0x10008101        0x3 
 .rodata.irq_remove_handler.str1.4
                0x10008104       0x3a CMakeFiles/pulsox.dir/C_/Program_Files/Raspberry_Pi/Pico_SDK_v1.5.1/pico-sdk/src/rp2_common/hardware_irq/irq.c.obj
 *fill*         0x1000813e        0x2 
 .rodata.irq_add_tail_to_free_list.str1.4
                0x10008140       0x3a CMakeFiles/pulsox.dir/C_/Program_Files/Raspberry_Pi/Pico_SDK_v1.5.1/pico-sdk/src/rp2_common/hardware_irq/irq.c.obj
 *fill*         0x1000817a        0x2 
 .rodata.user_irq_claim_unused.str1.4
                0x1000817c       0x1b CMakeFiles/pulsox.dir/C_/Program_Files/Raspberry_Pi/Pico_SDK_v1.5.1/pico-sdk/src/rp2_common/hardware_irq/irq.c.obj
 *fill*         0x10008197        0x1 
 .rodata.__func__.0
                0x10008198       0x1a CMakeFiles/pulsox.dir/C_/Program_Files/Raspberry_Pi/Pico_SDK_v1.5.1/pico-sdk/src/rp2_common/hardware_irq/irq.c.obj
 *fill*         0x100081b2        0x2 
 .rodata.__func__.1
                0x100081b4       0x17 CMakeFiles/pulsox.dir/C_/Program_Files/Raspberry_Pi/Pico_SDK_v1.5.1/pico-sdk/src/rp2_common/hardware_irq/irq.c.obj
 *fill*         0x100081cb        0x1 
 .rodata.__func__.2
                0x100081cc       0x13 CMakeFiles/pulsox.dir/C_/Program_Files/Raspberry_Pi/Pico_SDK_v1.5.1/pico-sdk/src/rp2_common/hardware_irq/irq.c.obj
 *fill*         0x100081df        0x1 
 .rodata.__func__.3
                0x100081e0        0xc CMakeFiles/pulsox.dir/C_/Program_Files/Raspberry_Pi/Pico_SDK_v1.5.1/pico-sdk/src/rp2_common/hardware_irq/irq.c.obj
 .rodata.__func__.4
                0x100081ec        0xf CMakeFiles/pulsox.dir/C_/Program_Files/Raspberry_Pi/Pico_SDK_v1.5.1/pico-sdk/src/rp2_common/hardware_irq/irq.c.obj
 *fill*         0x100081fb        0x1 
 .rodata.__func__.5
                0x100081fc       0x17 CMakeFiles/pulsox.dir/C_/Program_Files/Raspberry_Pi/Pico_SDK_v1.5.1/pico-sdk/src/rp2_common/hardware_irq/irq.c.obj
 *fill*         0x10008213        0x1 
 .rodata.__func__.6
                0x10008214       0x1a CMakeFiles/pulsox.dir/C_/Program_Files/Raspberry_Pi/Pico_SDK_v1.5.1/pico-sdk/src/rp2_common/hardware_irq/irq.c.obj
 *fill*         0x1000822e        0x2 
 .rodata.str1.4
                0x10008230      0x125 CMakeFiles/pulsox.dir/C_/Program_Files/Raspberry_Pi/Pico_SDK_v1.5.1/pico-sdk/src/common/pico_sync/mutex.c.obj
 *fill*         0x10008355        0x3 
 .rodata.__func__.0
                0x10008358       0x15 CMakeFiles/pulsox.dir/C_/Program_Files/Raspberry_Pi/Pico_SDK_v1.5.1/pico-sdk/src/common/pico_sync/mutex.c.obj
 *fill*         0x1000836d        0x3 
 .rodata.__func__.1
                0x10008370        0xb CMakeFiles/pulsox.dir/C_/Program_Files/Raspberry_Pi/Pico_SDK_v1.5.1/pico-sdk/src/common/pico_sync/mutex.c.obj
 *fill*         0x1000837b        0x1 
 .rodata.__func__.3
                0x1000837c       0x18 CMakeFiles/pulsox.dir/C_/Program_Files/Raspberry_Pi/Pico_SDK_v1.5.1/pico-sdk/src/common/pico_sync/mutex.c.obj
 .rodata.__func__.4
                0x10008394       0x15 CMakeFiles/pulsox.dir/C_/Program_Files/Raspberry_Pi/Pico_SDK_v1.5.1/pico-sdk/src/common/pico_sync/mutex.c.obj
 *fill*         0x100083a9        0x3 
 .rodata.__func__.5
                0x100083ac       0x1a CMakeFiles/pulsox.dir/C_/Program_Files/Raspberry_Pi/Pico_SDK_v1.5.1/pico-sdk/src/common/pico_sync/mutex.c.obj
 *fill*         0x100083c6        0x2 
 .rodata.__func__.6
                0x100083c8       0x1f CMakeFiles/pulsox.dir/C_/Program_Files/Raspberry_Pi/Pico_SDK_v1.5.1/pico-sdk/src/common/pico_sync/mutex.c.obj
 *fill*         0x100083e7        0x1 
 .rodata.repeating_timer_callback.str1.4
                0x100083e8       0x67 CMakeFiles/pulsox.dir/C_/Program_Files/Raspberry_Pi/Pico_SDK_v1.5.1/pico-sdk/src/common/pico_time/time.c.obj
 *fill*         0x1000844f        0x1 
 .rodata.timer_pool_entry_comparator.str1.4
                0x10008450       0x22 CMakeFiles/pulsox.dir/C_/Program_Files/Raspberry_Pi/Pico_SDK_v1.5.1/pico-sdk/src/common/pico_time/time.c.obj
 *fill*         0x10008472        0x2 
 .rodata.ph_add_child_node.str1.4
                0x10008474       0xb2 CMakeFiles/pulsox.dir/C_/Program_Files/Raspberry_Pi/Pico_SDK_v1.5.1/pico-sdk/src/common/pico_time/time.c.obj
 *fill*         0x10008526        0x2 
 .rodata.add_alarm_under_lock.str1.4
                0x10008528       0x28 CMakeFiles/pulsox.dir/C_/Program_Files/Raspberry_Pi/Pico_SDK_v1.5.1/pico-sdk/src/common/pico_time/time.c.obj
                                 0x2b (size before relaxing)
 .rodata.alarm_pool_alarm_callback.str1.4
                0x10008550       0x98 CMakeFiles/pulsox.dir/C_/Program_Files/Raspberry_Pi/Pico_SDK_v1.5.1/pico-sdk/src/common/pico_time/time.c.obj
                                0x118 (size before relaxing)
 .rodata.alarm_pool_get_default.str1.4
                0x100085e8       0x21 CMakeFiles/pulsox.dir/C_/Program_Files/Raspberry_Pi/Pico_SDK_v1.5.1/pico-sdk/src/common/pico_time/time.c.obj
 *fill*         0x10008609        0x3 
 .rodata.alarm_pool_cancel_alarm.str1.4
                0x1000860c       0x27 CMakeFiles/pulsox.dir/C_/Program_Files/Raspberry_Pi/Pico_SDK_v1.5.1/pico-sdk/src/common/pico_time/time.c.obj
 *fill*         0x10008633        0x1 
 .rodata.sleep_until.str1.4
                0x10008634       0x4d CMakeFiles/pulsox.dir/C_/Program_Files/Raspberry_Pi/Pico_SDK_v1.5.1/pico-sdk/src/common/pico_time/time.c.obj
 *fill*         0x10008681        0x3 
 .rodata.__func__.1
                0x10008684       0x18 CMakeFiles/pulsox.dir/C_/Program_Files/Raspberry_Pi/Pico_SDK_v1.5.1/pico-sdk/src/common/pico_time/time.c.obj
 .rodata.__func__.10
                0x1000869c       0x15 CMakeFiles/pulsox.dir/C_/Program_Files/Raspberry_Pi/Pico_SDK_v1.5.1/pico-sdk/src/common/pico_time/time.c.obj
 *fill*         0x100086b1        0x3 
 .rodata.__func__.11
                0x100086b4       0x1a CMakeFiles/pulsox.dir/C_/Program_Files/Raspberry_Pi/Pico_SDK_v1.5.1/pico-sdk/src/common/pico_time/time.c.obj
 *fill*         0x100086ce        0x2 
 .rodata.__func__.12
                0x100086d0        0xa CMakeFiles/pulsox.dir/C_/Program_Files/Raspberry_Pi/Pico_SDK_v1.5.1/pico-sdk/src/common/pico_time/time.c.obj
 *fill*         0x100086da        0x2 
 .rodata.__func__.3
                0x100086dc       0x17 CMakeFiles/pulsox.dir/C_/Program_Files/Raspberry_Pi/Pico_SDK_v1.5.1/pico-sdk/src/common/pico_time/time.c.obj
 *fill*         0x100086f3        0x1 
 .rodata.__func__.4
                0x100086f4       0x12 CMakeFiles/pulsox.dir/C_/Program_Files/Raspberry_Pi/Pico_SDK_v1.5.1/pico-sdk/src/common/pico_time/time.c.obj
 *fill*         0x10008706        0x2 
 .rodata.__func__.5
                0x10008708        0xd CMakeFiles/pulsox.dir/C_/Program_Files/Raspberry_Pi/Pico_SDK_v1.5.1/pico-sdk/src/common/pico_time/time.c.obj
 *fill*         0x10008715        0x3 
 .rodata.__func__.6
                0x10008718       0x12 CMakeFiles/pulsox.dir/C_/Program_Files/Raspberry_Pi/Pico_SDK_v1.5.1/pico-sdk/src/common/pico_time/time.c.obj
 *fill*         0x1000872a        0x2 
 .rodata.__func__.7
                0x1000872c        0xf CMakeFiles/pulsox.dir/C_/Program_Files/Raspberry_Pi/Pico_SDK_v1.5.1/pico-sdk/src/common/pico_time/time.c.obj
 *fill*         0x1000873b        0x1 
 .rodata.__func__.8
                0x1000873c        0xc CMakeFiles/pulsox.dir/C_/Program_Files/Raspberry_Pi/Pico_SDK_v1.5.1/pico-sdk/src/common/pico_time/time.c.obj
 .rodata.__func__.9
                0x10008748       0x15 CMakeFiles/pulsox.dir/C_/Program_Files/Raspberry_Pi/Pico_SDK_v1.5.1/pico-sdk/src/common/pico_time/time.c.obj
 *fill*         0x1000875d        0x3 
 .rodata.at_the_end_of_time
                0x10008760        0x8 CMakeFiles/pulsox.dir/C_/Program_Files/Raspberry_Pi/Pico_SDK_v1.5.1/pico-sdk/src/common/pico_time/time.c.obj
                0x10008760                at_the_end_of_time
 .rodata.hardware_alarm_claim.str1.4
                0x10008768       0x22 CMakeFiles/pulsox.dir/C_/Program_Files/Raspberry_Pi/Pico_SDK_v1.5.1/pico-sdk/src/rp2_common/hardware_timer/timer.c.obj
 *fill*         0x1000878a        0x2 
 .rodata.hardware_alarm_set_target.str1.4
                0x1000878c       0x81 CMakeFiles/pulsox.dir/C_/Program_Files/Raspberry_Pi/Pico_SDK_v1.5.1/pico-sdk/src/rp2_common/hardware_timer/timer.c.obj
 *fill*         0x1000880d        0x3 
 .rodata.__func__.0
                0x10008810       0x1a CMakeFiles/pulsox.dir/C_/Program_Files/Raspberry_Pi/Pico_SDK_v1.5.1/pico-sdk/src/rp2_common/hardware_timer/timer.c.obj
 .rodata.ph_add_child_node.str1.4
                0x1000882a       0xb2 CMakeFiles/pulsox.dir/C_/Program_Files/Raspberry_Pi/Pico_SDK_v1.5.1/pico-sdk/src/common/pico_util/pheap.c.obj
 *fill*         0x1000882a        0x2 
 .rodata.ph_remove_any_head.str1.4
                0x1000882c       0xa8 CMakeFiles/pulsox.dir/C_/Program_Files/Raspberry_Pi/Pico_SDK_v1.5.1/pico-sdk/src/common/pico_util/pheap.c.obj
                                 0xbc (size before relaxing)
 .rodata.ph_remove_and_free_node.str1.4
                0x100088d4       0x1e CMakeFiles/pulsox.dir/C_/Program_Files/Raspberry_Pi/Pico_SDK_v1.5.1/pico-sdk/src/common/pico_util/pheap.c.obj
                                 0x26 (size before relaxing)
 *fill*         0x100088f2        0x2 
 .rodata.__func__.0
                0x100088f4       0x18 CMakeFiles/pulsox.dir/C_/Program_Files/Raspberry_Pi/Pico_SDK_v1.5.1/pico-sdk/src/common/pico_util/pheap.c.obj
 .rodata.__func__.1
                0x1000890c       0x13 CMakeFiles/pulsox.dir/C_/Program_Files/Raspberry_Pi/Pico_SDK_v1.5.1/pico-sdk/src/common/pico_util/pheap.c.obj
 *fill*         0x1000891f        0x1 
 .rodata.__func__.2
                0x10008920       0x12 CMakeFiles/pulsox.dir/C_/Program_Files/Raspberry_Pi/Pico_SDK_v1.5.1/pico-sdk/src/common/pico_util/pheap.c.obj
 *fill*         0x10008932        0x2 
 .rodata.__func__.3
                0x10008934        0xc CMakeFiles/pulsox.dir/C_/Program_Files/Raspberry_Pi/Pico_SDK_v1.5.1/pico-sdk/src/common/pico_util/pheap.c.obj
 .rodata.clock_configure.str1.4
                0x10008940       0x73 CMakeFiles/pulsox.dir/C_/Program_Files/Raspberry_Pi/Pico_SDK_v1.5.1/pico-sdk/src/rp2_common/hardware_clocks/clocks.c.obj
 *fill*         0x100089b3        0x1 
 .rodata.__func__.1
                0x100089b4       0x10 CMakeFiles/pulsox.dir/C_/Program_Files/Raspberry_Pi/Pico_SDK_v1.5.1/pico-sdk/src/rp2_common/hardware_clocks/clocks.c.obj
 .rodata.pll_init.str1.4
                0x100089c4      0x140 CMakeFiles/pulsox.dir/C_/Program_Files/Raspberry_Pi/Pico_SDK_v1.5.1/pico-sdk/src/rp2_common/hardware_pll/pll.c.obj
 .rodata.__func__.0
                0x10008b04        0x9 CMakeFiles/pulsox.dir/C_/Program_Files/Raspberry_Pi/Pico_SDK_v1.5.1/pico-sdk/src/rp2_common/hardware_pll/pll.c.obj
 *fill*         0x10008b0d        0x3 
 .rodata.__assert_func.str1.4
                0x10008b10       0x3f CMakeFiles/pulsox.dir/C_/Program_Files/Raspberry_Pi/Pico_SDK_v1.5.1/pico-sdk/src/rp2_common/pico_runtime/runtime.c.obj
                                 0x43 (size before relaxing)
 *fill*         0x10008b4f        0x1 
 .rodata.runtime_init.str1.4
                0x10008b50       0x7d CMakeFiles/pulsox.dir/C_/Program_Files/Raspberry_Pi/Pico_SDK_v1.5.1/pico-sdk/src/rp2_common/pico_runtime/runtime.c.obj
 *fill*         0x10008bcd        0x3 
 .rodata.panic.str1.4
                0x10008bd0       0x12 CMakeFiles/pulsox.dir/C_/Program_Files/Raspberry_Pi/Pico_SDK_v1.5.1/pico-sdk/src/rp2_common/pico_runtime/runtime.c.obj
 *fill*         0x10008be2        0x2 
 .rodata.__func__.2